<?xml version="1.0"?>
<link_info>
   <banner>MSP430 Linker PC v15.12.1.LTS</banner>
   <copyright>Copyright (c) 2003-2015 Texas Instruments Incorporated</copyright>
   <link_time>0x5827a2c4</link_time>
   <link_errors>0x0</link_errors>
   <output_file>sd_demo.out</output_file>
   <entry_point>
      <name>_c_int00_noargs_noexit</name>
      <address>0x442a</address>
   </entry_point>
   <input_file_list>
      <input_file id="fl-2">
         <path>.\</path>
         <kind>object</kind>
         <file>FRAMLogMode.obj</file>
         <name>FRAMLogMode.obj</name>
      </input_file>
      <input_file id="fl-3">
         <path>.\</path>
         <kind>object</kind>
         <file>LiveTempMode.obj</file>
         <name>LiveTempMode.obj</name>
      </input_file>
      <input_file id="fl-4">
         <path>.\</path>
         <kind>object</kind>
         <file>SDCardLogMode.obj</file>
         <name>SDCardLogMode.obj</name>
      </input_file>
      <input_file id="fl-5">
         <path>.\</path>
         <kind>object</kind>
         <file>main.obj</file>
         <name>main.obj</name>
      </input_file>
      <input_file id="fl-6">
         <path>.\FatFs\</path>
         <kind>object</kind>
         <file>ff.obj</file>
         <name>ff.obj</name>
      </input_file>
      <input_file id="fl-7">
         <path>.\FatFs\</path>
         <kind>object</kind>
         <file>mmc.obj</file>
         <name>mmc.obj</name>
      </input_file>
      <input_file id="fl-8">
         <path>.\HAL\</path>
         <kind>object</kind>
         <file>HAL_SDCard.obj</file>
         <name>HAL_SDCard.obj</name>
      </input_file>
      <input_file id="fl-9">
         <path>.\MSP430FR5xx_6xx\</path>
         <kind>object</kind>
         <file>adc12_b.obj</file>
         <name>adc12_b.obj</name>
      </input_file>
      <input_file id="fl-a">
         <path>.\MSP430FR5xx_6xx\</path>
         <kind>object</kind>
         <file>aes256.obj</file>
         <name>aes256.obj</name>
      </input_file>
      <input_file id="fl-b">
         <path>.\MSP430FR5xx_6xx\</path>
         <kind>object</kind>
         <file>comp_e.obj</file>
         <name>comp_e.obj</name>
      </input_file>
      <input_file id="fl-c">
         <path>.\MSP430FR5xx_6xx\</path>
         <kind>object</kind>
         <file>crc.obj</file>
         <name>crc.obj</name>
      </input_file>
      <input_file id="fl-d">
         <path>.\MSP430FR5xx_6xx\</path>
         <kind>object</kind>
         <file>crc32.obj</file>
         <name>crc32.obj</name>
      </input_file>
      <input_file id="fl-e">
         <path>.\MSP430FR5xx_6xx\</path>
         <kind>object</kind>
         <file>cs.obj</file>
         <name>cs.obj</name>
      </input_file>
      <input_file id="fl-f">
         <path>.\MSP430FR5xx_6xx\</path>
         <kind>object</kind>
         <file>dma.obj</file>
         <name>dma.obj</name>
      </input_file>
      <input_file id="fl-10">
         <path>.\MSP430FR5xx_6xx\</path>
         <kind>object</kind>
         <file>esi.obj</file>
         <name>esi.obj</name>
      </input_file>
      <input_file id="fl-11">
         <path>.\MSP430FR5xx_6xx\</path>
         <kind>object</kind>
         <file>eusci_a_spi.obj</file>
         <name>eusci_a_spi.obj</name>
      </input_file>
      <input_file id="fl-12">
         <path>.\MSP430FR5xx_6xx\</path>
         <kind>object</kind>
         <file>eusci_a_uart.obj</file>
         <name>eusci_a_uart.obj</name>
      </input_file>
      <input_file id="fl-13">
         <path>.\MSP430FR5xx_6xx\</path>
         <kind>object</kind>
         <file>eusci_b_i2c.obj</file>
         <name>eusci_b_i2c.obj</name>
      </input_file>
      <input_file id="fl-14">
         <path>.\MSP430FR5xx_6xx\</path>
         <kind>object</kind>
         <file>eusci_b_spi.obj</file>
         <name>eusci_b_spi.obj</name>
      </input_file>
      <input_file id="fl-15">
         <path>.\MSP430FR5xx_6xx\</path>
         <kind>object</kind>
         <file>framctl.obj</file>
         <name>framctl.obj</name>
      </input_file>
      <input_file id="fl-16">
         <path>.\MSP430FR5xx_6xx\</path>
         <kind>object</kind>
         <file>framctl_a.obj</file>
         <name>framctl_a.obj</name>
      </input_file>
      <input_file id="fl-17">
         <path>.\MSP430FR5xx_6xx\</path>
         <kind>object</kind>
         <file>gpio.obj</file>
         <name>gpio.obj</name>
      </input_file>
      <input_file id="fl-18">
         <path>.\MSP430FR5xx_6xx\</path>
         <kind>object</kind>
         <file>lcd_c.obj</file>
         <name>lcd_c.obj</name>
      </input_file>
      <input_file id="fl-19">
         <path>.\MSP430FR5xx_6xx\</path>
         <kind>object</kind>
         <file>mpu.obj</file>
         <name>mpu.obj</name>
      </input_file>
      <input_file id="fl-1a">
         <path>.\MSP430FR5xx_6xx\</path>
         <kind>object</kind>
         <file>mpy32.obj</file>
         <name>mpy32.obj</name>
      </input_file>
      <input_file id="fl-1b">
         <path>.\MSP430FR5xx_6xx\</path>
         <kind>object</kind>
         <file>pmm.obj</file>
         <name>pmm.obj</name>
      </input_file>
      <input_file id="fl-1c">
         <path>.\MSP430FR5xx_6xx\</path>
         <kind>object</kind>
         <file>ram.obj</file>
         <name>ram.obj</name>
      </input_file>
      <input_file id="fl-1d">
         <path>.\MSP430FR5xx_6xx\</path>
         <kind>object</kind>
         <file>ref_a.obj</file>
         <name>ref_a.obj</name>
      </input_file>
      <input_file id="fl-1e">
         <path>.\MSP430FR5xx_6xx\</path>
         <kind>object</kind>
         <file>rtc_b.obj</file>
         <name>rtc_b.obj</name>
      </input_file>
      <input_file id="fl-1f">
         <path>.\MSP430FR5xx_6xx\</path>
         <kind>object</kind>
         <file>rtc_c.obj</file>
         <name>rtc_c.obj</name>
      </input_file>
      <input_file id="fl-20">
         <path>.\MSP430FR5xx_6xx\</path>
         <kind>object</kind>
         <file>sfr.obj</file>
         <name>sfr.obj</name>
      </input_file>
      <input_file id="fl-21">
         <path>.\MSP430FR5xx_6xx\</path>
         <kind>object</kind>
         <file>sysctl.obj</file>
         <name>sysctl.obj</name>
      </input_file>
      <input_file id="fl-22">
         <path>.\MSP430FR5xx_6xx\</path>
         <kind>object</kind>
         <file>timer_a.obj</file>
         <name>timer_a.obj</name>
      </input_file>
      <input_file id="fl-23">
         <path>.\MSP430FR5xx_6xx\</path>
         <kind>object</kind>
         <file>timer_b.obj</file>
         <name>timer_b.obj</name>
      </input_file>
      <input_file id="fl-24">
         <path>.\MSP430FR5xx_6xx\</path>
         <kind>object</kind>
         <file>tlv.obj</file>
         <name>tlv.obj</name>
      </input_file>
      <input_file id="fl-25">
         <path>.\MSP430FR5xx_6xx\</path>
         <kind>object</kind>
         <file>wdt_a.obj</file>
         <name>wdt_a.obj</name>
      </input_file>
      <input_file id="fl-26">
         <path>.\SDCardLib\</path>
         <kind>object</kind>
         <file>sdcard.obj</file>
         <name>sdcard.obj</name>
      </input_file>
      <input_file id="fl-47">
         <path>C:\ti\ccsv6\tools\compiler\ti-cgt-msp430_15.12.1.LTS\lib\</path>
         <kind>archive</kind>
         <file>rts430x_lc_rd_eabi.lib</file>
         <name>copy_decompress_none.obj</name>
      </input_file>
      <input_file id="fl-48">
         <path>C:\ti\ccsv6\tools\compiler\ti-cgt-msp430_15.12.1.LTS\lib\</path>
         <kind>archive</kind>
         <file>rts430x_lc_rd_eabi.lib</file>
         <name>copy_decompress_rle.obj</name>
      </input_file>
      <input_file id="fl-49">
         <path>C:\ti\ccsv6\tools\compiler\ti-cgt-msp430_15.12.1.LTS\lib\</path>
         <kind>archive</kind>
         <file>rts430x_lc_rd_eabi.lib</file>
         <name>int18.obj</name>
      </input_file>
      <input_file id="fl-4a">
         <path>C:\ti\ccsv6\tools\compiler\ti-cgt-msp430_15.12.1.LTS\lib\</path>
         <kind>archive</kind>
         <file>rts430x_lc_rd_eabi.lib</file>
         <name>isr_trap.obj</name>
      </input_file>
      <input_file id="fl-4b">
         <path>C:\ti\ccsv6\tools\compiler\ti-cgt-msp430_15.12.1.LTS\lib\</path>
         <kind>archive</kind>
         <file>rts430x_lc_rd_eabi.lib</file>
         <name>int19.obj</name>
      </input_file>
      <input_file id="fl-4c">
         <path>C:\ti\ccsv6\tools\compiler\ti-cgt-msp430_15.12.1.LTS\lib\</path>
         <kind>archive</kind>
         <file>rts430x_lc_rd_eabi.lib</file>
         <name>int20.obj</name>
      </input_file>
      <input_file id="fl-4d">
         <path>C:\ti\ccsv6\tools\compiler\ti-cgt-msp430_15.12.1.LTS\lib\</path>
         <kind>archive</kind>
         <file>rts430x_lc_rd_eabi.lib</file>
         <name>int21.obj</name>
      </input_file>
      <input_file id="fl-4e">
         <path>C:\ti\ccsv6\tools\compiler\ti-cgt-msp430_15.12.1.LTS\lib\</path>
         <kind>archive</kind>
         <file>rts430x_lc_rd_eabi.lib</file>
         <name>int22.obj</name>
      </input_file>
      <input_file id="fl-4f">
         <path>C:\ti\ccsv6\tools\compiler\ti-cgt-msp430_15.12.1.LTS\lib\</path>
         <kind>archive</kind>
         <file>rts430x_lc_rd_eabi.lib</file>
         <name>int23.obj</name>
      </input_file>
      <input_file id="fl-50">
         <path>C:\ti\ccsv6\tools\compiler\ti-cgt-msp430_15.12.1.LTS\lib\</path>
         <kind>archive</kind>
         <file>rts430x_lc_rd_eabi.lib</file>
         <name>int24.obj</name>
      </input_file>
      <input_file id="fl-51">
         <path>C:\ti\ccsv6\tools\compiler\ti-cgt-msp430_15.12.1.LTS\lib\</path>
         <kind>archive</kind>
         <file>rts430x_lc_rd_eabi.lib</file>
         <name>int25.obj</name>
      </input_file>
      <input_file id="fl-52">
         <path>C:\ti\ccsv6\tools\compiler\ti-cgt-msp430_15.12.1.LTS\lib\</path>
         <kind>archive</kind>
         <file>rts430x_lc_rd_eabi.lib</file>
         <name>int26.obj</name>
      </input_file>
      <input_file id="fl-53">
         <path>C:\ti\ccsv6\tools\compiler\ti-cgt-msp430_15.12.1.LTS\lib\</path>
         <kind>archive</kind>
         <file>rts430x_lc_rd_eabi.lib</file>
         <name>int27.obj</name>
      </input_file>
      <input_file id="fl-54">
         <path>C:\ti\ccsv6\tools\compiler\ti-cgt-msp430_15.12.1.LTS\lib\</path>
         <kind>archive</kind>
         <file>rts430x_lc_rd_eabi.lib</file>
         <name>int28.obj</name>
      </input_file>
      <input_file id="fl-55">
         <path>C:\ti\ccsv6\tools\compiler\ti-cgt-msp430_15.12.1.LTS\lib\</path>
         <kind>archive</kind>
         <file>rts430x_lc_rd_eabi.lib</file>
         <name>int29.obj</name>
      </input_file>
      <input_file id="fl-56">
         <path>C:\ti\ccsv6\tools\compiler\ti-cgt-msp430_15.12.1.LTS\lib\</path>
         <kind>archive</kind>
         <file>rts430x_lc_rd_eabi.lib</file>
         <name>int30.obj</name>
      </input_file>
      <input_file id="fl-57">
         <path>C:\ti\ccsv6\tools\compiler\ti-cgt-msp430_15.12.1.LTS\lib\</path>
         <kind>archive</kind>
         <file>rts430x_lc_rd_eabi.lib</file>
         <name>int32.obj</name>
      </input_file>
      <input_file id="fl-58">
         <path>C:\ti\ccsv6\tools\compiler\ti-cgt-msp430_15.12.1.LTS\lib\</path>
         <kind>archive</kind>
         <file>rts430x_lc_rd_eabi.lib</file>
         <name>int33.obj</name>
      </input_file>
      <input_file id="fl-59">
         <path>C:\ti\ccsv6\tools\compiler\ti-cgt-msp430_15.12.1.LTS\lib\</path>
         <kind>archive</kind>
         <file>rts430x_lc_rd_eabi.lib</file>
         <name>int34.obj</name>
      </input_file>
      <input_file id="fl-5a">
         <path>C:\ti\ccsv6\tools\compiler\ti-cgt-msp430_15.12.1.LTS\lib\</path>
         <kind>archive</kind>
         <file>rts430x_lc_rd_eabi.lib</file>
         <name>int35.obj</name>
      </input_file>
      <input_file id="fl-5b">
         <path>C:\ti\ccsv6\tools\compiler\ti-cgt-msp430_15.12.1.LTS\lib\</path>
         <kind>archive</kind>
         <file>rts430x_lc_rd_eabi.lib</file>
         <name>int36.obj</name>
      </input_file>
      <input_file id="fl-5c">
         <path>C:\ti\ccsv6\tools\compiler\ti-cgt-msp430_15.12.1.LTS\lib\</path>
         <kind>archive</kind>
         <file>rts430x_lc_rd_eabi.lib</file>
         <name>int37.obj</name>
      </input_file>
      <input_file id="fl-5d">
         <path>C:\ti\ccsv6\tools\compiler\ti-cgt-msp430_15.12.1.LTS\lib\</path>
         <kind>archive</kind>
         <file>rts430x_lc_rd_eabi.lib</file>
         <name>int38.obj</name>
      </input_file>
      <input_file id="fl-5e">
         <path>C:\ti\ccsv6\tools\compiler\ti-cgt-msp430_15.12.1.LTS\lib\</path>
         <kind>archive</kind>
         <file>rts430x_lc_rd_eabi.lib</file>
         <name>int39.obj</name>
      </input_file>
      <input_file id="fl-5f">
         <path>C:\ti\ccsv6\tools\compiler\ti-cgt-msp430_15.12.1.LTS\lib\</path>
         <kind>archive</kind>
         <file>rts430x_lc_rd_eabi.lib</file>
         <name>int40.obj</name>
      </input_file>
      <input_file id="fl-60">
         <path>C:\ti\ccsv6\tools\compiler\ti-cgt-msp430_15.12.1.LTS\lib\</path>
         <kind>archive</kind>
         <file>rts430x_lc_rd_eabi.lib</file>
         <name>int41.obj</name>
      </input_file>
      <input_file id="fl-61">
         <path>C:\ti\ccsv6\tools\compiler\ti-cgt-msp430_15.12.1.LTS\lib\</path>
         <kind>archive</kind>
         <file>rts430x_lc_rd_eabi.lib</file>
         <name>int42.obj</name>
      </input_file>
      <input_file id="fl-62">
         <path>C:\ti\ccsv6\tools\compiler\ti-cgt-msp430_15.12.1.LTS\lib\</path>
         <kind>archive</kind>
         <file>rts430x_lc_rd_eabi.lib</file>
         <name>int43.obj</name>
      </input_file>
      <input_file id="fl-63">
         <path>C:\ti\ccsv6\tools\compiler\ti-cgt-msp430_15.12.1.LTS\lib\</path>
         <kind>archive</kind>
         <file>rts430x_lc_rd_eabi.lib</file>
         <name>int44.obj</name>
      </input_file>
      <input_file id="fl-64">
         <path>C:\ti\ccsv6\tools\compiler\ti-cgt-msp430_15.12.1.LTS\lib\</path>
         <kind>archive</kind>
         <file>rts430x_lc_rd_eabi.lib</file>
         <name>int47.obj</name>
      </input_file>
      <input_file id="fl-65">
         <path>C:\ti\ccsv6\tools\compiler\ti-cgt-msp430_15.12.1.LTS\lib\</path>
         <kind>archive</kind>
         <file>rts430x_lc_rd_eabi.lib</file>
         <name>int48.obj</name>
      </input_file>
      <input_file id="fl-66">
         <path>C:\ti\ccsv6\tools\compiler\ti-cgt-msp430_15.12.1.LTS\lib\</path>
         <kind>archive</kind>
         <file>rts430x_lc_rd_eabi.lib</file>
         <name>int49.obj</name>
      </input_file>
      <input_file id="fl-67">
         <path>C:\ti\ccsv6\tools\compiler\ti-cgt-msp430_15.12.1.LTS\lib\</path>
         <kind>archive</kind>
         <file>rts430x_lc_rd_eabi.lib</file>
         <name>int50.obj</name>
      </input_file>
      <input_file id="fl-68">
         <path>C:\ti\ccsv6\tools\compiler\ti-cgt-msp430_15.12.1.LTS\lib\</path>
         <kind>archive</kind>
         <file>rts430x_lc_rd_eabi.lib</file>
         <name>int51.obj</name>
      </input_file>
      <input_file id="fl-69">
         <path>C:\ti\ccsv6\tools\compiler\ti-cgt-msp430_15.12.1.LTS\lib\</path>
         <kind>archive</kind>
         <file>rts430x_lc_rd_eabi.lib</file>
         <name>int52.obj</name>
      </input_file>
      <input_file id="fl-6a">
         <path>C:\ti\ccsv6\tools\compiler\ti-cgt-msp430_15.12.1.LTS\lib\</path>
         <kind>archive</kind>
         <file>rts430x_lc_rd_eabi.lib</file>
         <name>int53.obj</name>
      </input_file>
      <input_file id="fl-6b">
         <path>C:\ti\ccsv6\tools\compiler\ti-cgt-msp430_15.12.1.LTS\lib\</path>
         <kind>archive</kind>
         <file>rts430x_lc_rd_eabi.lib</file>
         <name>int54.obj</name>
      </input_file>
      <input_file id="fl-6c">
         <path>C:\ti\ccsv6\tools\compiler\ti-cgt-msp430_15.12.1.LTS\lib\</path>
         <kind>archive</kind>
         <file>rts430x_lc_rd_eabi.lib</file>
         <name>copy_zero_init.obj</name>
      </input_file>
      <input_file id="fl-6d">
         <path>C:\ti\ccsv6\tools\compiler\ti-cgt-msp430_15.12.1.LTS\lib\</path>
         <kind>archive</kind>
         <file>rts430x_lc_rd_eabi.lib</file>
         <name>div16s.obj</name>
      </input_file>
      <input_file id="fl-6e">
         <path>C:\ti\ccsv6\tools\compiler\ti-cgt-msp430_15.12.1.LTS\lib\</path>
         <kind>archive</kind>
         <file>rts430x_lc_rd_eabi.lib</file>
         <name>div32s.obj</name>
      </input_file>
      <input_file id="fl-6f">
         <path>C:\ti\ccsv6\tools\compiler\ti-cgt-msp430_15.12.1.LTS\lib\</path>
         <kind>archive</kind>
         <file>rts430x_lc_rd_eabi.lib</file>
         <name>div16u.obj</name>
      </input_file>
      <input_file id="fl-70">
         <path>C:\ti\ccsv6\tools\compiler\ti-cgt-msp430_15.12.1.LTS\lib\</path>
         <kind>archive</kind>
         <file>rts430x_lc_rd_eabi.lib</file>
         <name>div32u.obj</name>
      </input_file>
      <input_file id="fl-71">
         <path>C:\ti\ccsv6\tools\compiler\ti-cgt-msp430_15.12.1.LTS\lib\</path>
         <kind>archive</kind>
         <file>rts430x_lc_rd_eabi.lib</file>
         <name>mult16.obj</name>
      </input_file>
      <input_file id="fl-72">
         <path>C:\ti\ccsv6\tools\compiler\ti-cgt-msp430_15.12.1.LTS\lib\</path>
         <kind>archive</kind>
         <file>rts430x_lc_rd_eabi.lib</file>
         <name>mult16_f5hw.obj</name>
      </input_file>
      <input_file id="fl-73">
         <path>C:\ti\ccsv6\tools\compiler\ti-cgt-msp430_15.12.1.LTS\lib\</path>
         <kind>archive</kind>
         <file>rts430x_lc_rd_eabi.lib</file>
         <name>mult32.obj</name>
      </input_file>
      <input_file id="fl-74">
         <path>C:\ti\ccsv6\tools\compiler\ti-cgt-msp430_15.12.1.LTS\lib\</path>
         <kind>archive</kind>
         <file>rts430x_lc_rd_eabi.lib</file>
         <name>mult32_f5hw.obj</name>
      </input_file>
      <input_file id="fl-75">
         <path>C:\ti\ccsv6\tools\compiler\ti-cgt-msp430_15.12.1.LTS\lib\</path>
         <kind>archive</kind>
         <file>rts430x_lc_rd_eabi.lib</file>
         <name>mult64_f5hw.obj</name>
      </input_file>
      <input_file id="fl-76">
         <path>C:\ti\ccsv6\tools\compiler\ti-cgt-msp430_15.12.1.LTS\lib\</path>
         <kind>archive</kind>
         <file>rts430x_lc_rd_eabi.lib</file>
         <name>mult1632_f5hw.obj</name>
      </input_file>
      <input_file id="fl-77">
         <path>C:\ti\ccsv6\tools\compiler\ti-cgt-msp430_15.12.1.LTS\lib\</path>
         <kind>archive</kind>
         <file>rts430x_lc_rd_eabi.lib</file>
         <name>mult3264_f5hw.obj</name>
      </input_file>
      <input_file id="fl-78">
         <path>C:\ti\ccsv6\tools\compiler\ti-cgt-msp430_15.12.1.LTS\lib\</path>
         <kind>archive</kind>
         <file>rts430x_lc_rd_eabi.lib</file>
         <name>lsl16.obj</name>
      </input_file>
      <input_file id="fl-79">
         <path>C:\ti\ccsv6\tools\compiler\ti-cgt-msp430_15.12.1.LTS\lib\</path>
         <kind>archive</kind>
         <file>rts430x_lc_rd_eabi.lib</file>
         <name>lsl32.obj</name>
      </input_file>
      <input_file id="fl-7a">
         <path>C:\ti\ccsv6\tools\compiler\ti-cgt-msp430_15.12.1.LTS\lib\</path>
         <kind>archive</kind>
         <file>rts430x_lc_rd_eabi.lib</file>
         <name>asr16.obj</name>
      </input_file>
      <input_file id="fl-7b">
         <path>C:\ti\ccsv6\tools\compiler\ti-cgt-msp430_15.12.1.LTS\lib\</path>
         <kind>archive</kind>
         <file>rts430x_lc_rd_eabi.lib</file>
         <name>lsr32.obj</name>
      </input_file>
      <input_file id="fl-7c">
         <path>C:\ti\ccsv6\tools\compiler\ti-cgt-msp430_15.12.1.LTS\lib\</path>
         <kind>archive</kind>
         <file>rts430x_lc_rd_eabi.lib</file>
         <name>boot.obj</name>
      </input_file>
      <input_file id="fl-7d">
         <path>C:\ti\ccsv6\tools\compiler\ti-cgt-msp430_15.12.1.LTS\lib\</path>
         <kind>archive</kind>
         <file>rts430x_lc_rd_eabi.lib</file>
         <name>args_main.obj</name>
      </input_file>
      <input_file id="fl-7e">
         <path>C:\ti\ccsv6\tools\compiler\ti-cgt-msp430_15.12.1.LTS\lib\</path>
         <kind>archive</kind>
         <file>rts430x_lc_rd_eabi.lib</file>
         <name>autoinit_wdt.obj</name>
      </input_file>
      <input_file id="fl-7f">
         <path>C:\ti\ccsv6\tools\compiler\ti-cgt-msp430_15.12.1.LTS\lib\</path>
         <kind>archive</kind>
         <file>rts430x_lc_rd_eabi.lib</file>
         <name>boot_special.obj</name>
      </input_file>
      <input_file id="fl-80">
         <path>C:\ti\ccsv6\tools\compiler\ti-cgt-msp430_15.12.1.LTS\lib\</path>
         <kind>archive</kind>
         <file>rts430x_lc_rd_eabi.lib</file>
         <name>mpu_init.obj</name>
      </input_file>
      <input_file id="fl-81">
         <path>C:\ti\ccsv6\tools\compiler\ti-cgt-msp430_15.12.1.LTS\lib\</path>
         <kind>archive</kind>
         <file>rts430x_lc_rd_eabi.lib</file>
         <name>startup.obj</name>
      </input_file>
      <input_file id="fl-82">
         <path>C:\ti\ccsv6\tools\compiler\ti-cgt-msp430_15.12.1.LTS\lib\</path>
         <kind>archive</kind>
         <file>rts430x_lc_rd_eabi.lib</file>
         <name>exit.obj</name>
      </input_file>
      <input_file id="fl-83">
         <path>C:\ti\ccsv6\tools\compiler\ti-cgt-msp430_15.12.1.LTS\lib\</path>
         <kind>archive</kind>
         <file>rts430x_lc_rd_eabi.lib</file>
         <name>exit_gvars.obj</name>
      </input_file>
      <input_file id="fl-84">
         <path>C:\ti\ccsv6\tools\compiler\ti-cgt-msp430_15.12.1.LTS\lib\</path>
         <kind>archive</kind>
         <file>rts430x_lc_rd_eabi.lib</file>
         <name>_lock.obj</name>
      </input_file>
      <input_file id="fl-85">
         <path>C:\ti\ccsv6\tools\compiler\ti-cgt-msp430_15.12.1.LTS\lib\</path>
         <kind>archive</kind>
         <file>rts430x_lc_rd_eabi.lib</file>
         <name>atoi.obj</name>
      </input_file>
      <input_file id="fl-86">
         <path>C:\ti\ccsv6\tools\compiler\ti-cgt-msp430_15.12.1.LTS\lib\</path>
         <kind>archive</kind>
         <file>rts430x_lc_rd_eabi.lib</file>
         <name>ctype.obj</name>
      </input_file>
      <input_file id="fl-87">
         <path>C:\ti\ccsv6\tools\compiler\ti-cgt-msp430_15.12.1.LTS\lib\</path>
         <kind>archive</kind>
         <file>rts430x_lc_rd_eabi.lib</file>
         <name>cpy_tbl.obj</name>
      </input_file>
      <input_file id="fl-88">
         <path>C:\ti\ccsv6\tools\compiler\ti-cgt-msp430_15.12.1.LTS\lib\</path>
         <kind>archive</kind>
         <file>rts430x_lc_rd_eabi.lib</file>
         <name>memcpy.obj</name>
      </input_file>
      <input_file id="fl-89">
         <path>C:\ti\ccsv6\tools\compiler\ti-cgt-msp430_15.12.1.LTS\lib\</path>
         <kind>archive</kind>
         <file>rts430x_lc_rd_eabi.lib</file>
         <name>strcat.obj</name>
      </input_file>
      <input_file id="fl-8a">
         <path>C:\ti\ccsv6\tools\compiler\ti-cgt-msp430_15.12.1.LTS\lib\</path>
         <kind>archive</kind>
         <file>rts430x_lc_rd_eabi.lib</file>
         <name>strcpy.obj</name>
      </input_file>
      <input_file id="fl-8b">
         <path>C:\ti\ccsv6\tools\compiler\ti-cgt-msp430_15.12.1.LTS\lib\</path>
         <kind>archive</kind>
         <file>rts430x_lc_rd_eabi.lib</file>
         <name>strtok.obj</name>
      </input_file>
      <input_file id="fl-8c">
         <path>C:\ti\ccsv6\tools\compiler\ti-cgt-msp430_15.12.1.LTS\lib\</path>
         <kind>archive</kind>
         <file>rts430x_lc_rd_eabi.lib</file>
         <name>strcspn.obj</name>
      </input_file>
      <input_file id="fl-8d">
         <path>C:\ti\ccsv6\tools\compiler\ti-cgt-msp430_15.12.1.LTS\lib\</path>
         <kind>archive</kind>
         <file>rts430x_lc_rd_eabi.lib</file>
         <name>strspn.obj</name>
      </input_file>
   </input_file_list>
   <object_component_list>
      <object_component id="oc-82b">
         <name>.TI.persistent</name>
         <load_address>0x4000</load_address>
         <run_address>0x4000</run_address>
         <size>0x1</size>
         <input_file_ref idref="fl-4"/>
      </object_component>
      <object_component id="oc-c50">
         <name>.cinit..data.load</name>
         <load_address>0x4562</load_address>
         <run_address>0x4562</run_address>
         <size>0x32</size>
      </object_component>
      <object_component id="oc-c4f">
         <name>.cinit..bss.load</name>
         <load_address>0x4594</load_address>
         <run_address>0x4594</run_address>
         <size>0xb</size>
      </object_component>
      <object_component id="oc-c4d">
         <name>__TI_handler_table</name>
         <load_address>0x45a0</load_address>
         <run_address>0x45a0</run_address>
         <size>0x8</size>
      </object_component>
      <object_component id="oc-c4e">
         <name>__TI_cinit_table</name>
         <load_address>0x45a8</load_address>
         <run_address>0x45a8</run_address>
         <size>0x10</size>
      </object_component>
      <object_component id="oc-6fa">
         <name>.text:_isr:ADC12_ISR</name>
         <load_address>0x4400</load_address>
         <run_address>0x4400</run_address>
         <size>0x2a</size>
         <input_file_ref idref="fl-5"/>
      </object_component>
      <object_component id="oc-d2">
         <name>.text:_isr:_c_int00_noargs_noexit</name>
         <load_address>0x442a</load_address>
         <run_address>0x442a</run_address>
         <size>0x1a</size>
         <input_file_ref idref="fl-7f"/>
      </object_component>
      <object_component id="oc-6ee">
         <name>.text:_isr:RTC_ISR</name>
         <load_address>0x4444</load_address>
         <run_address>0x4444</run_address>
         <size>0x12</size>
         <input_file_ref idref="fl-5"/>
      </object_component>
      <object_component id="oc-6f4">
         <name>.text:_isr:TIMER0_A0_ISR</name>
         <load_address>0x4456</load_address>
         <run_address>0x4456</run_address>
         <size>0x8</size>
         <input_file_ref idref="fl-5"/>
      </object_component>
      <object_component id="oc-6e9">
         <name>.text:_isr:__TI_ISR_TRAP</name>
         <load_address>0x445e</load_address>
         <run_address>0x445e</run_address>
         <size>0x8</size>
         <input_file_ref idref="fl-4a"/>
      </object_component>
      <object_component id="oc-844">
         <name>.const:.string</name>
         <load_address>0x4466</load_address>
         <run_address>0x4466</run_address>
         <size>0x88</size>
         <input_file_ref idref="fl-4"/>
      </object_component>
      <object_component id="oc-7d1">
         <name>.const:GPIO_PORT_TO_BASE</name>
         <load_address>0x44ee</load_address>
         <run_address>0x44ee</run_address>
         <size>0x1c</size>
         <input_file_ref idref="fl-17"/>
      </object_component>
      <object_component id="oc-a78">
         <name>.const:$P$T0$1</name>
         <load_address>0x450a</load_address>
         <run_address>0x450a</run_address>
         <size>0x12</size>
         <input_file_ref idref="fl-8"/>
      </object_component>
      <object_component id="oc-bb1">
         <name>.const:.string</name>
         <load_address>0x451c</load_address>
         <run_address>0x451c</run_address>
         <size>0x10</size>
         <input_file_ref idref="fl-6"/>
      </object_component>
      <object_component id="oc-8fa">
         <name>.const:$P$T2$3</name>
         <load_address>0x452c</load_address>
         <run_address>0x452c</run_address>
         <size>0xe</size>
         <input_file_ref idref="fl-4"/>
      </object_component>
      <object_component id="oc-7b0">
         <name>.const:.string:$P$T0$1</name>
         <load_address>0x453a</load_address>
         <run_address>0x453a</run_address>
         <size>0xc</size>
         <input_file_ref idref="fl-5"/>
      </object_component>
      <object_component id="oc-8b8">
         <name>.const:$P$T0$1</name>
         <load_address>0x4546</load_address>
         <run_address>0x4546</run_address>
         <size>0xa</size>
         <input_file_ref idref="fl-4"/>
      </object_component>
      <object_component id="oc-8cd">
         <name>.const:$P$T1$2</name>
         <load_address>0x4550</load_address>
         <run_address>0x4550</run_address>
         <size>0xa</size>
         <input_file_ref idref="fl-4"/>
      </object_component>
      <object_component id="oc-a93">
         <name>.const:$P$T1$2</name>
         <load_address>0x455a</load_address>
         <run_address>0x455a</run_address>
         <size>0x8</size>
         <input_file_ref idref="fl-8"/>
      </object_component>
      <object_component id="oc-9f8">
         <name>.text:chk_mounted</name>
         <load_address>0x10000</load_address>
         <run_address>0x10000</run_address>
         <size>0x4ae</size>
         <input_file_ref idref="fl-6"/>
      </object_component>
      <object_component id="oc-7b9">
         <name>.text:sdcardLog</name>
         <load_address>0x104ae</load_address>
         <run_address>0x104ae</run_address>
         <size>0x2d8</size>
         <input_file_ref idref="fl-4"/>
      </object_component>
      <object_component id="oc-9ef">
         <name>.text:f_write</name>
         <load_address>0x10786</load_address>
         <run_address>0x10786</run_address>
         <size>0x2a0</size>
         <input_file_ref idref="fl-6"/>
      </object_component>
      <object_component id="oc-879">
         <name>.text:f_lseek</name>
         <load_address>0x10a26</load_address>
         <run_address>0x10a26</run_address>
         <size>0x250</size>
         <input_file_ref idref="fl-6"/>
      </object_component>
      <object_component id="oc-9dc">
         <name>.text:f_mkdir</name>
         <load_address>0x10c76</load_address>
         <run_address>0x10c76</run_address>
         <size>0x220</size>
         <input_file_ref idref="fl-6"/>
      </object_component>
      <object_component id="oc-873">
         <name>.text:f_open</name>
         <load_address>0x10e96</load_address>
         <run_address>0x10e96</run_address>
         <size>0x21e</size>
         <input_file_ref idref="fl-6"/>
      </object_component>
      <object_component id="oc-ae8">
         <name>.text:disk_initialize</name>
         <load_address>0x110b4</load_address>
         <run_address>0x110b4</run_address>
         <size>0x1b2</size>
         <input_file_ref idref="fl-7"/>
      </object_component>
      <object_component id="oc-b3d">
         <name>.text:create_name</name>
         <load_address>0x11266</load_address>
         <run_address>0x11266</run_address>
         <size>0x196</size>
         <input_file_ref idref="fl-6"/>
      </object_component>
      <object_component id="oc-b4c">
         <name>.text:put_fat</name>
         <load_address>0x113fc</load_address>
         <run_address>0x113fc</run_address>
         <size>0x186</size>
         <input_file_ref idref="fl-6"/>
      </object_component>
      <object_component id="oc-b02">
         <name>.text:dir_next</name>
         <load_address>0x11582</load_address>
         <run_address>0x11582</run_address>
         <size>0x17e</size>
         <input_file_ref idref="fl-6"/>
      </object_component>
      <object_component id="oc-7a4">
         <name>.text:storeTimeStampSDCard</name>
         <load_address>0x11700</load_address>
         <run_address>0x11700</run_address>
         <size>0x162</size>
         <input_file_ref idref="fl-4"/>
      </object_component>
      <object_component id="oc-812">
         <name>.text:CS_setDCOFreq</name>
         <load_address>0x11862</load_address>
         <run_address>0x11862</run_address>
         <size>0x140</size>
         <input_file_ref idref="fl-e"/>
      </object_component>
      <object_component id="oc-a34">
         <name>.text:get_fat</name>
         <load_address>0x119a2</load_address>
         <run_address>0x119a2</run_address>
         <size>0x13e</size>
         <input_file_ref idref="fl-6"/>
      </object_component>
      <object_component id="oc-a2e">
         <name>.text:create_chain</name>
         <load_address>0x11ae0</load_address>
         <run_address>0x11ae0</run_address>
         <size>0x120</size>
         <input_file_ref idref="fl-6"/>
      </object_component>
      <object_component id="oc-727">
         <name>.text:main</name>
         <load_address>0x11c00</load_address>
         <run_address>0x11c00</run_address>
         <size>0x10a</size>
         <input_file_ref idref="fl-5"/>
      </object_component>
      <object_component id="oc-aef">
         <name>.text:dir_sdi</name>
         <load_address>0x11d0a</load_address>
         <run_address>0x11d0a</run_address>
         <size>0x100</size>
         <input_file_ref idref="fl-6"/>
      </object_component>
      <object_component id="oc-b9e">
         <name>.text:disk_ioctl</name>
         <load_address>0x11e0a</load_address>
         <run_address>0x11e0a</run_address>
         <size>0xf4</size>
         <input_file_ref idref="fl-7"/>
      </object_component>
      <object_component id="oc-b15">
         <name>.text:sync</name>
         <load_address>0x11efe</load_address>
         <run_address>0x11efe</run_address>
         <size>0xec</size>
         <input_file_ref idref="fl-6"/>
      </object_component>
      <object_component id="oc-798">
         <name>.text:Init_GPIO</name>
         <load_address>0x11fea</load_address>
         <run_address>0x11fea</run_address>
         <size>0xe0</size>
         <input_file_ref idref="fl-5"/>
      </object_component>
      <object_component id="oc-afc">
         <name>.text:get_fileinfo</name>
         <load_address>0x120ca</load_address>
         <run_address>0x120ca</run_address>
         <size>0xe0</size>
         <input_file_ref idref="fl-6"/>
      </object_component>
      <object_component id="oc-85e">
         <name>.text:itoa</name>
         <load_address>0x121aa</load_address>
         <run_address>0x121aa</run_address>
         <size>0xc2</size>
         <input_file_ref idref="fl-4"/>
      </object_component>
      <object_component id="oc-a16">
         <name>.text:move_window</name>
         <load_address>0x1226c</load_address>
         <run_address>0x1226c</run_address>
         <size>0xbe</size>
         <input_file_ref idref="fl-6"/>
      </object_component>
      <object_component id="oc-b21">
         <name>.text:disk_write</name>
         <load_address>0x1232a</load_address>
         <run_address>0x1232a</run_address>
         <size>0xbc</size>
         <input_file_ref idref="fl-7"/>
      </object_component>
      <object_component id="oc-9fe">
         <name>.text:follow_path</name>
         <load_address>0x123e6</load_address>
         <run_address>0x123e6</run_address>
         <size>0xb4</size>
         <input_file_ref idref="fl-6"/>
      </object_component>
      <object_component id="oc-b7b">
         <name>.text:send_cmd</name>
         <load_address>0x1249a</load_address>
         <run_address>0x1249a</run_address>
         <size>0xb2</size>
         <input_file_ref idref="fl-7"/>
      </object_component>
      <object_component id="oc-7bf">
         <name>.text:writeData</name>
         <load_address>0x1254c</load_address>
         <run_address>0x1254c</run_address>
         <size>0xac</size>
         <input_file_ref idref="fl-4"/>
      </object_component>
      <object_component id="oc-9cd">
         <name>.text:f_opendir</name>
         <load_address>0x125f8</load_address>
         <run_address>0x125f8</run_address>
         <size>0xa8</size>
         <input_file_ref idref="fl-6"/>
      </object_component>
      <object_component id="oc-a47">
         <name>.text:f_sync</name>
         <load_address>0x126a0</load_address>
         <run_address>0x126a0</run_address>
         <size>0xa4</size>
         <input_file_ref idref="fl-6"/>
      </object_component>
      <object_component id="oc-ad9">
         <name>.text:validateCSD</name>
         <load_address>0x12744</load_address>
         <run_address>0x12744</run_address>
         <size>0xa2</size>
         <input_file_ref idref="fl-7"/>
      </object_component>
      <object_component id="oc-a10">
         <name>.text:remove_chain</name>
         <load_address>0x127e6</load_address>
         <run_address>0x127e6</run_address>
         <size>0x9c</size>
         <input_file_ref idref="fl-6"/>
      </object_component>
      <object_component id="oc-8bb">
         <name>.text:ADC12_B_init</name>
         <load_address>0x12882</load_address>
         <run_address>0x12882</run_address>
         <size>0x98</size>
         <input_file_ref idref="fl-9"/>
      </object_component>
      <object_component id="oc-ac1">
         <name>.text:RTC_C_getCalendarTime</name>
         <load_address>0x1291a</load_address>
         <run_address>0x1291a</run_address>
         <size>0x98</size>
         <input_file_ref idref="fl-1f"/>
      </object_component>
      <object_component id="oc-b33">
         <name>.text:disk_read</name>
         <load_address>0x129b2</load_address>
         <run_address>0x129b2</run_address>
         <size>0x94</size>
         <input_file_ref idref="fl-7"/>
      </object_component>
      <object_component id="oc-b28">
         <name>.text:check_fs</name>
         <load_address>0x12a46</load_address>
         <run_address>0x12a46</run_address>
         <size>0x90</size>
         <input_file_ref idref="fl-6"/>
      </object_component>
      <object_component id="oc-97e">
         <name>.text:SDCard_init</name>
         <load_address>0x12ad6</load_address>
         <run_address>0x12ad6</run_address>
         <size>0x88</size>
         <input_file_ref idref="fl-8"/>
      </object_component>
      <object_component id="oc-899">
         <name>.text:RTC_C_initCalendar</name>
         <load_address>0x12b5e</load_address>
         <run_address>0x12b5e</run_address>
         <size>0x86</size>
         <input_file_ref idref="fl-1f"/>
      </object_component>
      <object_component id="oc-a04">
         <name>.text:dir_register</name>
         <load_address>0x12be4</load_address>
         <run_address>0x12be4</run_address>
         <size>0x84</size>
         <input_file_ref idref="fl-6"/>
      </object_component>
      <object_component id="oc-70d">
         <name>.text:_auto_init_hold_wdt</name>
         <load_address>0x12c68</load_address>
         <run_address>0x12c68</run_address>
         <size>0x82</size>
         <input_file_ref idref="fl-7e"/>
      </object_component>
      <object_component id="oc-8fd">
         <name>.text:Timer_A_initUpMode</name>
         <load_address>0x12cea</load_address>
         <run_address>0x12cea</run_address>
         <size>0x7c</size>
         <input_file_ref idref="fl-22"/>
      </object_component>
      <object_component id="oc-805">
         <name>.text:GPIO_setAsPeripheralModuleFunctionInputPin</name>
         <load_address>0x12d66</load_address>
         <run_address>0x12d66</run_address>
         <size>0x72</size>
         <input_file_ref idref="fl-17"/>
      </object_component>
      <object_component id="oc-846">
         <name>.text:SDCardLib_getDirectory</name>
         <load_address>0x12dd8</load_address>
         <run_address>0x12dd8</run_address>
         <size>0x72</size>
         <input_file_ref idref="fl-26"/>
      </object_component>
      <object_component id="oc-a0a">
         <name>.text:get_fattime</name>
         <load_address>0x12e4a</load_address>
         <run_address>0x12e4a</run_address>
         <size>0x72</size>
         <input_file_ref idref="fl-7"/>
      </object_component>
      <object_component id="oc-b81">
         <name>.text:rcvr_datablock</name>
         <load_address>0x12ebc</load_address>
         <run_address>0x12ebc</run_address>
         <size>0x70</size>
         <input_file_ref idref="fl-7"/>
      </object_component>
      <object_component id="oc-81e">
         <name>.text:CS_initClockSignal</name>
         <load_address>0x12f2c</load_address>
         <run_address>0x12f2c</run_address>
         <size>0x6a</size>
         <input_file_ref idref="fl-e"/>
      </object_component>
      <object_component id="oc-6dc">
         <name>.text:__TI_decompress_rle_core</name>
         <load_address>0x12f96</load_address>
         <run_address>0x12f96</run_address>
         <size>0x68</size>
         <input_file_ref idref="fl-48"/>
      </object_component>
      <object_component id="oc-771">
         <name>.text:copy_in</name>
         <load_address>0x12ffe</load_address>
         <run_address>0x12ffe</run_address>
         <size>0x66</size>
         <input_file_ref idref="fl-87"/>
      </object_component>
      <object_component id="oc-9d3">
         <name>.text:f_readdir</name>
         <load_address>0x13064</load_address>
         <run_address>0x13064</run_address>
         <size>0x64</size>
         <input_file_ref idref="fl-6"/>
      </object_component>
      <object_component id="oc-7b3">
         <name>.text:Init_RTC</name>
         <load_address>0x130c8</load_address>
         <run_address>0x130c8</run_address>
         <size>0x62</size>
         <input_file_ref idref="fl-5"/>
      </object_component>
      <object_component id="oc-98a">
         <name>.text:SDCard_readFrame</name>
         <load_address>0x1312a</load_address>
         <run_address>0x1312a</run_address>
         <size>0x62</size>
         <input_file_ref idref="fl-8"/>
      </object_component>
      <object_component id="oc-af6">
         <name>.text:dir_read</name>
         <load_address>0x1318c</load_address>
         <run_address>0x1318c</run_address>
         <size>0x5e</size>
         <input_file_ref idref="fl-6"/>
      </object_component>
      <object_component id="oc-b43">
         <name>.text:dir_find</name>
         <load_address>0x131ea</load_address>
         <run_address>0x131ea</run_address>
         <size>0x5a</size>
         <input_file_ref idref="fl-6"/>
      </object_component>
      <object_component id="oc-a29">
         <name>.text</name>
         <load_address>0x13244</load_address>
         <run_address>0x13244</run_address>
         <size>0x58</size>
         <input_file_ref idref="fl-70"/>
      </object_component>
      <object_component id="oc-ba5">
         <name>.text:xmit_datablock</name>
         <load_address>0x1329c</load_address>
         <run_address>0x1329c</run_address>
         <size>0x58</size>
         <input_file_ref idref="fl-7"/>
      </object_component>
      <object_component id="oc-a7b">
         <name>.text:EUSCI_B_SPI_initMaster</name>
         <load_address>0x132f4</load_address>
         <run_address>0x132f4</run_address>
         <size>0x56</size>
         <input_file_ref idref="fl-14"/>
      </object_component>
      <object_component id="oc-bd9">
         <name>.text:wait_ready</name>
         <load_address>0x1334a</load_address>
         <run_address>0x1334a</run_address>
         <size>0x54</size>
         <input_file_ref idref="fl-7"/>
      </object_component>
      <object_component id="oc-8d0">
         <name>.text:ADC12_B_configureMemory</name>
         <load_address>0x1339e</load_address>
         <run_address>0x1339e</run_address>
         <size>0x50</size>
         <input_file_ref idref="fl-9"/>
      </object_component>
      <object_component id="oc-990">
         <name>.text:SDCard_sendFrame</name>
         <load_address>0x133ee</load_address>
         <run_address>0x133ee</run_address>
         <size>0x4e</size>
         <input_file_ref idref="fl-8"/>
      </object_component>
      <object_component id="oc-927">
         <name>.text:GPIO_setAsInputPinWithPullUpResistor</name>
         <load_address>0x1343c</load_address>
         <run_address>0x1343c</run_address>
         <size>0x4a</size>
         <input_file_ref idref="fl-17"/>
      </object_component>
      <object_component id="oc-984">
         <name>.text:SDCard_fastMode</name>
         <load_address>0x13486</load_address>
         <run_address>0x13486</run_address>
         <size>0x46</size>
         <input_file_ref idref="fl-8"/>
      </object_component>
      <object_component id="oc-79e">
         <name>.text:Init_Clock</name>
         <load_address>0x134cc</load_address>
         <run_address>0x134cc</run_address>
         <size>0x44</size>
         <input_file_ref idref="fl-5"/>
      </object_component>
      <object_component id="oc-8ab">
         <name>.text:RTC_C_enableInterrupt</name>
         <load_address>0x13510</load_address>
         <run_address>0x13510</run_address>
         <size>0x40</size>
         <input_file_ref idref="fl-1f"/>
      </object_component>
      <object_component id="oc-9c4">
         <name>.text:detectCard</name>
         <load_address>0x13550</load_address>
         <run_address>0x13550</run_address>
         <size>0x40</size>
         <input_file_ref idref="fl-7"/>
      </object_component>
      <object_component id="oc-915">
         <name>.text:f_putc</name>
         <load_address>0x13590</load_address>
         <run_address>0x13590</run_address>
         <size>0x40</size>
         <input_file_ref idref="fl-6"/>
      </object_component>
      <object_component id="oc-909">
         <name>.text:ADC12_B_startConversion</name>
         <load_address>0x135d0</load_address>
         <run_address>0x135d0</run_address>
         <size>0x3e</size>
         <input_file_ref idref="fl-9"/>
      </object_component>
      <object_component id="oc-8a5">
         <name>.text:RTC_C_clearInterrupt</name>
         <load_address>0x1360e</load_address>
         <run_address>0x1360e</run_address>
         <size>0x3e</size>
         <input_file_ref idref="fl-1f"/>
      </object_component>
      <object_component id="oc-a3a">
         <name>.text:clust2sect</name>
         <load_address>0x1364c</load_address>
         <run_address>0x1364c</run_address>
         <size>0x3e</size>
         <input_file_ref idref="fl-6"/>
      </object_component>
      <object_component id="oc-a1c">
         <name>.text:l_lsl_const</name>
         <load_address>0x1368a</load_address>
         <run_address>0x1368a</run_address>
         <size>0x3e</size>
         <input_file_ref idref="fl-79"/>
      </object_component>
      <object_component id="oc-a40">
         <name>.text:l_lsr_const</name>
         <load_address>0x136c8</load_address>
         <run_address>0x136c8</run_address>
         <size>0x3e</size>
         <input_file_ref idref="fl-7b"/>
      </object_component>
      <object_component id="oc-86a">
         <name>.text:SDCardLib_writeFile</name>
         <load_address>0x13706</load_address>
         <run_address>0x13706</run_address>
         <size>0x3c</size>
         <input_file_ref idref="fl-26"/>
      </object_component>
      <object_component id="oc-824">
         <name>.text:CS_turnOnLFXT</name>
         <load_address>0x13742</load_address>
         <run_address>0x13742</run_address>
         <size>0x3a</size>
         <input_file_ref idref="fl-e"/>
      </object_component>
      <object_component id="oc-765">
         <name>.text:GPIO_setAsOutputPin</name>
         <load_address>0x1377c</load_address>
         <run_address>0x1377c</run_address>
         <size>0x34</size>
         <input_file_ref idref="fl-17"/>
      </object_component>
      <object_component id="oc-9b6">
         <name>.text:f_mount</name>
         <load_address>0x137b0</load_address>
         <run_address>0x137b0</run_address>
         <size>0x32</size>
         <input_file_ref idref="fl-6"/>
      </object_component>
      <object_component id="oc-a96">
         <name>.text:EUSCI_B_SPI_changeMasterClock</name>
         <load_address>0x137e2</load_address>
         <run_address>0x137e2</run_address>
         <size>0x2e</size>
         <input_file_ref idref="fl-14"/>
      </object_component>
      <object_component id="oc-921">
         <name>.text:GPIO_selectInterruptEdge</name>
         <load_address>0x13810</load_address>
         <run_address>0x13810</run_address>
         <size>0x2e</size>
         <input_file_ref idref="fl-17"/>
      </object_component>
      <object_component id="oc-87f">
         <name>.text:f_puts</name>
         <load_address>0x1383e</load_address>
         <run_address>0x1383e</run_address>
         <size>0x2c</size>
         <input_file_ref idref="fl-6"/>
      </object_component>
      <object_component id="oc-a23">
         <name>.text:validate</name>
         <load_address>0x1386a</load_address>
         <run_address>0x1386a</run_address>
         <size>0x2c</size>
         <input_file_ref idref="fl-6"/>
      </object_component>
      <object_component id="oc-89f">
         <name>.text:RTC_C_setCalendarEvent</name>
         <load_address>0x13896</load_address>
         <run_address>0x13896</run_address>
         <size>0x28</size>
         <input_file_ref idref="fl-1f"/>
      </object_component>
      <object_component id="oc-8c7">
         <name>.text:ADC12_B_setupSamplingTimer</name>
         <load_address>0x138be</load_address>
         <run_address>0x138be</run_address>
         <size>0x26</size>
         <input_file_ref idref="fl-9"/>
      </object_component>
      <object_component id="oc-8dc">
         <name>.text:ADC12_B_enableInterrupt</name>
         <load_address>0x138e4</load_address>
         <run_address>0x138e4</run_address>
         <size>0x24</size>
         <input_file_ref idref="fl-9"/>
      </object_component>
      <object_component id="oc-9a2">
         <name>.text:SDCard_detectCard</name>
         <load_address>0x13908</load_address>
         <run_address>0x13908</run_address>
         <size>0x24</size>
         <input_file_ref idref="fl-8"/>
      </object_component>
      <object_component id="oc-b2e">
         <name>.text</name>
         <load_address>0x1392c</load_address>
         <run_address>0x1392c</run_address>
         <size>0x24</size>
         <input_file_ref idref="fl-74"/>
      </object_component>
      <object_component id="oc-939">
         <name>.text:EUSCI_A_UART_disableInterrupt</name>
         <load_address>0x13950</load_address>
         <run_address>0x13950</run_address>
         <size>0x22</size>
         <input_file_ref idref="fl-12"/>
      </object_component>
      <object_component id="oc-83a">
         <name>.text:SDCardLib_detectCard</name>
         <load_address>0x13972</load_address>
         <run_address>0x13972</run_address>
         <size>0x22</size>
         <input_file_ref idref="fl-26"/>
      </object_component>
      <object_component id="oc-ae2">
         <name>.text:disk_status</name>
         <load_address>0x13994</load_address>
         <run_address>0x13994</run_address>
         <size>0x20</size>
         <input_file_ref idref="fl-7"/>
      </object_component>
      <object_component id="oc-bc3">
         <name>.text:select</name>
         <load_address>0x139b4</load_address>
         <run_address>0x139b4</run_address>
         <size>0x20</size>
         <input_file_ref idref="fl-7"/>
      </object_component>
      <object_component id="oc-92d">
         <name>.text:GPIO_clearInterrupt</name>
         <load_address>0x139d4</load_address>
         <run_address>0x139d4</run_address>
         <size>0x1e</size>
         <input_file_ref idref="fl-17"/>
      </object_component>
      <object_component id="oc-933">
         <name>.text:GPIO_enableInterrupt</name>
         <load_address>0x139f2</load_address>
         <run_address>0x139f2</run_address>
         <size>0x1e</size>
         <input_file_ref idref="fl-17"/>
      </object_component>
      <object_component id="oc-8b1">
         <name>.text:RTC_C_startClock</name>
         <load_address>0x13a10</load_address>
         <run_address>0x13a10</run_address>
         <size>0x1e</size>
         <input_file_ref idref="fl-1f"/>
      </object_component>
      <object_component id="oc-864">
         <name>.text:strcat</name>
         <load_address>0x13a2e</load_address>
         <run_address>0x13a2e</run_address>
         <size>0x1e</size>
         <input_file_ref idref="fl-89"/>
      </object_component>
      <object_component id="oc-aba">
         <name>.text:GPIO_getInputPinValue</name>
         <load_address>0x13a4c</load_address>
         <run_address>0x13a4c</run_address>
         <size>0x1c</size>
         <input_file_ref idref="fl-17"/>
      </object_component>
      <object_component id="oc-75f">
         <name>.text:GPIO_setOutputHighOnPin</name>
         <load_address>0x13a68</load_address>
         <run_address>0x13a68</run_address>
         <size>0x1c</size>
         <input_file_ref idref="fl-17"/>
      </object_component>
      <object_component id="oc-7aa">
         <name>.text:GPIO_setOutputLowOnPin</name>
         <load_address>0x13a84</load_address>
         <run_address>0x13a84</run_address>
         <size>0x1c</size>
         <input_file_ref idref="fl-17"/>
      </object_component>
      <object_component id="oc-707">
         <name>.text:_system_pre_init</name>
         <load_address>0x13aa0</load_address>
         <run_address>0x13aa0</run_address>
         <size>0x1c</size>
         <input_file_ref idref="fl-5"/>
      </object_component>
      <object_component id="oc-834">
         <name>.text:SDCardLib_init</name>
         <load_address>0x13abc</load_address>
         <run_address>0x13abc</run_address>
         <size>0x1a</size>
         <input_file_ref idref="fl-26"/>
      </object_component>
      <object_component id="oc-b91">
         <name>.text:deselect</name>
         <load_address>0x13ad6</load_address>
         <run_address>0x13ad6</run_address>
         <size>0x1a</size>
         <input_file_ref idref="fl-7"/>
      </object_component>
      <object_component id="oc-7d6">
         <name>.text</name>
         <load_address>0x13af0</load_address>
         <run_address>0x13af0</run_address>
         <size>0x18</size>
         <input_file_ref idref="fl-72"/>
      </object_component>
      <object_component id="oc-9ae">
         <name>.text:SDCard_setRTCTime</name>
         <load_address>0x13b08</load_address>
         <run_address>0x13b08</run_address>
         <size>0x16</size>
         <input_file_ref idref="fl-8"/>
      </object_component>
      <object_component id="oc-759">
         <name>.text:WDT_A_hold</name>
         <load_address>0x13b1e</load_address>
         <run_address>0x13b1e</run_address>
         <size>0x16</size>
         <input_file_ref idref="fl-25"/>
      </object_component>
      <object_component id="oc-bb2">
         <name>.text:chk_chr</name>
         <load_address>0x13b34</load_address>
         <run_address>0x13b34</run_address>
         <size>0x16</size>
         <input_file_ref idref="fl-6"/>
      </object_component>
      <object_component id="oc-885">
         <name>.text:f_close</name>
         <load_address>0x13b4a</load_address>
         <run_address>0x13b4a</run_address>
         <size>0x16</size>
         <input_file_ref idref="fl-6"/>
      </object_component>
      <object_component id="oc-9e7">
         <name>.text</name>
         <load_address>0x13b60</load_address>
         <run_address>0x13b60</run_address>
         <size>0x16</size>
         <input_file_ref idref="fl-6f"/>
      </object_component>
      <object_component id="oc-8d6">
         <name>.text:ADC12_B_clearInterrupt</name>
         <load_address>0x13b76</load_address>
         <run_address>0x13b76</run_address>
         <size>0x14</size>
         <input_file_ref idref="fl-9"/>
      </object_component>
      <object_component id="oc-bb9">
         <name>.text:mem_cmp</name>
         <load_address>0x13b8a</load_address>
         <run_address>0x13b8a</run_address>
         <size>0x14</size>
         <input_file_ref idref="fl-6"/>
      </object_component>
      <object_component id="oc-6cf">
         <name>.text:memcpy</name>
         <load_address>0x13b9e</load_address>
         <run_address>0x13b9e</run_address>
         <size>0x14</size>
         <input_file_ref idref="fl-88"/>
      </object_component>
      <object_component id="oc-818">
         <name>.text:CS_setExternalClockSource</name>
         <load_address>0x13bb2</load_address>
         <run_address>0x13bb2</run_address>
         <size>0x12</size>
         <input_file_ref idref="fl-e"/>
      </object_component>
      <object_component id="oc-83">
         <name>.text:decompress:none:__TI_decompress_none</name>
         <load_address>0x13bc4</load_address>
         <run_address>0x13bc4</run_address>
         <size>0x12</size>
         <input_file_ref idref="fl-47"/>
      </object_component>
      <object_component id="oc-b0f">
         <name>.text:mem_cpy</name>
         <load_address>0x13bd6</load_address>
         <run_address>0x13bd6</run_address>
         <size>0x12</size>
         <input_file_ref idref="fl-6"/>
      </object_component>
      <object_component id="oc-b09">
         <name>.text:mem_set</name>
         <load_address>0x13be8</load_address>
         <run_address>0x13be8</run_address>
         <size>0x12</size>
         <input_file_ref idref="fl-6"/>
      </object_component>
      <object_component id="oc-858">
         <name>.text:strcpy</name>
         <load_address>0x13bfa</load_address>
         <run_address>0x13bfa</run_address>
         <size>0x12</size>
         <input_file_ref idref="fl-8a"/>
      </object_component>
      <object_component id="oc-bd3">
         <name>.text:l_lsl</name>
         <load_address>0x13c0c</load_address>
         <run_address>0x13c0c</run_address>
         <size>0x10</size>
         <input_file_ref idref="fl-79"/>
      </object_component>
      <object_component id="oc-a87">
         <name>.text:EUSCI_B_SPI_clearInterrupt</name>
         <load_address>0x13c1c</load_address>
         <run_address>0x13c1c</run_address>
         <size>0xe</size>
         <input_file_ref idref="fl-14"/>
      </object_component>
      <object_component id="oc-90f">
         <name>.text:ADC12_B_disable</name>
         <load_address>0x13c2a</load_address>
         <run_address>0x13c2a</run_address>
         <size>0xc</size>
         <input_file_ref idref="fl-9"/>
      </object_component>
      <object_component id="oc-8c1">
         <name>.text:ADC12_B_enable</name>
         <load_address>0x13c36</load_address>
         <run_address>0x13c36</run_address>
         <size>0xc</size>
         <input_file_ref idref="fl-9"/>
      </object_component>
      <object_component id="oc-aa3">
         <name>.text:EUSCI_B_SPI_transmitData</name>
         <load_address>0x13c42</load_address>
         <run_address>0x13c42</run_address>
         <size>0xc</size>
         <input_file_ref idref="fl-14"/>
      </object_component>
      <object_component id="oc-8ee">
         <name>.text:Ref_A_setReferenceVoltage</name>
         <load_address>0x13c4e</load_address>
         <run_address>0x13c4e</run_address>
         <size>0xc</size>
         <input_file_ref idref="fl-1d"/>
      </object_component>
      <object_component id="oc-b8b">
         <name>.text:rcvr_mmc</name>
         <load_address>0x13c5a</load_address>
         <run_address>0x13c5a</run_address>
         <size>0xc</size>
         <input_file_ref idref="fl-7"/>
      </object_component>
      <object_component id="oc-bc9">
         <name>.text:xmit_mmc</name>
         <load_address>0x13c66</load_address>
         <run_address>0x13c66</run_address>
         <size>0xc</size>
         <input_file_ref idref="fl-7"/>
      </object_component>
      <object_component id="oc-a9d">
         <name>.text:EUSCI_B_SPI_getInterruptStatus</name>
         <load_address>0x13c72</load_address>
         <run_address>0x13c72</run_address>
         <size>0xa</size>
         <input_file_ref idref="fl-14"/>
      </object_component>
      <object_component id="oc-ab1">
         <name>.text:EUSCI_B_SPI_isBusy</name>
         <load_address>0x13c7c</load_address>
         <run_address>0x13c7c</run_address>
         <size>0xa</size>
         <input_file_ref idref="fl-14"/>
      </object_component>
      <object_component id="oc-aa9">
         <name>.text:EUSCI_B_SPI_receiveData</name>
         <load_address>0x13c86</load_address>
         <run_address>0x13c86</run_address>
         <size>0xa</size>
         <input_file_ref idref="fl-14"/>
      </object_component>
      <object_component id="oc-8e2">
         <name>.text:Ref_A_isRefGenBusy</name>
         <load_address>0x13c90</load_address>
         <run_address>0x13c90</run_address>
         <size>0xa</size>
         <input_file_ref idref="fl-1d"/>
      </object_component>
      <object_component id="oc-88b">
         <name>.text:SDCardLib_unInit</name>
         <load_address>0x13c9a</load_address>
         <run_address>0x13c9a</run_address>
         <size>0xa</size>
         <input_file_ref idref="fl-26"/>
      </object_component>
      <object_component id="oc-9a8">
         <name>.text:SDCard_getRTCTime</name>
         <load_address>0x13ca4</load_address>
         <run_address>0x13ca4</run_address>
         <size>0xa</size>
         <input_file_ref idref="fl-8"/>
      </object_component>
      <object_component id="oc-996">
         <name>.text:SDCard_setCSHigh</name>
         <load_address>0x13cae</load_address>
         <run_address>0x13cae</run_address>
         <size>0xa</size>
         <input_file_ref idref="fl-8"/>
      </object_component>
      <object_component id="oc-99c">
         <name>.text:SDCard_setCSLow</name>
         <load_address>0x13cb8</load_address>
         <run_address>0x13cb8</run_address>
         <size>0xa</size>
         <input_file_ref idref="fl-8"/>
      </object_component>
      <object_component id="oc-84f">
         <name>.text:SDCardLib_createDirectory</name>
         <load_address>0x13cc2</load_address>
         <run_address>0x13cc2</run_address>
         <size>0x8</size>
         <input_file_ref idref="fl-26"/>
      </object_component>
      <object_component id="oc-903">
         <name>.text:Timer_A_stop</name>
         <load_address>0x13cca</load_address>
         <run_address>0x13cca</run_address>
         <size>0x8</size>
         <input_file_ref idref="fl-22"/>
      </object_component>
      <object_component id="oc-91b">
         <name>.text:EUSCI_B_SPI_disable</name>
         <load_address>0x13cd2</load_address>
         <run_address>0x13cd2</run_address>
         <size>0x6</size>
         <input_file_ref idref="fl-14"/>
      </object_component>
      <object_component id="oc-a81">
         <name>.text:EUSCI_B_SPI_enable</name>
         <load_address>0x13cd8</load_address>
         <run_address>0x13cd8</run_address>
         <size>0x6</size>
         <input_file_ref idref="fl-14"/>
      </object_component>
      <object_component id="oc-80b">
         <name>.text:PMM_unlockLPM5</name>
         <load_address>0x13cde</load_address>
         <run_address>0x13cde</run_address>
         <size>0x6</size>
         <input_file_ref idref="fl-1b"/>
      </object_component>
      <object_component id="oc-8f4">
         <name>.text:Ref_A_enableReferenceVoltage</name>
         <load_address>0x13ce4</load_address>
         <run_address>0x13ce4</run_address>
         <size>0x6</size>
         <input_file_ref idref="fl-1d"/>
      </object_component>
      <object_component id="oc-8e8">
         <name>.text:Ref_A_enableTempSensor</name>
         <load_address>0x13cea</load_address>
         <run_address>0x13cea</run_address>
         <size>0x6</size>
         <input_file_ref idref="fl-1d"/>
      </object_component>
      <object_component id="oc-72f">
         <name>.text:abort</name>
         <load_address>0x13cf0</load_address>
         <run_address>0x13cf0</run_address>
         <size>0x6</size>
         <input_file_ref idref="fl-82"/>
      </object_component>
      <object_component id="oc-89">
         <name>.text:decompress:rle24:__TI_decompress_rle24</name>
         <load_address>0x13cf6</load_address>
         <run_address>0x13cf6</run_address>
         <size>0x6</size>
         <input_file_ref idref="fl-48"/>
      </object_component>
      <object_component id="oc-9bc">
         <name>.text:disk_initCallBack</name>
         <load_address>0x13cfc</load_address>
         <run_address>0x13cfc</run_address>
         <size>0x6</size>
         <input_file_ref idref="fl-7"/>
      </object_component>
      <object_component id="oc-777">
         <name>.text:_system_post_cinit</name>
         <load_address>0x13d02</load_address>
         <run_address>0x13d02</run_address>
         <size>0x2</size>
         <input_file_ref idref="fl-81"/>
      </object_component>
      <object_component id="oc-870">
         <name>.bss:fil</name>
         <uninitialized>true</uninitialized>
         <run_address>0x1efa</run_address>
         <size>0x24</size>
         <input_file_ref idref="fl-4"/>
      </object_component>
      <object_component id="oc-855">
         <name>.bss:filename</name>
         <uninitialized>true</uninitialized>
         <run_address>0x1f1e</run_address>
         <size>0x20</size>
         <input_file_ref idref="fl-4"/>
      </object_component>
      <object_component id="oc-84c">
         <name>.bss</name>
         <uninitialized>true</uninitialized>
         <run_address>0x1f50</run_address>
         <size>0x2</size>
         <input_file_ref idref="fl-4"/>
      </object_component>
      <object_component id="oc-ac9">
         <name>.bss:FatFs</name>
         <uninitialized>true</uninitialized>
         <run_address>0x1f4c</run_address>
         <size>0x4</size>
         <input_file_ref idref="fl-6"/>
      </object_component>
      <object_component id="oc-b39">
         <name>.bss</name>
         <uninitialized>true</uninitialized>
         <run_address>0x1f52</run_address>
         <size>0x2</size>
         <input_file_ref idref="fl-6"/>
      </object_component>
      <object_component id="oc-acd">
         <name>.bss</name>
         <uninitialized>true</uninitialized>
         <run_address>0x1f46</run_address>
         <size>0x5</size>
         <input_file_ref idref="fl-7"/>
      </object_component>
      <object_component id="oc-82e">
         <name>.common:sdCardLib</name>
         <uninitialized>true</uninitialized>
         <run_address>0x1c00</run_address>
         <size>0x232</size>
      </object_component>
      <object_component id="oc-845">
         <name>.common:dirs</name>
         <uninitialized>true</uninitialized>
         <run_address>0x1eaa</run_address>
         <size>0x50</size>
      </object_component>
      <object_component id="oc-840">
         <name>.common:files</name>
         <uninitialized>true</uninitialized>
         <run_address>0x1e32</run_address>
         <size>0x78</size>
      </object_component>
      <object_component id="oc-898">
         <name>.common:calendar</name>
         <uninitialized>true</uninitialized>
         <run_address>0x1f3e</run_address>
         <size>0x8</size>
      </object_component>
      <object_component id="oc-841">
         <name>.data</name>
         <load_address>0x1f8c</load_address>
         <run_address>0x1f8c</run_address>
         <size>0x2</size>
         <input_file_ref idref="fl-4"/>
      </object_component>
      <object_component id="oc-891">
         <name>.data</name>
         <load_address>0x1f84</load_address>
         <run_address>0x1f84</run_address>
         <size>0x8</size>
         <input_file_ref idref="fl-5"/>
      </object_component>
      <object_component id="oc-adf">
         <name>.data</name>
         <load_address>0x1f8e</load_address>
         <run_address>0x1f8e</run_address>
         <size>0x2</size>
         <input_file_ref idref="fl-7"/>
      </object_component>
      <object_component id="oc-831">
         <name>.data:sdIntf_MSP430FR5994LP</name>
         <load_address>0x1f54</load_address>
         <run_address>0x1f54</run_address>
         <size>0x28</size>
         <input_file_ref idref="fl-8"/>
      </object_component>
      <object_component id="oc-965">
         <name>.data</name>
         <load_address>0x1f7c</load_address>
         <run_address>0x1f7c</run_address>
         <size>0x8</size>
         <input_file_ref idref="fl-e"/>
      </object_component>
      <object_component id="oc-6cb">
         <name>.stack</name>
         <uninitialized>true</uninitialized>
         <run_address>0x2b60</run_address>
         <size>0x4</size>
         <input_file_ref idref="fl-7c"/>
      </object_component>
      <object_component id="oc-c51">
         <name>.stack</name>
         <uninitialized>true</uninitialized>
         <run_address>0x2b60</run_address>
         <size>0x0</size>
      </object_component>
      <object_component id="oc-8f">
         <name>.int18</name>
         <load_address>0xffb4</load_address>
         <run_address>0xffb4</run_address>
         <size>0x2</size>
         <input_file_ref idref="fl-49"/>
      </object_component>
      <object_component id="oc-90">
         <name>.int19</name>
         <load_address>0xffb6</load_address>
         <run_address>0xffb6</run_address>
         <size>0x2</size>
         <input_file_ref idref="fl-4b"/>
      </object_component>
      <object_component id="oc-91">
         <name>.int20</name>
         <load_address>0xffb8</load_address>
         <run_address>0xffb8</run_address>
         <size>0x2</size>
         <input_file_ref idref="fl-4c"/>
      </object_component>
      <object_component id="oc-92">
         <name>.int21</name>
         <load_address>0xffba</load_address>
         <run_address>0xffba</run_address>
         <size>0x2</size>
         <input_file_ref idref="fl-4d"/>
      </object_component>
      <object_component id="oc-93">
         <name>.int22</name>
         <load_address>0xffbc</load_address>
         <run_address>0xffbc</run_address>
         <size>0x2</size>
         <input_file_ref idref="fl-4e"/>
      </object_component>
      <object_component id="oc-94">
         <name>.int23</name>
         <load_address>0xffbe</load_address>
         <run_address>0xffbe</run_address>
         <size>0x2</size>
         <input_file_ref idref="fl-4f"/>
      </object_component>
      <object_component id="oc-95">
         <name>.int24</name>
         <load_address>0xffc0</load_address>
         <run_address>0xffc0</run_address>
         <size>0x2</size>
         <input_file_ref idref="fl-50"/>
      </object_component>
      <object_component id="oc-96">
         <name>.int25</name>
         <load_address>0xffc2</load_address>
         <run_address>0xffc2</run_address>
         <size>0x2</size>
         <input_file_ref idref="fl-51"/>
      </object_component>
      <object_component id="oc-97">
         <name>.int26</name>
         <load_address>0xffc4</load_address>
         <run_address>0xffc4</run_address>
         <size>0x2</size>
         <input_file_ref idref="fl-52"/>
      </object_component>
      <object_component id="oc-98">
         <name>.int27</name>
         <load_address>0xffc6</load_address>
         <run_address>0xffc6</run_address>
         <size>0x2</size>
         <input_file_ref idref="fl-53"/>
      </object_component>
      <object_component id="oc-99">
         <name>.int28</name>
         <load_address>0xffc8</load_address>
         <run_address>0xffc8</run_address>
         <size>0x2</size>
         <input_file_ref idref="fl-54"/>
      </object_component>
      <object_component id="oc-9a">
         <name>.int29</name>
         <load_address>0xffca</load_address>
         <run_address>0xffca</run_address>
         <size>0x2</size>
         <input_file_ref idref="fl-55"/>
      </object_component>
      <object_component id="oc-9b">
         <name>.int30</name>
         <load_address>0xffcc</load_address>
         <run_address>0xffcc</run_address>
         <size>0x2</size>
         <input_file_ref idref="fl-56"/>
      </object_component>
      <object_component id="oc-9c">
         <name>.int31</name>
         <load_address>0xffce</load_address>
         <run_address>0xffce</run_address>
         <size>0x2</size>
         <input_file_ref idref="fl-5"/>
      </object_component>
      <object_component id="oc-9d">
         <name>.int32</name>
         <load_address>0xffd0</load_address>
         <run_address>0xffd0</run_address>
         <size>0x2</size>
         <input_file_ref idref="fl-57"/>
      </object_component>
      <object_component id="oc-9e">
         <name>.int33</name>
         <load_address>0xffd2</load_address>
         <run_address>0xffd2</run_address>
         <size>0x2</size>
         <input_file_ref idref="fl-58"/>
      </object_component>
      <object_component id="oc-9f">
         <name>.int34</name>
         <load_address>0xffd4</load_address>
         <run_address>0xffd4</run_address>
         <size>0x2</size>
         <input_file_ref idref="fl-59"/>
      </object_component>
      <object_component id="oc-a0">
         <name>.int35</name>
         <load_address>0xffd6</load_address>
         <run_address>0xffd6</run_address>
         <size>0x2</size>
         <input_file_ref idref="fl-5a"/>
      </object_component>
      <object_component id="oc-a1">
         <name>.int36</name>
         <load_address>0xffd8</load_address>
         <run_address>0xffd8</run_address>
         <size>0x2</size>
         <input_file_ref idref="fl-5b"/>
      </object_component>
      <object_component id="oc-a2">
         <name>.int37</name>
         <load_address>0xffda</load_address>
         <run_address>0xffda</run_address>
         <size>0x2</size>
         <input_file_ref idref="fl-5c"/>
      </object_component>
      <object_component id="oc-a3">
         <name>.int38</name>
         <load_address>0xffdc</load_address>
         <run_address>0xffdc</run_address>
         <size>0x2</size>
         <input_file_ref idref="fl-5d"/>
      </object_component>
      <object_component id="oc-a4">
         <name>.int39</name>
         <load_address>0xffde</load_address>
         <run_address>0xffde</run_address>
         <size>0x2</size>
         <input_file_ref idref="fl-5e"/>
      </object_component>
      <object_component id="oc-a5">
         <name>.int40</name>
         <load_address>0xffe0</load_address>
         <run_address>0xffe0</run_address>
         <size>0x2</size>
         <input_file_ref idref="fl-5f"/>
      </object_component>
      <object_component id="oc-a6">
         <name>.int41</name>
         <load_address>0xffe2</load_address>
         <run_address>0xffe2</run_address>
         <size>0x2</size>
         <input_file_ref idref="fl-60"/>
      </object_component>
      <object_component id="oc-a7">
         <name>.int42</name>
         <load_address>0xffe4</load_address>
         <run_address>0xffe4</run_address>
         <size>0x2</size>
         <input_file_ref idref="fl-61"/>
      </object_component>
      <object_component id="oc-a8">
         <name>.int43</name>
         <load_address>0xffe6</load_address>
         <run_address>0xffe6</run_address>
         <size>0x2</size>
         <input_file_ref idref="fl-62"/>
      </object_component>
      <object_component id="oc-a9">
         <name>.int44</name>
         <load_address>0xffe8</load_address>
         <run_address>0xffe8</run_address>
         <size>0x2</size>
         <input_file_ref idref="fl-63"/>
      </object_component>
      <object_component id="oc-aa">
         <name>.int45</name>
         <load_address>0xffea</load_address>
         <run_address>0xffea</run_address>
         <size>0x2</size>
         <input_file_ref idref="fl-5"/>
      </object_component>
      <object_component id="oc-ab">
         <name>.int46</name>
         <load_address>0xffec</load_address>
         <run_address>0xffec</run_address>
         <size>0x2</size>
         <input_file_ref idref="fl-5"/>
      </object_component>
      <object_component id="oc-ac">
         <name>.int47</name>
         <load_address>0xffee</load_address>
         <run_address>0xffee</run_address>
         <size>0x2</size>
         <input_file_ref idref="fl-64"/>
      </object_component>
      <object_component id="oc-ad">
         <name>.int48</name>
         <load_address>0xfff0</load_address>
         <run_address>0xfff0</run_address>
         <size>0x2</size>
         <input_file_ref idref="fl-65"/>
      </object_component>
      <object_component id="oc-ae">
         <name>.int49</name>
         <load_address>0xfff2</load_address>
         <run_address>0xfff2</run_address>
         <size>0x2</size>
         <input_file_ref idref="fl-66"/>
      </object_component>
      <object_component id="oc-af">
         <name>.int50</name>
         <load_address>0xfff4</load_address>
         <run_address>0xfff4</run_address>
         <size>0x2</size>
         <input_file_ref idref="fl-67"/>
      </object_component>
      <object_component id="oc-b0">
         <name>.int51</name>
         <load_address>0xfff6</load_address>
         <run_address>0xfff6</run_address>
         <size>0x2</size>
         <input_file_ref idref="fl-68"/>
      </object_component>
      <object_component id="oc-b1">
         <name>.int52</name>
         <load_address>0xfff8</load_address>
         <run_address>0xfff8</run_address>
         <size>0x2</size>
         <input_file_ref idref="fl-69"/>
      </object_component>
      <object_component id="oc-b2">
         <name>.int53</name>
         <load_address>0xfffa</load_address>
         <run_address>0xfffa</run_address>
         <size>0x2</size>
         <input_file_ref idref="fl-6a"/>
      </object_component>
      <object_component id="oc-b3">
         <name>.int54</name>
         <load_address>0xfffc</load_address>
         <run_address>0xfffc</run_address>
         <size>0x2</size>
         <input_file_ref idref="fl-6b"/>
      </object_component>
      <object_component id="oc-6ce">
         <name>.reset</name>
         <load_address>0xfffe</load_address>
         <run_address>0xfffe</run_address>
         <size>0x2</size>
         <input_file_ref idref="fl-7c"/>
      </object_component>
      <object_component id="oc-940">
         <name>.debug_info</name>
         <load_address>0x0</load_address>
         <run_address>0x0</run_address>
         <size>0x131</size>
         <input_file_ref idref="fl-2"/>
      </object_component>
      <object_component id="oc-94d">
         <name>.debug_info</name>
         <load_address>0x131</load_address>
         <run_address>0x131</run_address>
         <size>0x131</size>
         <input_file_ref idref="fl-2"/>
      </object_component>
      <object_component id="oc-a8e">
         <name>.debug_info</name>
         <load_address>0x262</load_address>
         <run_address>0x262</run_address>
         <size>0x174</size>
         <input_file_ref idref="fl-2"/>
      </object_component>
      <object_component id="oc-945">
         <name>.debug_info</name>
         <load_address>0x3d6</load_address>
         <run_address>0x3d6</run_address>
         <size>0x392</size>
         <input_file_ref idref="fl-2"/>
      </object_component>
      <object_component id="oc-76c">
         <name>.debug_info</name>
         <load_address>0x768</load_address>
         <run_address>0x768</run_address>
         <size>0x8b</size>
         <input_file_ref idref="fl-2"/>
      </object_component>
      <object_component id="oc-7cc">
         <name>.debug_info</name>
         <load_address>0x7f3</load_address>
         <run_address>0x7f3</run_address>
         <size>0x18b</size>
         <input_file_ref idref="fl-2"/>
      </object_component>
      <object_component id="oc-82f">
         <name>.debug_info</name>
         <load_address>0x97e</load_address>
         <run_address>0x97e</run_address>
         <size>0xf35</size>
         <input_file_ref idref="fl-4"/>
      </object_component>
      <object_component id="oc-82c">
         <name>.debug_info</name>
[...]
      </symbol>
      <symbol id="sm-bdf">
         <name>EUSCI_B_SPI_getInterruptStatus</name>
         <value>0x13c72</value>
         <object_component_ref idref="oc-a9d"/>
      </symbol>
      <symbol id="sm-be0">
         <name>EUSCI_B_SPI_clearInterrupt</name>
         <value>0x13c1c</value>
         <object_component_ref idref="oc-a87"/>
      </symbol>
      <symbol id="sm-be1">
         <name>EUSCI_B_SPI_enable</name>
         <value>0x13cd8</value>
         <object_component_ref idref="oc-a81"/>
      </symbol>
      <symbol id="sm-be2">
         <name>EUSCI_B_SPI_disable</name>
         <value>0x13cd2</value>
         <object_component_ref idref="oc-91b"/>
      </symbol>
      <symbol id="sm-be3">
         <name>EUSCI_B_SPI_transmitData</name>
         <value>0x13c42</value>
         <object_component_ref idref="oc-aa3"/>
      </symbol>
      <symbol id="sm-be4">
         <name>EUSCI_B_SPI_initMaster</name>
         <value>0x132f4</value>
         <object_component_ref idref="oc-a7b"/>
      </symbol>
      <symbol id="sm-be5">
         <name>EUSCI_B_SPI_changeMasterClock</name>
         <value>0x137e2</value>
         <object_component_ref idref="oc-a96"/>
      </symbol>
      <symbol id="sm-c40">
         <name>GPIO_clearInterrupt</name>
         <value>0x139d4</value>
         <object_component_ref idref="oc-92d"/>
      </symbol>
      <symbol id="sm-c41">
         <name>GPIO_setOutputHighOnPin</name>
         <value>0x13a68</value>
         <object_component_ref idref="oc-75f"/>
      </symbol>
      <symbol id="sm-c42">
         <name>GPIO_selectInterruptEdge</name>
         <value>0x13810</value>
         <object_component_ref idref="oc-921"/>
      </symbol>
      <symbol id="sm-c43">
         <name>GPIO_setAsInputPinWithPullUpResistor</name>
         <value>0x1343c</value>
         <object_component_ref idref="oc-927"/>
      </symbol>
      <symbol id="sm-c44">
         <name>GPIO_enableInterrupt</name>
         <value>0x139f2</value>
         <object_component_ref idref="oc-933"/>
      </symbol>
      <symbol id="sm-c45">
         <name>GPIO_setAsOutputPin</name>
         <value>0x1377c</value>
         <object_component_ref idref="oc-765"/>
      </symbol>
      <symbol id="sm-c46">
         <name>GPIO_setOutputLowOnPin</name>
         <value>0x13a84</value>
         <object_component_ref idref="oc-7aa"/>
      </symbol>
      <symbol id="sm-c47">
         <name>GPIO_getInputPinValue</name>
         <value>0x13a4c</value>
         <object_component_ref idref="oc-aba"/>
      </symbol>
      <symbol id="sm-c48">
         <name>GPIO_setAsPeripheralModuleFunctionInputPin</name>
         <value>0x12d66</value>
         <object_component_ref idref="oc-805"/>
      </symbol>
      <symbol id="sm-c54">
         <name>PMM_unlockLPM5</name>
         <value>0x13cde</value>
         <object_component_ref idref="oc-80b"/>
      </symbol>
      <symbol id="sm-c73">
         <name>Ref_A_enableReferenceVoltage</name>
         <value>0x13ce4</value>
         <object_component_ref idref="oc-8f4"/>
      </symbol>
      <symbol id="sm-c74">
         <name>Ref_A_setReferenceVoltage</name>
         <value>0x13c4e</value>
         <object_component_ref idref="oc-8ee"/>
      </symbol>
      <symbol id="sm-c75">
         <name>Ref_A_enableTempSensor</name>
         <value>0x13cea</value>
         <object_component_ref idref="oc-8e8"/>
      </symbol>
      <symbol id="sm-c76">
         <name>Ref_A_isRefGenBusy</name>
         <value>0x13c90</value>
         <object_component_ref idref="oc-8e2"/>
      </symbol>
      <symbol id="sm-cae">
         <name>RTC_C_startClock</name>
         <value>0x13a10</value>
         <object_component_ref idref="oc-8b1"/>
      </symbol>
      <symbol id="sm-caf">
         <name>RTC_C_getCalendarTime</name>
         <value>0x1291a</value>
         <object_component_ref idref="oc-ac1"/>
      </symbol>
      <symbol id="sm-cb0">
         <name>RTC_C_initCalendar</name>
         <value>0x12b5e</value>
         <object_component_ref idref="oc-899"/>
      </symbol>
      <symbol id="sm-cb1">
         <name>RTC_C_setCalendarEvent</name>
         <value>0x13896</value>
         <object_component_ref idref="oc-89f"/>
      </symbol>
      <symbol id="sm-cb2">
         <name>RTC_C_clearInterrupt</name>
         <value>0x1360e</value>
         <object_component_ref idref="oc-8a5"/>
      </symbol>
      <symbol id="sm-cb3">
         <name>RTC_C_enableInterrupt</name>
         <value>0x13510</value>
         <object_component_ref idref="oc-8ab"/>
      </symbol>
      <symbol id="sm-ccb">
         <name>Timer_A_initUpMode</name>
         <value>0x12cea</value>
         <object_component_ref idref="oc-8fd"/>
      </symbol>
      <symbol id="sm-ccc">
         <name>Timer_A_stop</name>
         <value>0x13cca</value>
         <object_component_ref idref="oc-903"/>
      </symbol>
      <symbol id="sm-cd7">
         <name>WDT_A_hold</name>
         <value>0x13b1e</value>
         <object_component_ref idref="oc-759"/>
      </symbol>
      <symbol id="sm-d0d">
         <name>SDCardLib_unInit</name>
         <value>0x13c9a</value>
         <object_component_ref idref="oc-88b"/>
      </symbol>
      <symbol id="sm-d0e">
         <name>SDCardLib_writeFile</name>
         <value>0x13706</value>
         <object_component_ref idref="oc-86a"/>
      </symbol>
      <symbol id="sm-d0f">
         <name>SDCardLib_init</name>
         <value>0x13abc</value>
         <object_component_ref idref="oc-834"/>
      </symbol>
      <symbol id="sm-d10">
         <name>SDCardLib_createDirectory</name>
         <value>0x13cc2</value>
         <object_component_ref idref="oc-84f"/>
      </symbol>
      <symbol id="sm-d11">
         <name>SDCardLib_detectCard</name>
         <value>0x13972</value>
         <object_component_ref idref="oc-83a"/>
      </symbol>
      <symbol id="sm-d12">
         <name>SDCardLib_getDirectory</name>
         <value>0x12dd8</value>
         <object_component_ref idref="oc-846"/>
      </symbol>
      <symbol id="sm-d28">
         <name>__TI_decompress_none</name>
         <value>0x13bc4</value>
         <object_component_ref idref="oc-83"/>
      </symbol>
      <symbol id="sm-d4a">
         <name>__TI_decompress_rle24</name>
         <value>0x13cf6</value>
         <object_component_ref idref="oc-89"/>
      </symbol>
      <symbol id="sm-d4d">
         <name>__TI_int18</name>
         <value>0xffb4</value>
         <object_component_ref idref="oc-8f"/>
      </symbol>
      <symbol id="sm-d55">
         <name>__TI_ISR_TRAP</name>
         <value>0x445e</value>
         <object_component_ref idref="oc-6e9"/>
      </symbol>
      <symbol id="sm-d58">
         <name>__TI_int19</name>
         <value>0xffb6</value>
         <object_component_ref idref="oc-90"/>
      </symbol>
      <symbol id="sm-d5b">
         <name>__TI_int20</name>
         <value>0xffb8</value>
         <object_component_ref idref="oc-91"/>
      </symbol>
      <symbol id="sm-d5e">
         <name>__TI_int21</name>
         <value>0xffba</value>
         <object_component_ref idref="oc-92"/>
      </symbol>
      <symbol id="sm-d61">
         <name>__TI_int22</name>
         <value>0xffbc</value>
         <object_component_ref idref="oc-93"/>
      </symbol>
      <symbol id="sm-d64">
         <name>__TI_int23</name>
         <value>0xffbe</value>
         <object_component_ref idref="oc-94"/>
      </symbol>
      <symbol id="sm-d67">
         <name>__TI_int24</name>
         <value>0xffc0</value>
         <object_component_ref idref="oc-95"/>
      </symbol>
      <symbol id="sm-d6a">
         <name>__TI_int25</name>
         <value>0xffc2</value>
         <object_component_ref idref="oc-96"/>
      </symbol>
      <symbol id="sm-d6d">
         <name>__TI_int26</name>
         <value>0xffc4</value>
         <object_component_ref idref="oc-97"/>
      </symbol>
      <symbol id="sm-d70">
         <name>__TI_int27</name>
         <value>0xffc6</value>
         <object_component_ref idref="oc-98"/>
      </symbol>
      <symbol id="sm-d73">
         <name>__TI_int28</name>
         <value>0xffc8</value>
         <object_component_ref idref="oc-99"/>
      </symbol>
      <symbol id="sm-d76">
         <name>__TI_int29</name>
         <value>0xffca</value>
         <object_component_ref idref="oc-9a"/>
      </symbol>
      <symbol id="sm-d79">
         <name>__TI_int30</name>
         <value>0xffcc</value>
         <object_component_ref idref="oc-9b"/>
      </symbol>
      <symbol id="sm-d7c">
         <name>__TI_int32</name>
         <value>0xffd0</value>
         <object_component_ref idref="oc-9d"/>
      </symbol>
      <symbol id="sm-d7f">
         <name>__TI_int33</name>
         <value>0xffd2</value>
         <object_component_ref idref="oc-9e"/>
      </symbol>
      <symbol id="sm-d82">
         <name>__TI_int34</name>
         <value>0xffd4</value>
         <object_component_ref idref="oc-9f"/>
      </symbol>
      <symbol id="sm-d85">
         <name>__TI_int35</name>
         <value>0xffd6</value>
         <object_component_ref idref="oc-a0"/>
      </symbol>
      <symbol id="sm-d88">
         <name>__TI_int36</name>
         <value>0xffd8</value>
         <object_component_ref idref="oc-a1"/>
      </symbol>
      <symbol id="sm-d8b">
         <name>__TI_int37</name>
         <value>0xffda</value>
         <object_component_ref idref="oc-a2"/>
      </symbol>
      <symbol id="sm-d8e">
         <name>__TI_int38</name>
         <value>0xffdc</value>
         <object_component_ref idref="oc-a3"/>
      </symbol>
      <symbol id="sm-d91">
         <name>__TI_int39</name>
         <value>0xffde</value>
         <object_component_ref idref="oc-a4"/>
      </symbol>
      <symbol id="sm-d94">
         <name>__TI_int40</name>
         <value>0xffe0</value>
         <object_component_ref idref="oc-a5"/>
      </symbol>
      <symbol id="sm-d97">
         <name>__TI_int41</name>
         <value>0xffe2</value>
         <object_component_ref idref="oc-a6"/>
      </symbol>
      <symbol id="sm-d9a">
         <name>__TI_int42</name>
         <value>0xffe4</value>
         <object_component_ref idref="oc-a7"/>
      </symbol>
      <symbol id="sm-d9d">
         <name>__TI_int43</name>
         <value>0xffe6</value>
         <object_component_ref idref="oc-a8"/>
      </symbol>
      <symbol id="sm-da0">
         <name>__TI_int44</name>
         <value>0xffe8</value>
         <object_component_ref idref="oc-a9"/>
      </symbol>
      <symbol id="sm-da3">
         <name>__TI_int47</name>
         <value>0xffee</value>
         <object_component_ref idref="oc-ac"/>
      </symbol>
      <symbol id="sm-da6">
         <name>__TI_int48</name>
         <value>0xfff0</value>
         <object_component_ref idref="oc-ad"/>
      </symbol>
      <symbol id="sm-da9">
         <name>__TI_int49</name>
         <value>0xfff2</value>
         <object_component_ref idref="oc-ae"/>
      </symbol>
      <symbol id="sm-dac">
         <name>__TI_int50</name>
         <value>0xfff4</value>
         <object_component_ref idref="oc-af"/>
      </symbol>
      <symbol id="sm-daf">
         <name>__TI_int51</name>
         <value>0xfff6</value>
         <object_component_ref idref="oc-b0"/>
      </symbol>
      <symbol id="sm-db2">
         <name>__TI_int52</name>
         <value>0xfff8</value>
         <object_component_ref idref="oc-b1"/>
      </symbol>
      <symbol id="sm-db5">
         <name>__TI_int53</name>
         <value>0xfffa</value>
         <object_component_ref idref="oc-b2"/>
      </symbol>
      <symbol id="sm-db8">
         <name>__TI_int54</name>
         <value>0xfffc</value>
         <object_component_ref idref="oc-b3"/>
      </symbol>
      <symbol id="sm-dc5">
         <name>__mspabi_remu</name>
         <value>0x13b60</value>
         <object_component_ref idref="oc-9e7"/>
      </symbol>
      <symbol id="sm-dc6">
         <name>__mspabi_divu</name>
         <value>0x13b60</value>
         <object_component_ref idref="oc-9e7"/>
      </symbol>
      <symbol id="sm-dd4">
         <name>__mspabi_remul</name>
         <value>0x13244</value>
         <object_component_ref idref="oc-a29"/>
      </symbol>
      <symbol id="sm-dd5">
         <name>__mspabi_divul</name>
         <value>0x13244</value>
         <object_component_ref idref="oc-a29"/>
      </symbol>
      <symbol id="sm-dde">
         <name>__mspabi_mpyi_f5hw</name>
         <value>0x13af0</value>
         <object_component_ref idref="oc-7d6"/>
      </symbol>
      <symbol id="sm-de7">
         <name>__mspabi_mpyl_f5hw</name>
         <value>0x1392c</value>
         <object_component_ref idref="oc-b2e"/>
      </symbol>
      <symbol id="sm-dfb">
         <name>__mspabi_slll_9</name>
         <value>0x136a2</value>
         <object_component_ref idref="oc-a1c"/>
      </symbol>
      <symbol id="sm-dfc">
         <name>__mspabi_slll_8</name>
         <value>0x136a6</value>
         <object_component_ref idref="oc-a1c"/>
      </symbol>
      <symbol id="sm-dfd">
         <name>__mspabi_slll_7</name>
         <value>0x136aa</value>
         <object_component_ref idref="oc-a1c"/>
      </symbol>
      <symbol id="sm-dfe">
         <name>__mspabi_slll_6</name>
         <value>0x136ae</value>
         <object_component_ref idref="oc-a1c"/>
      </symbol>
      <symbol id="sm-dff">
         <name>__mspabi_slll_5</name>
         <value>0x136b2</value>
         <object_component_ref idref="oc-a1c"/>
      </symbol>
      <symbol id="sm-e00">
         <name>__mspabi_slll_4</name>
         <value>0x136b6</value>
         <object_component_ref idref="oc-a1c"/>
      </symbol>
      <symbol id="sm-e01">
         <name>__mspabi_slll_3</name>
         <value>0x136ba</value>
         <object_component_ref idref="oc-a1c"/>
      </symbol>
      <symbol id="sm-e02">
         <name>__mspabi_slll_2</name>
         <value>0x136be</value>
         <object_component_ref idref="oc-a1c"/>
      </symbol>
      <symbol id="sm-e03">
         <name>__mspabi_slll_1</name>
         <value>0x136c2</value>
         <object_component_ref idref="oc-a1c"/>
      </symbol>
      <symbol id="sm-e04">
         <name>__mspabi_slll</name>
         <value>0x13c0c</value>
         <object_component_ref idref="oc-bd3"/>
      </symbol>
      <symbol id="sm-e05">
         <name>__mspabi_slll_15</name>
         <value>0x1368a</value>
         <object_component_ref idref="oc-a1c"/>
      </symbol>
      <symbol id="sm-e06">
         <name>__mspabi_slll_14</name>
         <value>0x1368e</value>
         <object_component_ref idref="oc-a1c"/>
      </symbol>
      <symbol id="sm-e07">
         <name>__mspabi_slll_13</name>
         <value>0x13692</value>
         <object_component_ref idref="oc-a1c"/>
      </symbol>
      <symbol id="sm-e08">
         <name>__mspabi_slll_12</name>
         <value>0x13696</value>
         <object_component_ref idref="oc-a1c"/>
      </symbol>
      <symbol id="sm-e09">
         <name>__mspabi_slll_11</name>
         <value>0x1369a</value>
         <object_component_ref idref="oc-a1c"/>
      </symbol>
      <symbol id="sm-e0a">
         <name>__mspabi_slll_10</name>
         <value>0x1369e</value>
         <object_component_ref idref="oc-a1c"/>
      </symbol>
      <symbol id="sm-e13">
         <name>__mspabi_srll_8</name>
         <value>0x136e4</value>
         <object_component_ref idref="oc-a40"/>
      </symbol>
      <symbol id="sm-e14">
         <name>__mspabi_srll_9</name>
         <value>0x136e0</value>
         <object_component_ref idref="oc-a40"/>
      </symbol>
      <symbol id="sm-e15">
         <name>__mspabi_srll_6</name>
         <value>0x136ec</value>
         <object_component_ref idref="oc-a40"/>
      </symbol>
      <symbol id="sm-e16">
         <name>__mspabi_srll_7</name>
         <value>0x136e8</value>
         <object_component_ref idref="oc-a40"/>
      </symbol>
      <symbol id="sm-e17">
         <name>__mspabi_srll_4</name>
         <value>0x136f4</value>
         <object_component_ref idref="oc-a40"/>
      </symbol>
      <symbol id="sm-e18">
         <name>__mspabi_srll_5</name>
         <value>0x136f0</value>
         <object_component_ref idref="oc-a40"/>
      </symbol>
      <symbol id="sm-e19">
         <name>__mspabi_srll_2</name>
         <value>0x136fc</value>
         <object_component_ref idref="oc-a40"/>
      </symbol>
      <symbol id="sm-e1a">
         <name>__mspabi_srll_3</name>
         <value>0x136f8</value>
         <object_component_ref idref="oc-a40"/>
      </symbol>
      <symbol id="sm-e1b">
         <name>__mspabi_srll_1</name>
         <value>0x13700</value>
         <object_component_ref idref="oc-a40"/>
      </symbol>
      <symbol id="sm-e1c">
         <name>__mspabi_srll_15</name>
         <value>0x136c8</value>
         <object_component_ref idref="oc-a40"/>
      </symbol>
      <symbol id="sm-e1d">
         <name>__mspabi_srll_14</name>
         <value>0x136cc</value>
         <object_component_ref idref="oc-a40"/>
      </symbol>
      <symbol id="sm-e1e">
         <name>__mspabi_srll_13</name>
         <value>0x136d0</value>
         <object_component_ref idref="oc-a40"/>
      </symbol>
      <symbol id="sm-e1f">
         <name>__mspabi_srll_12</name>
         <value>0x136d4</value>
         <object_component_ref idref="oc-a40"/>
      </symbol>
      <symbol id="sm-e20">
         <name>__mspabi_srll_11</name>
         <value>0x136d8</value>
         <object_component_ref idref="oc-a40"/>
      </symbol>
      <symbol id="sm-e21">
         <name>__mspabi_srll_10</name>
         <value>0x136dc</value>
         <object_component_ref idref="oc-a40"/>
      </symbol>
      <symbol id="sm-e29">
         <name>_stack</name>
         <value>0x2b60</value>
         <object_component_ref idref="oc-6cb"/>
      </symbol>
      <symbol id="sm-e2a">
         <name>_reset_vector</name>
         <value>0xfffe</value>
         <object_component_ref idref="oc-6ce"/>
      </symbol>
      <symbol id="sm-e4d">
         <name>_auto_init_hold_wdt</name>
         <value>0x12c68</value>
         <object_component_ref idref="oc-70d"/>
      </symbol>
      <symbol id="sm-e57">
         <name>_c_int00_noargs_noexit</name>
         <value>0x442a</value>
         <object_component_ref idref="oc-d2"/>
      </symbol>
      <symbol id="sm-e61">
         <name>_system_post_cinit</name>
         <value>0x13d02</value>
         <object_component_ref idref="oc-777"/>
      </symbol>
      <symbol id="sm-e6b">
         <name>C$$EXIT</name>
         <value>0x13cf0</value>
         <object_component_ref idref="oc-72f"/>
      </symbol>
      <symbol id="sm-e6c">
         <name>abort</name>
         <value>0x13cf0</value>
         <object_component_ref idref="oc-72f"/>
      </symbol>
      <symbol id="sm-e8b">
         <name>copy_in</name>
         <value>0x12ffe</value>
         <object_component_ref idref="oc-771"/>
      </symbol>
      <symbol id="sm-e99">
         <name>memcpy</name>
         <value>0x13b9e</value>
         <object_component_ref idref="oc-6cf"/>
      </symbol>
      <symbol id="sm-ea8">
         <name>strcat</name>
         <value>0x13a2e</value>
         <object_component_ref idref="oc-864"/>
      </symbol>
      <symbol id="sm-eb5">
         <name>strcpy</name>
         <value>0x13bfa</value>
         <object_component_ref idref="oc-858"/>
      </symbol>
      <symbol id="sm-ebd">
         <name>__TI_BINIT_Base</name>
         <value>0x0</value>
      </symbol>
      <symbol id="sm-ebe">
         <name>__TI_BINIT_Limit</name>
         <value>0x0</value>
      </symbol>
      <symbol id="sm-ebf">
         <name>__TI_INITARRAY_Base</name>
         <value>0x0</value>
      </symbol>
      <symbol id="sm-ec0">
         <name>__TI_INITARRAY_Limit</name>
         <value>0x0</value>
      </symbol>
   </symbol_table>
   <title>Link successful</title>
</link_info>
