<?xml version="1.0"?>
<link_info>
   <banner>MSP430 Linker PC v15.12.1.LTS</banner>
   <copyright>Copyright (c) 2003-2015 Texas Instruments Incorporated</copyright>
   <link_time>0x58dd1b72</link_time>
   <link_errors>0x0</link_errors>
   <output_file>sd_temp_demo.out</output_file>
   <entry_point>
      <name>_c_int00_noargs_noexit_mpu</name>
      <address>0x4492</address>
   </entry_point>
   <input_file_list>
      <input_file id="fl-2">
         <path>.\</path>
         <kind>object</kind>
         <file>FRAMLogMode.obj</file>
         <name>FRAMLogMode.obj</name>
      </input_file>
      <input_file id="fl-3">
         <path>.\</path>
         <kind>object</kind>
         <file>LiveTempMode.obj</file>
         <name>LiveTempMode.obj</name>
      </input_file>
      <input_file id="fl-4">
         <path>.\</path>
         <kind>object</kind>
         <file>SDCardLogMode.obj</file>
         <name>SDCardLogMode.obj</name>
      </input_file>
      <input_file id="fl-5">
         <path>.\</path>
         <kind>object</kind>
         <file>i2c_driver.obj</file>
         <name>i2c_driver.obj</name>
      </input_file>
      <input_file id="fl-6">
         <path>.\</path>
         <kind>object</kind>
         <file>main.obj</file>
         <name>main.obj</name>
      </input_file>
      <input_file id="fl-7">
         <path>.\</path>
         <kind>object</kind>
         <file>tmp007.obj</file>
         <name>tmp007.obj</name>
      </input_file>
      <input_file id="fl-8">
         <path>.\FatFs\</path>
         <kind>object</kind>
         <file>ff.obj</file>
         <name>ff.obj</name>
      </input_file>
      <input_file id="fl-9">
         <path>.\FatFs\</path>
         <kind>object</kind>
         <file>mmc.obj</file>
         <name>mmc.obj</name>
      </input_file>
      <input_file id="fl-a">
         <path>.\HAL\</path>
         <kind>object</kind>
         <file>HAL_SDCard.obj</file>
         <name>HAL_SDCard.obj</name>
      </input_file>
      <input_file id="fl-b">
         <path>.\MSP430FR5xx_6xx\</path>
         <kind>object</kind>
         <file>adc12_b.obj</file>
         <name>adc12_b.obj</name>
      </input_file>
      <input_file id="fl-c">
         <path>.\MSP430FR5xx_6xx\</path>
         <kind>object</kind>
         <file>aes256.obj</file>
         <name>aes256.obj</name>
      </input_file>
      <input_file id="fl-d">
         <path>.\MSP430FR5xx_6xx\</path>
         <kind>object</kind>
         <file>comp_e.obj</file>
         <name>comp_e.obj</name>
      </input_file>
      <input_file id="fl-e">
         <path>.\MSP430FR5xx_6xx\</path>
         <kind>object</kind>
         <file>crc.obj</file>
         <name>crc.obj</name>
      </input_file>
      <input_file id="fl-f">
         <path>.\MSP430FR5xx_6xx\</path>
         <kind>object</kind>
         <file>crc32.obj</file>
         <name>crc32.obj</name>
      </input_file>
      <input_file id="fl-10">
         <path>.\MSP430FR5xx_6xx\</path>
         <kind>object</kind>
         <file>cs.obj</file>
         <name>cs.obj</name>
      </input_file>
      <input_file id="fl-11">
         <path>.\MSP430FR5xx_6xx\</path>
         <kind>object</kind>
         <file>dma.obj</file>
         <name>dma.obj</name>
      </input_file>
      <input_file id="fl-12">
         <path>.\MSP430FR5xx_6xx\</path>
         <kind>object</kind>
         <file>esi.obj</file>
         <name>esi.obj</name>
      </input_file>
      <input_file id="fl-13">
         <path>.\MSP430FR5xx_6xx\</path>
         <kind>object</kind>
         <file>eusci_a_spi.obj</file>
         <name>eusci_a_spi.obj</name>
      </input_file>
      <input_file id="fl-14">
         <path>.\MSP430FR5xx_6xx\</path>
         <kind>object</kind>
         <file>eusci_a_uart.obj</file>
         <name>eusci_a_uart.obj</name>
      </input_file>
      <input_file id="fl-15">
         <path>.\MSP430FR5xx_6xx\</path>
         <kind>object</kind>
         <file>eusci_b_i2c.obj</file>
         <name>eusci_b_i2c.obj</name>
      </input_file>
      <input_file id="fl-16">
         <path>.\MSP430FR5xx_6xx\</path>
         <kind>object</kind>
         <file>eusci_b_spi.obj</file>
         <name>eusci_b_spi.obj</name>
      </input_file>
      <input_file id="fl-17">
         <path>.\MSP430FR5xx_6xx\</path>
         <kind>object</kind>
         <file>framctl.obj</file>
         <name>framctl.obj</name>
      </input_file>
      <input_file id="fl-18">
         <path>.\MSP430FR5xx_6xx\</path>
         <kind>object</kind>
         <file>framctl_a.obj</file>
         <name>framctl_a.obj</name>
      </input_file>
      <input_file id="fl-19">
         <path>.\MSP430FR5xx_6xx\</path>
         <kind>object</kind>
         <file>gpio.obj</file>
         <name>gpio.obj</name>
      </input_file>
      <input_file id="fl-1a">
         <path>.\MSP430FR5xx_6xx\</path>
         <kind>object</kind>
         <file>lcd_c.obj</file>
         <name>lcd_c.obj</name>
      </input_file>
      <input_file id="fl-1b">
         <path>.\MSP430FR5xx_6xx\</path>
         <kind>object</kind>
         <file>mpu.obj</file>
         <name>mpu.obj</name>
      </input_file>
      <input_file id="fl-1c">
         <path>.\MSP430FR5xx_6xx\</path>
         <kind>object</kind>
         <file>mpy32.obj</file>
         <name>mpy32.obj</name>
      </input_file>
      <input_file id="fl-1d">
         <path>.\MSP430FR5xx_6xx\</path>
         <kind>object</kind>
         <file>pmm.obj</file>
         <name>pmm.obj</name>
      </input_file>
      <input_file id="fl-1e">
         <path>.\MSP430FR5xx_6xx\</path>
         <kind>object</kind>
         <file>ram.obj</file>
         <name>ram.obj</name>
      </input_file>
      <input_file id="fl-1f">
         <path>.\MSP430FR5xx_6xx\</path>
         <kind>object</kind>
         <file>ref_a.obj</file>
         <name>ref_a.obj</name>
      </input_file>
      <input_file id="fl-20">
         <path>.\MSP430FR5xx_6xx\</path>
         <kind>object</kind>
         <file>rtc_b.obj</file>
         <name>rtc_b.obj</name>
      </input_file>
      <input_file id="fl-21">
         <path>.\MSP430FR5xx_6xx\</path>
         <kind>object</kind>
         <file>rtc_c.obj</file>
         <name>rtc_c.obj</name>
      </input_file>
      <input_file id="fl-22">
         <path>.\MSP430FR5xx_6xx\</path>
         <kind>object</kind>
         <file>sfr.obj</file>
         <name>sfr.obj</name>
      </input_file>
      <input_file id="fl-23">
         <path>.\MSP430FR5xx_6xx\</path>
         <kind>object</kind>
         <file>sysctl.obj</file>
         <name>sysctl.obj</name>
      </input_file>
      <input_file id="fl-24">
         <path>.\MSP430FR5xx_6xx\</path>
         <kind>object</kind>
         <file>timer_a.obj</file>
         <name>timer_a.obj</name>
      </input_file>
      <input_file id="fl-25">
         <path>.\MSP430FR5xx_6xx\</path>
         <kind>object</kind>
         <file>timer_b.obj</file>
         <name>timer_b.obj</name>
      </input_file>
      <input_file id="fl-26">
         <path>.\MSP430FR5xx_6xx\</path>
         <kind>object</kind>
         <file>tlv.obj</file>
         <name>tlv.obj</name>
      </input_file>
      <input_file id="fl-27">
         <path>.\MSP430FR5xx_6xx\</path>
         <kind>object</kind>
         <file>wdt_a.obj</file>
         <name>wdt_a.obj</name>
      </input_file>
      <input_file id="fl-28">
         <path>.\SDCardLib\</path>
         <kind>object</kind>
         <file>sdcard.obj</file>
         <name>sdcard.obj</name>
      </input_file>
      <input_file id="fl-4f">
         <path>C:\ti\ccsv6\tools\compiler\ti-cgt-msp430_15.12.1.LTS\lib\</path>
         <kind>archive</kind>
         <file>rts430x_lc_rd_eabi.lib</file>
         <name>copy_decompress_none.obj</name>
      </input_file>
      <input_file id="fl-50">
         <path>C:\ti\ccsv6\tools\compiler\ti-cgt-msp430_15.12.1.LTS\lib\</path>
         <kind>archive</kind>
         <file>rts430x_lc_rd_eabi.lib</file>
         <name>copy_decompress_rle.obj</name>
      </input_file>
      <input_file id="fl-51">
         <path>C:\ti\ccsv6\tools\compiler\ti-cgt-msp430_15.12.1.LTS\lib\</path>
         <kind>archive</kind>
         <file>rts430x_lc_rd_eabi.lib</file>
         <name>int18.obj</name>
      </input_file>
      <input_file id="fl-52">
         <path>C:\ti\ccsv6\tools\compiler\ti-cgt-msp430_15.12.1.LTS\lib\</path>
         <kind>archive</kind>
         <file>rts430x_lc_rd_eabi.lib</file>
         <name>isr_trap.obj</name>
      </input_file>
      <input_file id="fl-53">
         <path>C:\ti\ccsv6\tools\compiler\ti-cgt-msp430_15.12.1.LTS\lib\</path>
         <kind>archive</kind>
         <file>rts430x_lc_rd_eabi.lib</file>
         <name>int19.obj</name>
      </input_file>
      <input_file id="fl-54">
         <path>C:\ti\ccsv6\tools\compiler\ti-cgt-msp430_15.12.1.LTS\lib\</path>
         <kind>archive</kind>
         <file>rts430x_lc_rd_eabi.lib</file>
         <name>int20.obj</name>
      </input_file>
      <input_file id="fl-55">
         <path>C:\ti\ccsv6\tools\compiler\ti-cgt-msp430_15.12.1.LTS\lib\</path>
         <kind>archive</kind>
         <file>rts430x_lc_rd_eabi.lib</file>
         <name>int21.obj</name>
      </input_file>
      <input_file id="fl-56">
         <path>C:\ti\ccsv6\tools\compiler\ti-cgt-msp430_15.12.1.LTS\lib\</path>
         <kind>archive</kind>
         <file>rts430x_lc_rd_eabi.lib</file>
         <name>int23.obj</name>
      </input_file>
      <input_file id="fl-57">
         <path>C:\ti\ccsv6\tools\compiler\ti-cgt-msp430_15.12.1.LTS\lib\</path>
         <kind>archive</kind>
         <file>rts430x_lc_rd_eabi.lib</file>
         <name>int24.obj</name>
      </input_file>
      <input_file id="fl-58">
         <path>C:\ti\ccsv6\tools\compiler\ti-cgt-msp430_15.12.1.LTS\lib\</path>
         <kind>archive</kind>
         <file>rts430x_lc_rd_eabi.lib</file>
         <name>int25.obj</name>
      </input_file>
      <input_file id="fl-59">
         <path>C:\ti\ccsv6\tools\compiler\ti-cgt-msp430_15.12.1.LTS\lib\</path>
         <kind>archive</kind>
         <file>rts430x_lc_rd_eabi.lib</file>
         <name>int26.obj</name>
      </input_file>
      <input_file id="fl-5a">
         <path>C:\ti\ccsv6\tools\compiler\ti-cgt-msp430_15.12.1.LTS\lib\</path>
         <kind>archive</kind>
         <file>rts430x_lc_rd_eabi.lib</file>
         <name>int27.obj</name>
      </input_file>
      <input_file id="fl-5b">
         <path>C:\ti\ccsv6\tools\compiler\ti-cgt-msp430_15.12.1.LTS\lib\</path>
         <kind>archive</kind>
         <file>rts430x_lc_rd_eabi.lib</file>
         <name>int28.obj</name>
      </input_file>
      <input_file id="fl-5c">
         <path>C:\ti\ccsv6\tools\compiler\ti-cgt-msp430_15.12.1.LTS\lib\</path>
         <kind>archive</kind>
         <file>rts430x_lc_rd_eabi.lib</file>
         <name>int29.obj</name>
      </input_file>
      <input_file id="fl-5d">
         <path>C:\ti\ccsv6\tools\compiler\ti-cgt-msp430_15.12.1.LTS\lib\</path>
         <kind>archive</kind>
         <file>rts430x_lc_rd_eabi.lib</file>
         <name>int30.obj</name>
      </input_file>
      <input_file id="fl-5e">
         <path>C:\ti\ccsv6\tools\compiler\ti-cgt-msp430_15.12.1.LTS\lib\</path>
         <kind>archive</kind>
         <file>rts430x_lc_rd_eabi.lib</file>
         <name>int31.obj</name>
      </input_file>
      <input_file id="fl-5f">
         <path>C:\ti\ccsv6\tools\compiler\ti-cgt-msp430_15.12.1.LTS\lib\</path>
         <kind>archive</kind>
         <file>rts430x_lc_rd_eabi.lib</file>
         <name>int32.obj</name>
      </input_file>
      <input_file id="fl-60">
         <path>C:\ti\ccsv6\tools\compiler\ti-cgt-msp430_15.12.1.LTS\lib\</path>
         <kind>archive</kind>
         <file>rts430x_lc_rd_eabi.lib</file>
         <name>int33.obj</name>
      </input_file>
      <input_file id="fl-61">
         <path>C:\ti\ccsv6\tools\compiler\ti-cgt-msp430_15.12.1.LTS\lib\</path>
         <kind>archive</kind>
         <file>rts430x_lc_rd_eabi.lib</file>
         <name>int34.obj</name>
      </input_file>
      <input_file id="fl-62">
         <path>C:\ti\ccsv6\tools\compiler\ti-cgt-msp430_15.12.1.LTS\lib\</path>
         <kind>archive</kind>
         <file>rts430x_lc_rd_eabi.lib</file>
         <name>int35.obj</name>
      </input_file>
      <input_file id="fl-63">
         <path>C:\ti\ccsv6\tools\compiler\ti-cgt-msp430_15.12.1.LTS\lib\</path>
         <kind>archive</kind>
         <file>rts430x_lc_rd_eabi.lib</file>
         <name>int36.obj</name>
      </input_file>
      <input_file id="fl-64">
         <path>C:\ti\ccsv6\tools\compiler\ti-cgt-msp430_15.12.1.LTS\lib\</path>
         <kind>archive</kind>
         <file>rts430x_lc_rd_eabi.lib</file>
         <name>int37.obj</name>
      </input_file>
      <input_file id="fl-65">
         <path>C:\ti\ccsv6\tools\compiler\ti-cgt-msp430_15.12.1.LTS\lib\</path>
         <kind>archive</kind>
         <file>rts430x_lc_rd_eabi.lib</file>
         <name>int38.obj</name>
      </input_file>
      <input_file id="fl-66">
         <path>C:\ti\ccsv6\tools\compiler\ti-cgt-msp430_15.12.1.LTS\lib\</path>
         <kind>archive</kind>
         <file>rts430x_lc_rd_eabi.lib</file>
         <name>int39.obj</name>
      </input_file>
      <input_file id="fl-67">
         <path>C:\ti\ccsv6\tools\compiler\ti-cgt-msp430_15.12.1.LTS\lib\</path>
         <kind>archive</kind>
         <file>rts430x_lc_rd_eabi.lib</file>
         <name>int40.obj</name>
      </input_file>
      <input_file id="fl-68">
         <path>C:\ti\ccsv6\tools\compiler\ti-cgt-msp430_15.12.1.LTS\lib\</path>
         <kind>archive</kind>
         <file>rts430x_lc_rd_eabi.lib</file>
         <name>int41.obj</name>
      </input_file>
      <input_file id="fl-69">
         <path>C:\ti\ccsv6\tools\compiler\ti-cgt-msp430_15.12.1.LTS\lib\</path>
         <kind>archive</kind>
         <file>rts430x_lc_rd_eabi.lib</file>
         <name>int42.obj</name>
      </input_file>
      <input_file id="fl-6a">
         <path>C:\ti\ccsv6\tools\compiler\ti-cgt-msp430_15.12.1.LTS\lib\</path>
         <kind>archive</kind>
         <file>rts430x_lc_rd_eabi.lib</file>
         <name>int43.obj</name>
      </input_file>
      <input_file id="fl-6b">
         <path>C:\ti\ccsv6\tools\compiler\ti-cgt-msp430_15.12.1.LTS\lib\</path>
         <kind>archive</kind>
         <file>rts430x_lc_rd_eabi.lib</file>
         <name>int44.obj</name>
      </input_file>
      <input_file id="fl-6c">
         <path>C:\ti\ccsv6\tools\compiler\ti-cgt-msp430_15.12.1.LTS\lib\</path>
         <kind>archive</kind>
         <file>rts430x_lc_rd_eabi.lib</file>
         <name>int46.obj</name>
      </input_file>
      <input_file id="fl-6d">
         <path>C:\ti\ccsv6\tools\compiler\ti-cgt-msp430_15.12.1.LTS\lib\</path>
         <kind>archive</kind>
         <file>rts430x_lc_rd_eabi.lib</file>
         <name>int47.obj</name>
      </input_file>
      <input_file id="fl-6e">
         <path>C:\ti\ccsv6\tools\compiler\ti-cgt-msp430_15.12.1.LTS\lib\</path>
         <kind>archive</kind>
         <file>rts430x_lc_rd_eabi.lib</file>
         <name>int48.obj</name>
      </input_file>
      <input_file id="fl-6f">
         <path>C:\ti\ccsv6\tools\compiler\ti-cgt-msp430_15.12.1.LTS\lib\</path>
         <kind>archive</kind>
         <file>rts430x_lc_rd_eabi.lib</file>
         <name>int49.obj</name>
      </input_file>
      <input_file id="fl-70">
         <path>C:\ti\ccsv6\tools\compiler\ti-cgt-msp430_15.12.1.LTS\lib\</path>
         <kind>archive</kind>
         <file>rts430x_lc_rd_eabi.lib</file>
         <name>int50.obj</name>
      </input_file>
      <input_file id="fl-71">
         <path>C:\ti\ccsv6\tools\compiler\ti-cgt-msp430_15.12.1.LTS\lib\</path>
         <kind>archive</kind>
         <file>rts430x_lc_rd_eabi.lib</file>
         <name>int51.obj</name>
      </input_file>
      <input_file id="fl-72">
         <path>C:\ti\ccsv6\tools\compiler\ti-cgt-msp430_15.12.1.LTS\lib\</path>
         <kind>archive</kind>
         <file>rts430x_lc_rd_eabi.lib</file>
         <name>int52.obj</name>
      </input_file>
      <input_file id="fl-73">
         <path>C:\ti\ccsv6\tools\compiler\ti-cgt-msp430_15.12.1.LTS\lib\</path>
         <kind>archive</kind>
         <file>rts430x_lc_rd_eabi.lib</file>
         <name>int53.obj</name>
      </input_file>
      <input_file id="fl-74">
         <path>C:\ti\ccsv6\tools\compiler\ti-cgt-msp430_15.12.1.LTS\lib\</path>
         <kind>archive</kind>
         <file>rts430x_lc_rd_eabi.lib</file>
         <name>int54.obj</name>
      </input_file>
      <input_file id="fl-75">
         <path>C:\ti\ccsv6\tools\compiler\ti-cgt-msp430_15.12.1.LTS\lib\</path>
         <kind>archive</kind>
         <file>rts430x_lc_rd_eabi.lib</file>
         <name>copy_zero_init.obj</name>
      </input_file>
      <input_file id="fl-76">
         <path>C:\ti\ccsv6\tools\compiler\ti-cgt-msp430_15.12.1.LTS\lib\</path>
         <kind>archive</kind>
         <file>rts430x_lc_rd_eabi.lib</file>
         <name>addd.obj</name>
      </input_file>
      <input_file id="fl-77">
         <path>C:\ti\ccsv6\tools\compiler\ti-cgt-msp430_15.12.1.LTS\lib\</path>
         <kind>archive</kind>
         <file>rts430x_lc_rd_eabi.lib</file>
         <name>frcaddd.obj</name>
      </input_file>
      <input_file id="fl-78">
         <path>C:\ti\ccsv6\tools\compiler\ti-cgt-msp430_15.12.1.LTS\lib\</path>
         <kind>archive</kind>
         <file>rts430x_lc_rd_eabi.lib</file>
         <name>renormd.obj</name>
      </input_file>
      <input_file id="fl-79">
         <path>C:\ti\ccsv6\tools\compiler\ti-cgt-msp430_15.12.1.LTS\lib\</path>
         <kind>archive</kind>
         <file>rts430x_lc_rd_eabi.lib</file>
         <name>cvtdf.obj</name>
      </input_file>
      <input_file id="fl-7a">
         <path>C:\ti\ccsv6\tools\compiler\ti-cgt-msp430_15.12.1.LTS\lib\</path>
         <kind>archive</kind>
         <file>rts430x_lc_rd_eabi.lib</file>
         <name>cvtfd.obj</name>
      </input_file>
      <input_file id="fl-7b">
         <path>C:\ti\ccsv6\tools\compiler\ti-cgt-msp430_15.12.1.LTS\lib\</path>
         <kind>archive</kind>
         <file>rts430x_lc_rd_eabi.lib</file>
         <name>div16s.obj</name>
      </input_file>
      <input_file id="fl-7c">
         <path>C:\ti\ccsv6\tools\compiler\ti-cgt-msp430_15.12.1.LTS\lib\</path>
         <kind>archive</kind>
         <file>rts430x_lc_rd_eabi.lib</file>
         <name>div32s.obj</name>
      </input_file>
      <input_file id="fl-7d">
         <path>C:\ti\ccsv6\tools\compiler\ti-cgt-msp430_15.12.1.LTS\lib\</path>
         <kind>archive</kind>
         <file>rts430x_lc_rd_eabi.lib</file>
         <name>div16u.obj</name>
      </input_file>
      <input_file id="fl-7e">
         <path>C:\ti\ccsv6\tools\compiler\ti-cgt-msp430_15.12.1.LTS\lib\</path>
         <kind>archive</kind>
         <file>rts430x_lc_rd_eabi.lib</file>
         <name>div32u.obj</name>
      </input_file>
      <input_file id="fl-7f">
         <path>C:\ti\ccsv6\tools\compiler\ti-cgt-msp430_15.12.1.LTS\lib\</path>
         <kind>archive</kind>
         <file>rts430x_lc_rd_eabi.lib</file>
         <name>fltid.obj</name>
      </input_file>
      <input_file id="fl-80">
         <path>C:\ti\ccsv6\tools\compiler\ti-cgt-msp430_15.12.1.LTS\lib\</path>
         <kind>archive</kind>
         <file>rts430x_lc_rd_eabi.lib</file>
         <name>fltlid.obj</name>
      </input_file>
      <input_file id="fl-81">
         <path>C:\ti\ccsv6\tools\compiler\ti-cgt-msp430_15.12.1.LTS\lib\</path>
         <kind>archive</kind>
         <file>rts430x_lc_rd_eabi.lib</file>
         <name>mpyd.obj</name>
      </input_file>
      <input_file id="fl-82">
         <path>C:\ti\ccsv6\tools\compiler\ti-cgt-msp430_15.12.1.LTS\lib\</path>
         <kind>archive</kind>
         <file>rts430x_lc_rd_eabi.lib</file>
         <name>frcmpyd.obj</name>
      </input_file>
      <input_file id="fl-83">
         <path>C:\ti\ccsv6\tools\compiler\ti-cgt-msp430_15.12.1.LTS\lib\</path>
         <kind>archive</kind>
         <file>rts430x_lc_rd_eabi.lib</file>
         <name>mult16.obj</name>
      </input_file>
      <input_file id="fl-84">
         <path>C:\ti\ccsv6\tools\compiler\ti-cgt-msp430_15.12.1.LTS\lib\</path>
         <kind>archive</kind>
         <file>rts430x_lc_rd_eabi.lib</file>
         <name>mult16_f5hw.obj</name>
      </input_file>
      <input_file id="fl-85">
         <path>C:\ti\ccsv6\tools\compiler\ti-cgt-msp430_15.12.1.LTS\lib\</path>
         <kind>archive</kind>
         <file>rts430x_lc_rd_eabi.lib</file>
         <name>mult32.obj</name>
      </input_file>
      <input_file id="fl-86">
         <path>C:\ti\ccsv6\tools\compiler\ti-cgt-msp430_15.12.1.LTS\lib\</path>
         <kind>archive</kind>
         <file>rts430x_lc_rd_eabi.lib</file>
         <name>mult32_f5hw.obj</name>
      </input_file>
      <input_file id="fl-87">
         <path>C:\ti\ccsv6\tools\compiler\ti-cgt-msp430_15.12.1.LTS\lib\</path>
         <kind>archive</kind>
         <file>rts430x_lc_rd_eabi.lib</file>
         <name>mult64_f5hw.obj</name>
      </input_file>
      <input_file id="fl-88">
         <path>C:\ti\ccsv6\tools\compiler\ti-cgt-msp430_15.12.1.LTS\lib\</path>
         <kind>archive</kind>
         <file>rts430x_lc_rd_eabi.lib</file>
         <name>mult1632_f5hw.obj</name>
      </input_file>
      <input_file id="fl-89">
         <path>C:\ti\ccsv6\tools\compiler\ti-cgt-msp430_15.12.1.LTS\lib\</path>
         <kind>archive</kind>
         <file>rts430x_lc_rd_eabi.lib</file>
         <name>mult3264_f5hw.obj</name>
      </input_file>
      <input_file id="fl-8a">
         <path>C:\ti\ccsv6\tools\compiler\ti-cgt-msp430_15.12.1.LTS\lib\</path>
         <kind>archive</kind>
         <file>rts430x_lc_rd_eabi.lib</file>
         <name>lsl16.obj</name>
      </input_file>
      <input_file id="fl-8b">
         <path>C:\ti\ccsv6\tools\compiler\ti-cgt-msp430_15.12.1.LTS\lib\</path>
         <kind>archive</kind>
         <file>rts430x_lc_rd_eabi.lib</file>
         <name>lsl32.obj</name>
      </input_file>
      <input_file id="fl-8c">
         <path>C:\ti\ccsv6\tools\compiler\ti-cgt-msp430_15.12.1.LTS\lib\</path>
         <kind>archive</kind>
         <file>rts430x_lc_rd_eabi.lib</file>
         <name>asr16.obj</name>
      </input_file>
      <input_file id="fl-8d">
         <path>C:\ti\ccsv6\tools\compiler\ti-cgt-msp430_15.12.1.LTS\lib\</path>
         <kind>archive</kind>
         <file>rts430x_lc_rd_eabi.lib</file>
         <name>asr32.obj</name>
      </input_file>
      <input_file id="fl-8e">
         <path>C:\ti\ccsv6\tools\compiler\ti-cgt-msp430_15.12.1.LTS\lib\</path>
         <kind>archive</kind>
         <file>rts430x_lc_rd_eabi.lib</file>
         <name>lsr32.obj</name>
      </input_file>
      <input_file id="fl-8f">
         <path>C:\ti\ccsv6\tools\compiler\ti-cgt-msp430_15.12.1.LTS\lib\</path>
         <kind>archive</kind>
         <file>rts430x_lc_rd_eabi.lib</file>
         <name>lsr64.obj</name>
      </input_file>
      <input_file id="fl-90">
         <path>C:\ti\ccsv6\tools\compiler\ti-cgt-msp430_15.12.1.LTS\lib\</path>
         <kind>archive</kind>
         <file>rts430x_lc_rd_eabi.lib</file>
         <name>boot.obj</name>
      </input_file>
      <input_file id="fl-91">
         <path>C:\ti\ccsv6\tools\compiler\ti-cgt-msp430_15.12.1.LTS\lib\</path>
         <kind>archive</kind>
         <file>rts430x_lc_rd_eabi.lib</file>
         <name>args_main.obj</name>
      </input_file>
      <input_file id="fl-92">
         <path>C:\ti\ccsv6\tools\compiler\ti-cgt-msp430_15.12.1.LTS\lib\</path>
         <kind>archive</kind>
         <file>rts430x_lc_rd_eabi.lib</file>
         <name>autoinit_wdt.obj</name>
      </input_file>
      <input_file id="fl-93">
         <path>C:\ti\ccsv6\tools\compiler\ti-cgt-msp430_15.12.1.LTS\lib\</path>
         <kind>archive</kind>
         <file>rts430x_lc_rd_eabi.lib</file>
         <name>boot_special.obj</name>
      </input_file>
      <input_file id="fl-94">
         <path>C:\ti\ccsv6\ccs_base\msp430\lib\FR59xx\</path>
         <kind>archive</kind>
         <file>MSPMPU_INIT_LIB_CCS_msp430_large_code_restricted_data.lib</file>
         <name>mpu_init.o</name>
      </input_file>
      <input_file id="fl-95">
         <path>C:\ti\ccsv6\tools\compiler\ti-cgt-msp430_15.12.1.LTS\lib\</path>
         <kind>archive</kind>
         <file>rts430x_lc_rd_eabi.lib</file>
         <name>startup.obj</name>
      </input_file>
      <input_file id="fl-96">
         <path>C:\ti\ccsv6\tools\compiler\ti-cgt-msp430_15.12.1.LTS\lib\</path>
         <kind>archive</kind>
         <file>rts430x_lc_rd_eabi.lib</file>
         <name>exit.obj</name>
      </input_file>
      <input_file id="fl-97">
         <path>C:\ti\ccsv6\tools\compiler\ti-cgt-msp430_15.12.1.LTS\lib\</path>
         <kind>archive</kind>
         <file>rts430x_lc_rd_eabi.lib</file>
         <name>exit_gvars.obj</name>
      </input_file>
      <input_file id="fl-98">
         <path>C:\ti\ccsv6\tools\compiler\ti-cgt-msp430_15.12.1.LTS\lib\</path>
         <kind>archive</kind>
         <file>rts430x_lc_rd_eabi.lib</file>
         <name>_lock.obj</name>
      </input_file>
      <input_file id="fl-99">
         <path>C:\ti\ccsv6\tools\compiler\ti-cgt-msp430_15.12.1.LTS\lib\</path>
         <kind>archive</kind>
         <file>rts430x_lc_rd_eabi.lib</file>
         <name>atoi.obj</name>
      </input_file>
      <input_file id="fl-9a">
         <path>C:\ti\ccsv6\tools\compiler\ti-cgt-msp430_15.12.1.LTS\lib\</path>
         <kind>archive</kind>
         <file>rts430x_lc_rd_eabi.lib</file>
         <name>ctype.obj</name>
      </input_file>
      <input_file id="fl-9b">
         <path>C:\ti\ccsv6\tools\compiler\ti-cgt-msp430_15.12.1.LTS\lib\</path>
         <kind>archive</kind>
         <file>rts430x_lc_rd_eabi.lib</file>
         <name>cpy_tbl.obj</name>
      </input_file>
      <input_file id="fl-9c">
         <path>C:\ti\ccsv6\tools\compiler\ti-cgt-msp430_15.12.1.LTS\lib\</path>
         <kind>archive</kind>
         <file>rts430x_lc_rd_eabi.lib</file>
         <name>memcpy.obj</name>
      </input_file>
      <input_file id="fl-9d">
         <path>C:\ti\ccsv6\tools\compiler\ti-cgt-msp430_15.12.1.LTS\lib\</path>
         <kind>archive</kind>
         <file>rts430x_lc_rd_eabi.lib</file>
         <name>sprintf.obj</name>
      </input_file>
      <input_file id="fl-9e">
         <path>C:\ti\ccsv6\tools\compiler\ti-cgt-msp430_15.12.1.LTS\lib\</path>
         <kind>archive</kind>
         <file>rts430x_lc_rd_eabi.lib</file>
         <name>_printfi.obj</name>
      </input_file>
      <input_file id="fl-9f">
         <path>C:\ti\ccsv6\tools\compiler\ti-cgt-msp430_15.12.1.LTS\lib\</path>
         <kind>archive</kind>
         <file>rts430x_lc_rd_eabi.lib</file>
         <name>cmpd.obj</name>
      </input_file>
      <input_file id="fl-a0">
         <path>C:\ti\ccsv6\tools\compiler\ti-cgt-msp430_15.12.1.LTS\lib\</path>
         <kind>archive</kind>
         <file>rts430x_lc_rd_eabi.lib</file>
         <name>divd.obj</name>
      </input_file>
      <input_file id="fl-a1">
         <path>C:\ti\ccsv6\tools\compiler\ti-cgt-msp430_15.12.1.LTS\lib\</path>
         <kind>archive</kind>
         <file>rts430x_lc_rd_eabi.lib</file>
         <name>frcdivd.obj</name>
      </input_file>
      <input_file id="fl-a2">
         <path>C:\ti\ccsv6\tools\compiler\ti-cgt-msp430_15.12.1.LTS\lib\</path>
         <kind>archive</kind>
         <file>rts430x_lc_rd_eabi.lib</file>
         <name>div64u.obj</name>
      </input_file>
      <input_file id="fl-a3">
         <path>C:\ti\ccsv6\tools\compiler\ti-cgt-msp430_15.12.1.LTS\lib\</path>
         <kind>archive</kind>
         <file>rts430x_lc_rd_eabi.lib</file>
         <name>fixdi.obj</name>
      </input_file>
      <input_file id="fl-a4">
         <path>C:\ti\ccsv6\tools\compiler\ti-cgt-msp430_15.12.1.LTS\lib\</path>
         <kind>archive</kind>
         <file>rts430x_lc_rd_eabi.lib</file>
         <name>fixdli.obj</name>
      </input_file>
      <input_file id="fl-a5">
         <path>C:\ti\ccsv6\tools\compiler\ti-cgt-msp430_15.12.1.LTS\lib\</path>
         <kind>archive</kind>
         <file>rts430x_lc_rd_eabi.lib</file>
         <name>negd.obj</name>
      </input_file>
      <input_file id="fl-a6">
         <path>C:\ti\ccsv6\tools\compiler\ti-cgt-msp430_15.12.1.LTS\lib\</path>
         <kind>archive</kind>
         <file>rts430x_lc_rd_eabi.lib</file>
         <name>lsl64.obj</name>
      </input_file>
      <input_file id="fl-a7">
         <path>C:\ti\ccsv6\tools\compiler\ti-cgt-msp430_15.12.1.LTS\lib\</path>
         <kind>archive</kind>
         <file>rts430x_lc_rd_eabi.lib</file>
         <name>subd.obj</name>
      </input_file>
      <input_file id="fl-a8">
         <path>C:\ti\ccsv6\tools\compiler\ti-cgt-msp430_15.12.1.LTS\lib\</path>
         <kind>archive</kind>
         <file>rts430x_lc_rd_eabi.lib</file>
         <name>s_frexp.obj</name>
      </input_file>
      <input_file id="fl-a9">
         <path>C:\ti\ccsv6\tools\compiler\ti-cgt-msp430_15.12.1.LTS\lib\</path>
         <kind>archive</kind>
         <file>rts430x_lc_rd_eabi.lib</file>
         <name>s_scalbn.obj</name>
      </input_file>
      <input_file id="fl-aa">
         <path>C:\ti\ccsv6\tools\compiler\ti-cgt-msp430_15.12.1.LTS\lib\</path>
         <kind>archive</kind>
         <file>rts430x_lc_rd_eabi.lib</file>
         <name>s_copysign.obj</name>
      </input_file>
      <input_file id="fl-ab">
         <path>C:\ti\ccsv6\tools\compiler\ti-cgt-msp430_15.12.1.LTS\lib\</path>
         <kind>archive</kind>
         <file>rts430x_lc_rd_eabi.lib</file>
         <name>errno.obj</name>
      </input_file>
      <input_file id="fl-ac">
         <path>C:\ti\ccsv6\tools\compiler\ti-cgt-msp430_15.12.1.LTS\lib\</path>
         <kind>archive</kind>
         <file>rts430x_lc_rd_eabi.lib</file>
         <name>ltoa.obj</name>
      </input_file>
      <input_file id="fl-ad">
         <path>C:\ti\ccsv6\tools\compiler\ti-cgt-msp430_15.12.1.LTS\lib\</path>
         <kind>archive</kind>
         <file>rts430x_lc_rd_eabi.lib</file>
         <name>abs.obj</name>
      </input_file>
      <input_file id="fl-ae">
         <path>C:\ti\ccsv6\tools\compiler\ti-cgt-msp430_15.12.1.LTS\lib\</path>
         <kind>archive</kind>
         <file>rts430x_lc_rd_eabi.lib</file>
         <name>memccpy.obj</name>
      </input_file>
      <input_file id="fl-af">
         <path>C:\ti\ccsv6\tools\compiler\ti-cgt-msp430_15.12.1.LTS\lib\</path>
         <kind>archive</kind>
         <file>rts430x_lc_rd_eabi.lib</file>
         <name>memset.obj</name>
      </input_file>
      <input_file id="fl-b0">
         <path>C:\ti\ccsv6\tools\compiler\ti-cgt-msp430_15.12.1.LTS\lib\</path>
         <kind>archive</kind>
         <file>rts430x_lc_rd_eabi.lib</file>
         <name>strcat.obj</name>
      </input_file>
      <input_file id="fl-b1">
         <path>C:\ti\ccsv6\tools\compiler\ti-cgt-msp430_15.12.1.LTS\lib\</path>
         <kind>archive</kind>
         <file>rts430x_lc_rd_eabi.lib</file>
         <name>strchr.obj</name>
      </input_file>
      <input_file id="fl-b2">
         <path>C:\ti\ccsv6\tools\compiler\ti-cgt-msp430_15.12.1.LTS\lib\</path>
         <kind>archive</kind>
         <file>rts430x_lc_rd_eabi.lib</file>
         <name>strcpy.obj</name>
      </input_file>
      <input_file id="fl-b3">
         <path>C:\ti\ccsv6\tools\compiler\ti-cgt-msp430_15.12.1.LTS\lib\</path>
         <kind>archive</kind>
         <file>rts430x_lc_rd_eabi.lib</file>
         <name>strlen.obj</name>
      </input_file>
      <input_file id="fl-b4">
         <path>C:\ti\ccsv6\tools\compiler\ti-cgt-msp430_15.12.1.LTS\lib\</path>
         <kind>archive</kind>
         <file>rts430x_lc_rd_eabi.lib</file>
         <name>strtok.obj</name>
      </input_file>
      <input_file id="fl-b5">
         <path>C:\ti\ccsv6\tools\compiler\ti-cgt-msp430_15.12.1.LTS\lib\</path>
         <kind>archive</kind>
         <file>rts430x_lc_rd_eabi.lib</file>
         <name>strcspn.obj</name>
      </input_file>
      <input_file id="fl-b6">
         <path>C:\ti\ccsv6\tools\compiler\ti-cgt-msp430_15.12.1.LTS\lib\</path>
         <kind>archive</kind>
         <file>rts430x_lc_rd_eabi.lib</file>
         <name>strspn.obj</name>
      </input_file>
      <input_file id="fl-b7">
         <path>C:\ti\ccsv6\tools\compiler\ti-cgt-msp430_15.12.1.LTS\lib\</path>
         <kind>archive</kind>
         <file>rts430x_lc_rd_eabi.lib</file>
         <name>toupper.obj</name>
      </input_file>
   </input_file_list>
   <object_component_list>
      <object_component id="oc-86c">
         <name>.TI.persistent</name>
         <load_address>0x4000</load_address>
         <run_address>0x4000</run_address>
         <size>0x1</size>
         <input_file_ref idref="fl-4"/>
      </object_component>
      <object_component id="oc-e04">
         <name>.cinit..data.load</name>
         <load_address>0x46c2</load_address>
         <run_address>0x46c2</run_address>
         <size>0x40</size>
      </object_component>
      <object_component id="oc-e03">
         <name>.cinit..bss.load</name>
         <load_address>0x4702</load_address>
         <run_address>0x4702</run_address>
         <size>0xb</size>
      </object_component>
      <object_component id="oc-e01">
         <name>__TI_handler_table</name>
         <load_address>0x470e</load_address>
         <run_address>0x470e</run_address>
         <size>0x8</size>
      </object_component>
      <object_component id="oc-e02">
         <name>__TI_cinit_table</name>
         <load_address>0x4716</load_address>
         <run_address>0x4716</run_address>
         <size>0x10</size>
      </object_component>
      <object_component id="oc-6f3">
         <name>.text:_isr:USCI_B2_ISR</name>
         <load_address>0x4400</load_address>
         <run_address>0x4400</run_address>
         <size>0x92</size>
         <input_file_ref idref="fl-5"/>
      </object_component>
      <object_component id="oc-d8">
         <name>.text:_isr:_c_int00_noargs_noexit_mpu</name>
         <load_address>0x4492</load_address>
         <run_address>0x4492</run_address>
         <size>0x1e</size>
         <input_file_ref idref="fl-93"/>
      </object_component>
      <object_component id="oc-6f9">
         <name>.text:_isr:TIMER0_A0_ISR</name>
         <load_address>0x44b0</load_address>
         <run_address>0x44b0</run_address>
         <size>0x8</size>
         <input_file_ref idref="fl-6"/>
      </object_component>
      <object_component id="oc-6ee">
         <name>.text:_isr:__TI_ISR_TRAP</name>
         <load_address>0x44b8</load_address>
         <run_address>0x44b8</run_address>
         <size>0x8</size>
         <input_file_ref idref="fl-52"/>
      </object_component>
      <object_component id="oc-c6c">
         <name>.const:.string:_ctypes_</name>
         <load_address>0x44c0</load_address>
         <run_address>0x44c0</run_address>
         <size>0x101</size>
         <input_file_ref idref="fl-9a"/>
      </object_component>
      <object_component id="oc-885">
         <name>.const:.string</name>
         <load_address>0x45c2</load_address>
         <run_address>0x45c2</run_address>
         <size>0x88</size>
         <input_file_ref idref="fl-4"/>
      </object_component>
      <object_component id="oc-bee">
         <name>.const:.string</name>
         <load_address>0x464a</load_address>
         <run_address>0x464a</run_address>
         <size>0x26</size>
         <input_file_ref idref="fl-9e"/>
      </object_component>
      <object_component id="oc-812">
         <name>.const:GPIO_PORT_TO_BASE</name>
         <load_address>0x4670</load_address>
         <run_address>0x4670</run_address>
         <size>0x1c</size>
         <input_file_ref idref="fl-19"/>
      </object_component>
      <object_component id="oc-acd">
         <name>.const:$P$T0$1</name>
         <load_address>0x468c</load_address>
         <run_address>0x468c</run_address>
         <size>0x12</size>
         <input_file_ref idref="fl-a"/>
      </object_component>
      <object_component id="oc-c55">
         <name>.const:.string</name>
         <load_address>0x469e</load_address>
         <run_address>0x469e</run_address>
         <size>0x10</size>
         <input_file_ref idref="fl-8"/>
      </object_component>
      <object_component id="oc-7ed">
         <name>.const:.string</name>
         <load_address>0x46ae</load_address>
         <run_address>0x46ae</run_address>
         <size>0xc</size>
         <input_file_ref idref="fl-6"/>
      </object_component>
      <object_component id="oc-ae8">
         <name>.const:$P$T1$2</name>
         <load_address>0x46ba</load_address>
         <run_address>0x46ba</run_address>
         <size>0x8</size>
         <input_file_ref idref="fl-a"/>
      </object_component>
      <object_component id="oc-a06">
         <name>.text:chk_mounted</name>
         <load_address>0x10000</load_address>
         <run_address>0x10000</run_address>
         <size>0x4ae</size>
         <input_file_ref idref="fl-8"/>
      </object_component>
      <object_component id="oc-d51">
         <name>.text:__TI_frcdivd</name>
         <load_address>0x104ae</load_address>
         <run_address>0x104ae</run_address>
         <size>0x486</size>
         <input_file_ref idref="fl-a1"/>
      </object_component>
      <object_component id="oc-cd8">
         <name>.text:__mspabi_divull</name>
         <load_address>0x10934</load_address>
         <run_address>0x10934</run_address>
         <size>0x372</size>
         <input_file_ref idref="fl-a2"/>
      </object_component>
      <object_component id="oc-914">
         <name>.text:__TI_frcmpyd</name>
         <load_address>0x10ca6</load_address>
         <run_address>0x10ca6</run_address>
         <size>0x2e4</size>
         <input_file_ref idref="fl-82"/>
      </object_component>
      <object_component id="oc-7e7">
         <name>.text:__mspabi_addd</name>
         <load_address>0x10f8a</load_address>
         <run_address>0x10f8a</run_address>
         <size>0x2d8</size>
         <input_file_ref idref="fl-76"/>
      </object_component>
      <object_component id="oc-9fd">
         <name>.text:f_write</name>
         <load_address>0x11262</load_address>
         <run_address>0x11262</run_address>
         <size>0x2a0</size>
         <input_file_ref idref="fl-8"/>
      </object_component>
      <object_component id="oc-7d4">
         <name>.text:__mspabi_mpyd</name>
         <load_address>0x11502</load_address>
         <run_address>0x11502</run_address>
         <size>0x282</size>
         <input_file_ref idref="fl-81"/>
      </object_component>
      <object_component id="oc-aa9">
         <name>.text:_setfield</name>
         <load_address>0x11784</load_address>
         <run_address>0x11784</run_address>
         <size>0x262</size>
         <input_file_ref idref="fl-9e"/>
      </object_component>
      <object_component id="oc-933">
         <name>.text:__TI_frcaddd</name>
         <load_address>0x119e6</load_address>
         <run_address>0x119e6</run_address>
         <size>0x252</size>
         <input_file_ref idref="fl-77"/>
      </object_component>
      <object_component id="oc-8ba">
         <name>.text:f_lseek</name>
         <load_address>0x11c38</load_address>
         <run_address>0x11c38</run_address>
         <size>0x250</size>
         <input_file_ref idref="fl-8"/>
      </object_component>
      <object_component id="oc-bf5">
         <name>.text:_pproc_fgea</name>
         <load_address>0x11e88</load_address>
         <run_address>0x11e88</run_address>
         <size>0x248</size>
         <input_file_ref idref="fl-9e"/>
      </object_component>
      <object_component id="oc-947">
         <name>.text:__TI_printfi</name>
         <load_address>0x120d0</load_address>
         <run_address>0x120d0</run_address>
         <size>0x23c</size>
         <input_file_ref idref="fl-9e"/>
      </object_component>
      <object_component id="oc-726">
         <name>.text:main</name>
         <load_address>0x1230c</load_address>
         <run_address>0x1230c</run_address>
         <size>0x23c</size>
         <input_file_ref idref="fl-6"/>
      </object_component>
      <object_component id="oc-d1a">
         <name>.text:acvt</name>
         <load_address>0x12548</load_address>
         <run_address>0x12548</run_address>
         <size>0x224</size>
         <input_file_ref idref="fl-9e"/>
      </object_component>
      <object_component id="oc-d0d">
         <name>.text:__mspabi_divd</name>
         <load_address>0x1276c</load_address>
         <run_address>0x1276c</run_address>
         <size>0x222</size>
         <input_file_ref idref="fl-a0"/>
      </object_component>
      <object_component id="oc-9ea">
         <name>.text:f_mkdir</name>
         <load_address>0x1298e</load_address>
         <run_address>0x1298e</run_address>
         <size>0x220</size>
         <input_file_ref idref="fl-8"/>
      </object_component>
      <object_component id="oc-8b4">
         <name>.text:f_open</name>
         <load_address>0x12bae</load_address>
         <run_address>0x12bae</run_address>
         <size>0x21e</size>
         <input_file_ref idref="fl-8"/>
      </object_component>
      <object_component id="oc-ced">
         <name>.text:ecvt</name>
         <load_address>0x12dcc</load_address>
         <run_address>0x12dcc</run_address>
         <size>0x218</size>
         <input_file_ref idref="fl-9e"/>
      </object_component>
      <object_component id="oc-d00">
         <name>.text:fcvt</name>
         <load_address>0x12fe4</load_address>
         <run_address>0x12fe4</run_address>
         <size>0x202</size>
         <input_file_ref idref="fl-9e"/>
      </object_component>
      <object_component id="oc-b4f">
         <name>.text:disk_initialize</name>
         <load_address>0x131e6</load_address>
         <run_address>0x131e6</run_address>
         <size>0x1b2</size>
         <input_file_ref idref="fl-9"/>
      </object_component>
      <object_component id="oc-c9d">
         <name>.text:_pconv_e</name>
         <load_address>0x13398</load_address>
         <run_address>0x13398</run_address>
         <size>0x1a4</size>
         <input_file_ref idref="fl-9e"/>
      </object_component>
      <object_component id="oc-d60">
         <name>.text:scalbn</name>
         <load_address>0x1353c</load_address>
         <run_address>0x1353c</run_address>
         <size>0x1a0</size>
         <input_file_ref idref="fl-a9"/>
      </object_component>
      <object_component id="oc-b9f">
         <name>.text:create_name</name>
         <load_address>0x136dc</load_address>
         <run_address>0x136dc</run_address>
         <size>0x196</size>
         <input_file_ref idref="fl-8"/>
      </object_component>
      <object_component id="oc-c73">
         <name>.text:_getarg_diouxp</name>
         <load_address>0x13872</load_address>
         <run_address>0x13872</run_address>
         <size>0x188</size>
         <input_file_ref idref="fl-9e"/>
      </object_component>
      <object_component id="oc-bae">
         <name>.text:put_fat</name>
         <load_address>0x139fa</load_address>
         <run_address>0x139fa</run_address>
         <size>0x186</size>
         <input_file_ref idref="fl-8"/>
      </object_component>
      <object_component id="oc-b69">
         <name>.text:dir_next</name>
         <load_address>0x13b80</load_address>
         <run_address>0x13b80</run_address>
         <size>0x17e</size>
         <input_file_ref idref="fl-8"/>
      </object_component>
      <object_component id="oc-bc5">
         <name>.text:privateCSASourceClockFromDCO</name>
         <load_address>0x13cfe</load_address>
         <run_address>0x13cfe</run_address>
         <size>0x17c</size>
         <input_file_ref idref="fl-10"/>
      </object_component>
      <object_component id="oc-ca3">
         <name>.text:_pconv_a</name>
         <load_address>0x13e7a</load_address>
         <run_address>0x13e7a</run_address>
         <size>0x16e</size>
         <input_file_ref idref="fl-9e"/>
      </object_component>
      <object_component id="oc-7ab">
         <name>.text:storeTimeStampSDCard</name>
         <load_address>0x13fe8</load_address>
         <run_address>0x13fe8</run_address>
         <size>0x162</size>
         <input_file_ref idref="fl-4"/>
      </object_component>
      <object_component id="oc-bef">
         <name>.text:_pproc_diouxp</name>
         <load_address>0x1414a</load_address>
         <run_address>0x1414a</run_address>
         <size>0x148</size>
         <input_file_ref idref="fl-9e"/>
      </object_component>
      <object_component id="oc-853">
         <name>.text:CS_setDCOFreq</name>
         <load_address>0x14292</load_address>
         <run_address>0x14292</run_address>
         <size>0x140</size>
         <input_file_ref idref="fl-10"/>
      </object_component>
      <object_component id="oc-a3d">
         <name>.text:get_fat</name>
         <load_address>0x143d2</load_address>
         <run_address>0x143d2</run_address>
         <size>0x13e</size>
         <input_file_ref idref="fl-8"/>
      </object_component>
      <object_component id="oc-c79">
         <name>.text:_ltostr</name>
         <load_address>0x14510</load_address>
         <run_address>0x14510</run_address>
         <size>0x128</size>
         <input_file_ref idref="fl-9e"/>
      </object_component>
      <object_component id="oc-a37">
         <name>.text:create_chain</name>
         <load_address>0x14638</load_address>
         <run_address>0x14638</run_address>
         <size>0x120</size>
         <input_file_ref idref="fl-8"/>
      </object_component>
      <object_component id="oc-b56">
         <name>.text:dir_sdi</name>
         <load_address>0x14758</load_address>
         <run_address>0x14758</run_address>
         <size>0x100</size>
         <input_file_ref idref="fl-8"/>
      </object_component>
      <object_component id="oc-c91">
         <name>.text:_pconv_g</name>
         <load_address>0x14858</load_address>
         <run_address>0x14858</run_address>
         <size>0xfc</size>
         <input_file_ref idref="fl-9e"/>
      </object_component>
      <object_component id="oc-aa3">
         <name>.text:_pproc_fwp</name>
         <load_address>0x14954</load_address>
         <run_address>0x14954</run_address>
         <size>0xfa</size>
         <input_file_ref idref="fl-9e"/>
      </object_component>
      <object_component id="oc-c43">
         <name>.text:disk_ioctl</name>
         <load_address>0x14a4e</load_address>
         <run_address>0x14a4e</run_address>
         <size>0xf4</size>
         <input_file_ref idref="fl-9"/>
      </object_component>
      <object_component id="oc-b7c">
         <name>.text:sync</name>
         <load_address>0x14b42</load_address>
         <run_address>0x14b42</run_address>
         <size>0xec</size>
         <input_file_ref idref="fl-8"/>
      </object_component>
      <object_component id="oc-79f">
         <name>.text:Init_GPIO</name>
         <load_address>0x14c2e</load_address>
         <run_address>0x14c2e</run_address>
         <size>0xe0</size>
         <input_file_ref idref="fl-6"/>
      </object_component>
      <object_component id="oc-b63">
         <name>.text:get_fileinfo</name>
         <load_address>0x14d0e</load_address>
         <run_address>0x14d0e</run_address>
         <size>0xe0</size>
         <input_file_ref idref="fl-8"/>
      </object_component>
      <object_component id="oc-a61">
         <name>.text:privateCSAComputeCLKFrequency</name>
         <load_address>0x14dee</load_address>
         <run_address>0x14dee</run_address>
         <size>0xe0</size>
         <input_file_ref idref="fl-10"/>
      </object_component>
      <object_component id="oc-ca9">
         <name>.text:__mspabi_cmpd</name>
         <load_address>0x14ece</load_address>
         <run_address>0x14ece</run_address>
         <size>0xd8</size>
         <input_file_ref idref="fl-9f"/>
      </object_component>
      <object_component id="oc-89f">
         <name>.text:itoa</name>
         <load_address>0x14fa6</load_address>
         <run_address>0x14fa6</run_address>
         <size>0xc2</size>
         <input_file_ref idref="fl-4"/>
      </object_component>
      <object_component id="oc-a24">
         <name>.text:move_window</name>
         <load_address>0x15068</load_address>
         <run_address>0x15068</run_address>
         <size>0xbe</size>
         <input_file_ref idref="fl-8"/>
      </object_component>
      <object_component id="oc-b88">
         <name>.text:disk_write</name>
         <load_address>0x15126</load_address>
         <run_address>0x15126</run_address>
         <size>0xbc</size>
         <input_file_ref idref="fl-9"/>
      </object_component>
      <object_component id="oc-a0c">
         <name>.text:follow_path</name>
         <load_address>0x151e2</load_address>
         <run_address>0x151e2</run_address>
         <size>0xb4</size>
         <input_file_ref idref="fl-8"/>
      </object_component>
      <object_component id="oc-a91">
         <name>.text:__TI_renormd</name>
         <load_address>0x15296</load_address>
         <run_address>0x15296</run_address>
         <size>0xb2</size>
         <input_file_ref idref="fl-78"/>
      </object_component>
      <object_component id="oc-d14">
         <name>.text:frexp</name>
         <load_address>0x15348</load_address>
         <run_address>0x15348</run_address>
         <size>0xb2</size>
         <input_file_ref idref="fl-a8"/>
      </object_component>
      <object_component id="oc-c20">
         <name>.text:send_cmd</name>
         <load_address>0x153fa</load_address>
         <run_address>0x153fa</run_address>
         <size>0xb2</size>
         <input_file_ref idref="fl-9"/>
      </object_component>
      <object_component id="oc-7f4">
         <name>.text:writeData</name>
         <load_address>0x154ac</load_address>
         <run_address>0x154ac</run_address>
         <size>0xac</size>
         <input_file_ref idref="fl-4"/>
      </object_component>
      <object_component id="oc-9db">
         <name>.text:f_opendir</name>
         <load_address>0x15558</load_address>
         <run_address>0x15558</run_address>
         <size>0xa8</size>
         <input_file_ref idref="fl-8"/>
      </object_component>
      <object_component id="oc-aaf">
         <name>.text:_pproc_str</name>
         <load_address>0x15600</load_address>
         <run_address>0x15600</run_address>
         <size>0xa6</size>
         <input_file_ref idref="fl-9e"/>
      </object_component>
      <object_component id="oc-a56">
         <name>.text:f_sync</name>
         <load_address>0x156a6</load_address>
         <run_address>0x156a6</run_address>
         <size>0xa4</size>
         <input_file_ref idref="fl-8"/>
      </object_component>
      <object_component id="oc-b40">
         <name>.text:validateCSD</name>
         <load_address>0x1574a</load_address>
         <run_address>0x1574a</run_address>
         <size>0xa2</size>
         <input_file_ref idref="fl-9"/>
      </object_component>
      <object_component id="oc-90d">
         <name>.text:__mspabi_fltlid</name>
         <load_address>0x157ec</load_address>
         <run_address>0x157ec</run_address>
         <size>0x9e</size>
         <input_file_ref idref="fl-80"/>
      </object_component>
      <object_component id="oc-a1e">
         <name>.text:remove_chain</name>
         <load_address>0x1588a</load_address>
         <run_address>0x1588a</run_address>
         <size>0x9c</size>
         <input_file_ref idref="fl-8"/>
      </object_component>
      <object_component id="oc-b1c">
         <name>.text:RTC_C_getCalendarTime</name>
         <load_address>0x15926</load_address>
         <run_address>0x15926</run_address>
         <size>0x98</size>
         <input_file_ref idref="fl-21"/>
      </object_component>
      <object_component id="oc-cf3">
         <name>.text:_ecpy</name>
         <load_address>0x159be</load_address>
         <run_address>0x159be</run_address>
         <size>0x94</size>
         <input_file_ref idref="fl-9e"/>
      </object_component>
      <object_component id="oc-b95">
         <name>.text:disk_read</name>
         <load_address>0x15a52</load_address>
         <run_address>0x15a52</run_address>
         <size>0x94</size>
         <input_file_ref idref="fl-9"/>
      </object_component>
      <object_component id="oc-cf9">
         <name>.text:_mcpy</name>
         <load_address>0x15ae6</load_address>
         <run_address>0x15ae6</run_address>
         <size>0x90</size>
         <input_file_ref idref="fl-9e"/>
      </object_component>
      <object_component id="oc-b8f">
         <name>.text:check_fs</name>
         <load_address>0x15b76</load_address>
         <run_address>0x15b76</run_address>
         <size>0x90</size>
         <input_file_ref idref="fl-8"/>
      </object_component>
      <object_component id="oc-7da">
         <name>.text:__mspabi_cvtdf</name>
         <load_address>0x15c06</load_address>
         <run_address>0x15c06</run_address>
         <size>0x8c</size>
         <input_file_ref idref="fl-79"/>
      </object_component>
      <object_component id="oc-98c">
         <name>.text:SDCard_init</name>
         <load_address>0x15c92</load_address>
         <run_address>0x15c92</run_address>
         <size>0x88</size>
         <input_file_ref idref="fl-a"/>
      </object_component>
      <object_component id="oc-905">
         <name>.text:readI2C</name>
         <load_address>0x15d1a</load_address>
         <run_address>0x15d1a</run_address>
         <size>0x88</size>
         <input_file_ref idref="fl-5"/>
      </object_component>
      <object_component id="oc-b23">
         <name>.text:RTC_C_initCalendar</name>
         <load_address>0x15da2</load_address>
         <run_address>0x15da2</run_address>
         <size>0x86</size>
         <input_file_ref idref="fl-21"/>
      </object_component>
      <object_component id="oc-a12">
         <name>.text:dir_register</name>
         <load_address>0x15e28</load_address>
         <run_address>0x15e28</run_address>
         <size>0x84</size>
         <input_file_ref idref="fl-8"/>
      </object_component>
      <object_component id="oc-70c">
         <name>.text:_auto_init_hold_wdt</name>
         <load_address>0x15eac</load_address>
         <run_address>0x15eac</run_address>
         <size>0x82</size>
         <input_file_ref idref="fl-92"/>
      </object_component>
      <object_component id="oc-d34">
         <name>.text:ltoa</name>
         <load_address>0x15f2e</load_address>
         <run_address>0x15f2e</run_address>
         <size>0x80</size>
         <input_file_ref idref="fl-ac"/>
      </object_component>
      <object_component id="oc-c97">
         <name>.text:_pconv_f</name>
         <load_address>0x15fae</load_address>
         <run_address>0x15fae</run_address>
         <size>0x78</size>
         <input_file_ref idref="fl-9e"/>
      </object_component>
      <object_component id="oc-846">
         <name>.text:GPIO_setAsPeripheralModuleFunctionInputPin</name>
         <load_address>0x16026</load_address>
         <run_address>0x16026</run_address>
         <size>0x72</size>
         <input_file_ref idref="fl-19"/>
      </object_component>
      <object_component id="oc-887">
         <name>.text:SDCardLib_getDirectory</name>
         <load_address>0x16098</load_address>
         <run_address>0x16098</run_address>
         <size>0x72</size>
         <input_file_ref idref="fl-28"/>
      </object_component>
      <object_component id="oc-a18">
         <name>.text:get_fattime</name>
         <load_address>0x1610a</load_address>
         <run_address>0x1610a</run_address>
         <size>0x72</size>
         <input_file_ref idref="fl-9"/>
      </object_component>
      <object_component id="oc-c26">
         <name>.text:rcvr_datablock</name>
         <load_address>0x1617c</load_address>
         <run_address>0x1617c</run_address>
         <size>0x70</size>
         <input_file_ref idref="fl-9"/>
      </object_component>
      <object_component id="oc-7e1">
         <name>.text:__mspabi_cvtfd</name>
         <load_address>0x161ec</load_address>
         <run_address>0x161ec</run_address>
         <size>0x6e</size>
         <input_file_ref idref="fl-7a"/>
      </object_component>
      <object_component id="oc-85f">
         <name>.text:CS_initClockSignal</name>
         <load_address>0x1625a</load_address>
         <run_address>0x1625a</run_address>
         <size>0x6a</size>
         <input_file_ref idref="fl-10"/>
      </object_component>
      <object_component id="oc-6e1">
         <name>.text:__TI_decompress_rle_core</name>
         <load_address>0x162c4</load_address>
         <run_address>0x162c4</run_address>
         <size>0x68</size>
         <input_file_ref idref="fl-50"/>
      </object_component>
      <object_component id="oc-d46">
         <name>.text:__mspabi_fixdli</name>
         <load_address>0x1632c</load_address>
         <run_address>0x1632c</run_address>
         <size>0x66</size>
         <input_file_ref idref="fl-a4"/>
      </object_component>
      <object_component id="oc-778">
         <name>.text:copy_in</name>
         <load_address>0x16392</load_address>
         <run_address>0x16392</run_address>
         <size>0x66</size>
         <input_file_ref idref="fl-9b"/>
      </object_component>
      <object_component id="oc-9e1">
         <name>.text:f_readdir</name>
         <load_address>0x163f8</load_address>
         <run_address>0x163f8</run_address>
         <size>0x64</size>
         <input_file_ref idref="fl-8"/>
      </object_component>
      <object_component id="oc-998">
         <name>.text:SDCard_readFrame</name>
         <load_address>0x1645c</load_address>
         <run_address>0x1645c</run_address>
         <size>0x62</size>
         <input_file_ref idref="fl-a"/>
      </object_component>
      <object_component id="oc-be1">
         <name>.text:atoi</name>
         <load_address>0x164be</load_address>
         <run_address>0x164be</run_address>
         <size>0x62</size>
         <input_file_ref idref="fl-99"/>
      </object_component>
      <object_component id="oc-8f4">
         <name>.text:EUSCI_B_I2C_initMaster</name>
         <load_address>0x16520</load_address>
         <run_address>0x16520</run_address>
         <size>0x60</size>
         <input_file_ref idref="fl-15"/>
      </object_component>
      <object_component id="oc-7b7">
         <name>.text:configure_clocks</name>
         <load_address>0x16580</load_address>
         <run_address>0x16580</run_address>
         <size>0x5e</size>
         <input_file_ref idref="fl-6"/>
      </object_component>
      <object_component id="oc-b5d">
         <name>.text:dir_read</name>
         <load_address>0x165de</load_address>
         <run_address>0x165de</run_address>
         <size>0x5e</size>
         <input_file_ref idref="fl-8"/>
      </object_component>
      <object_component id="oc-ba5">
         <name>.text:dir_find</name>
         <load_address>0x1663c</load_address>
         <run_address>0x1663c</run_address>
         <size>0x5a</size>
         <input_file_ref idref="fl-8"/>
      </object_component>
      <object_component id="oc-a32">
         <name>.text</name>
         <load_address>0x16696</load_address>
         <run_address>0x16696</run_address>
         <size>0x58</size>
         <input_file_ref idref="fl-7e"/>
      </object_component>
      <object_component id="oc-c4a">
         <name>.text:xmit_datablock</name>
         <load_address>0x166ee</load_address>
         <run_address>0x166ee</run_address>
         <size>0x58</size>
         <input_file_ref idref="fl-9"/>
      </object_component>
      <object_component id="oc-ad0">
         <name>.text:EUSCI_B_SPI_initMaster</name>
         <load_address>0x16746</load_address>
         <run_address>0x16746</run_address>
         <size>0x56</size>
         <input_file_ref idref="fl-16"/>
      </object_component>
      <object_component id="oc-cc7">
         <name>.text:wait_ready</name>
         <load_address>0x1679c</load_address>
         <run_address>0x1679c</run_address>
         <size>0x54</size>
         <input_file_ref idref="fl-9"/>
      </object_component>
      <object_component id="oc-99e">
         <name>.text:SDCard_sendFrame</name>
         <load_address>0x167f0</load_address>
         <run_address>0x167f0</run_address>
         <size>0x4e</size>
         <input_file_ref idref="fl-a"/>
      </object_component>
      <object_component id="oc-d06">
         <name>.text:_fcpy</name>
         <load_address>0x1683e</load_address>
         <run_address>0x1683e</run_address>
         <size>0x4e</size>
         <input_file_ref idref="fl-9e"/>
      </object_component>
      <object_component id="oc-b0f">
         <name>.text:GPIO_setAsInputPinWithPullUpResistor</name>
         <load_address>0x1688c</load_address>
         <run_address>0x1688c</run_address>
         <size>0x4a</size>
         <input_file_ref idref="fl-19"/>
      </object_component>
      <object_component id="oc-992">
         <name>.text:SDCard_fastMode</name>
         <load_address>0x168d6</load_address>
         <run_address>0x168d6</run_address>
         <size>0x46</size>
         <input_file_ref idref="fl-a"/>
      </object_component>
      <object_component id="oc-7a5">
         <name>.text:Init_Clock</name>
         <load_address>0x1691c</load_address>
         <run_address>0x1691c</run_address>
         <size>0x44</size>
         <input_file_ref idref="fl-6"/>
      </object_component>
      <object_component id="oc-7ee">
         <name>.text:sprintf</name>
         <load_address>0x16960</load_address>
         <run_address>0x16960</run_address>
         <size>0x44</size>
         <input_file_ref idref="fl-9d"/>
      </object_component>
      <object_component id="oc-9d2">
         <name>.text:detectCard</name>
         <load_address>0x169a4</load_address>
         <run_address>0x169a4</run_address>
         <size>0x40</size>
         <input_file_ref idref="fl-9"/>
      </object_component>
      <object_component id="oc-a4f">
         <name>.text:f_putc</name>
         <load_address>0x169e4</load_address>
         <run_address>0x169e4</run_address>
         <size>0x40</size>
         <input_file_ref idref="fl-8"/>
      </object_component>
      <object_component id="oc-bc0">
         <name>.text</name>
         <load_address>0x16a24</load_address>
         <run_address>0x16a24</run_address>
         <size>0x40</size>
         <input_file_ref idref="fl-7c"/>
      </object_component>
      <object_component id="oc-a43">
         <name>.text:clust2sect</name>
         <load_address>0x16a64</load_address>
         <run_address>0x16a64</run_address>
         <size>0x3e</size>
         <input_file_ref idref="fl-8"/>
      </object_component>
      <object_component id="oc-928">
         <name>.text:l_asr_const</name>
         <load_address>0x16aa2</load_address>
         <run_address>0x16aa2</run_address>
         <size>0x3e</size>
         <input_file_ref idref="fl-8d"/>
      </object_component>
      <object_component id="oc-921">
         <name>.text:l_lsl_const</name>
         <load_address>0x16ae0</load_address>
         <run_address>0x16ae0</run_address>
         <size>0x3e</size>
         <input_file_ref idref="fl-8b"/>
      </object_component>
      <object_component id="oc-a49">
         <name>.text:l_lsr_const</name>
         <load_address>0x16b1e</load_address>
         <run_address>0x16b1e</run_address>
         <size>0x3e</size>
         <input_file_ref idref="fl-8e"/>
      </object_component>
      <object_component id="oc-8ab">
         <name>.text:SDCardLib_writeFile</name>
         <load_address>0x16b5c</load_address>
         <run_address>0x16b5c</run_address>
         <size>0x3c</size>
         <input_file_ref idref="fl-28"/>
      </object_component>
      <object_component id="oc-865">
         <name>.text:CS_turnOnLFXT</name>
         <load_address>0x16b98</load_address>
         <run_address>0x16b98</run_address>
         <size>0x3a</size>
         <input_file_ref idref="fl-10"/>
      </object_component>
      <object_component id="oc-d29">
         <name>.text:__mspabi_sllll</name>
         <load_address>0x16bd2</load_address>
         <run_address>0x16bd2</run_address>
         <size>0x3a</size>
         <input_file_ref idref="fl-a6"/>
      </object_component>
      <object_component id="oc-cde">
         <name>.text:__mspabi_srlll</name>
         <load_address>0x16c0c</load_address>
         <run_address>0x16c0c</run_address>
         <size>0x3a</size>
         <input_file_ref idref="fl-8f"/>
      </object_component>
      <object_component id="oc-76c">
         <name>.text:GPIO_setAsOutputPin</name>
         <load_address>0x16c46</load_address>
         <run_address>0x16c46</run_address>
         <size>0x34</size>
         <input_file_ref idref="fl-19"/>
      </object_component>
      <object_component id="oc-d3a">
         <name>.text:__mspabi_subd</name>
         <load_address>0x16c7a</load_address>
         <run_address>0x16c7a</run_address>
         <size>0x32</size>
         <input_file_ref idref="fl-a7"/>
      </object_component>
      <object_component id="oc-9c4">
         <name>.text:f_mount</name>
         <load_address>0x16cac</load_address>
         <run_address>0x16cac</run_address>
         <size>0x32</size>
         <input_file_ref idref="fl-8"/>
      </object_component>
      <object_component id="oc-aeb">
         <name>.text:EUSCI_B_SPI_changeMasterClock</name>
         <load_address>0x16cde</load_address>
         <run_address>0x16cde</run_address>
         <size>0x2e</size>
         <input_file_ref idref="fl-16"/>
      </object_component>
      <object_component id="oc-c8b">
         <name>.text:__mspabi_negd</name>
         <load_address>0x16d0c</load_address>
         <run_address>0x16d0c</run_address>
         <size>0x2e</size>
         <input_file_ref idref="fl-a5"/>
      </object_component>
      <object_component id="oc-d84">
         <name>.text:copysign</name>
         <load_address>0x16d3a</load_address>
         <run_address>0x16d3a</run_address>
         <size>0x2e</size>
         <input_file_ref idref="fl-aa"/>
      </object_component>
      <object_component id="oc-8c0">
         <name>.text:f_puts</name>
         <load_address>0x16d68</load_address>
         <run_address>0x16d68</run_address>
         <size>0x2c</size>
         <input_file_ref idref="fl-8"/>
      </object_component>
      <object_component id="oc-7bd">
         <name>.text:initI2C</name>
         <load_address>0x16d94</load_address>
         <run_address>0x16d94</run_address>
         <size>0x2c</size>
         <input_file_ref idref="fl-5"/>
      </object_component>
      <object_component id="oc-bcb">
         <name>.text</name>
         <load_address>0x16dc0</load_address>
         <run_address>0x16dc0</run_address>
         <size>0x2c</size>
         <input_file_ref idref="fl-7b"/>
      </object_component>
      <object_component id="oc-a2c">
         <name>.text:validate</name>
         <load_address>0x16dec</load_address>
         <run_address>0x16dec</run_address>
         <size>0x2c</size>
         <input_file_ref idref="fl-8"/>
      </object_component>
      <object_component id="oc-7c7">
         <name>.text:sensorTmp007Read</name>
         <load_address>0x16e18</load_address>
         <run_address>0x16e18</run_address>
         <size>0x2a</size>
         <input_file_ref idref="fl-7"/>
      </object_component>
      <object_component id="oc-71f">
         <name>.text:__mpu_init</name>
         <load_address>0x16e42</load_address>
         <run_address>0x16e42</run_address>
         <size>0x28</size>
         <input_file_ref idref="fl-94"/>
      </object_component>
      <object_component id="oc-d40">
         <name>.text:__mspabi_fixdi</name>
         <load_address>0x16e6a</load_address>
         <run_address>0x16e6a</run_address>
         <size>0x28</size>
         <input_file_ref idref="fl-a3"/>
      </object_component>
      <object_component id="oc-9b0">
         <name>.text:SDCard_detectCard</name>
         <load_address>0x16e92</load_address>
         <run_address>0x16e92</run_address>
         <size>0x24</size>
         <input_file_ref idref="fl-a"/>
      </object_component>
      <object_component id="oc-a75">
         <name>.text</name>
         <load_address>0x16eb6</load_address>
         <run_address>0x16eb6</run_address>
         <size>0x24</size>
         <input_file_ref idref="fl-86"/>
      </object_component>
      <object_component id="oc-87b">
         <name>.text:SDCardLib_detectCard</name>
         <load_address>0x16eda</load_address>
         <run_address>0x16eda</run_address>
         <size>0x22</size>
         <input_file_ref idref="fl-28"/>
      </object_component>
      <object_component id="oc-93b">
         <name>.text:_outs</name>
         <load_address>0x16efc</load_address>
         <run_address>0x16efc</run_address>
         <size>0x20</size>
         <input_file_ref idref="fl-9d"/>
      </object_component>
      <object_component id="oc-b49">
         <name>.text:disk_status</name>
         <load_address>0x16f1c</load_address>
         <run_address>0x16f1c</run_address>
         <size>0x20</size>
         <input_file_ref idref="fl-9"/>
      </object_component>
      <object_component id="oc-cb6">
         <name>.text:select</name>
         <load_address>0x16f3c</load_address>
         <run_address>0x16f3c</run_address>
         <size>0x20</size>
         <input_file_ref idref="fl-9"/>
      </object_component>
      <object_component id="oc-8dd">
         <name>.text:CS_getACLK</name>
         <load_address>0x16f5c</load_address>
         <run_address>0x16f5c</run_address>
         <size>0x1e</size>
         <input_file_ref idref="fl-10"/>
      </object_component>
      <object_component id="oc-b29">
         <name>.text:RTC_C_startClock</name>
         <load_address>0x16f7a</load_address>
         <run_address>0x16f7a</run_address>
         <size>0x1e</size>
         <input_file_ref idref="fl-21"/>
      </object_component>
      <object_component id="oc-bfb">
         <name>.text:memccpy</name>
         <load_address>0x16f98</load_address>
         <run_address>0x16f98</run_address>
         <size>0x1e</size>
         <input_file_ref idref="fl-ae"/>
      </object_component>
      <object_component id="oc-8a5">
         <name>.text:strcat</name>
         <load_address>0x16fb6</load_address>
         <run_address>0x16fb6</run_address>
         <size>0x1e</size>
         <input_file_ref idref="fl-b0"/>
      </object_component>
      <object_component id="oc-b15">
         <name>.text:GPIO_getInputPinValue</name>
         <load_address>0x16fd4</load_address>
         <run_address>0x16fd4</run_address>
         <size>0x1c</size>
         <input_file_ref idref="fl-19"/>
      </object_component>
      <object_component id="oc-766">
         <name>.text:GPIO_setOutputHighOnPin</name>
         <load_address>0x16ff0</load_address>
         <run_address>0x16ff0</run_address>
         <size>0x1c</size>
         <input_file_ref idref="fl-19"/>
      </object_component>
      <object_component id="oc-7b1">
         <name>.text:GPIO_setOutputLowOnPin</name>
         <load_address>0x1700c</load_address>
         <run_address>0x1700c</run_address>
         <size>0x1c</size>
         <input_file_ref idref="fl-19"/>
      </object_component>
      <object_component id="oc-706">
         <name>.text:_system_pre_init</name>
         <load_address>0x17028</load_address>
         <run_address>0x17028</run_address>
         <size>0x1c</size>
         <input_file_ref idref="fl-6"/>
      </object_component>
      <object_component id="oc-d66">
         <name>.text:strchr</name>
         <load_address>0x17044</load_address>
         <run_address>0x17044</run_address>
         <size>0x1c</size>
         <input_file_ref idref="fl-b1"/>
      </object_component>
      <object_component id="oc-8e4">
         <name>.text:CS_getSMCLK</name>
         <load_address>0x17060</load_address>
         <run_address>0x17060</run_address>
         <size>0x1a</size>
         <input_file_ref idref="fl-10"/>
      </object_component>
      <object_component id="oc-875">
         <name>.text:SDCardLib_init</name>
         <load_address>0x1707a</load_address>
         <run_address>0x1707a</run_address>
         <size>0x1a</size>
         <input_file_ref idref="fl-28"/>
      </object_component>
      <object_component id="oc-c36">
         <name>.text:deselect</name>
         <load_address>0x17094</load_address>
         <run_address>0x17094</run_address>
         <size>0x1a</size>
         <input_file_ref idref="fl-9"/>
      </object_component>
      <object_component id="oc-817">
         <name>.text</name>
         <load_address>0x170ae</load_address>
         <run_address>0x170ae</run_address>
         <size>0x18</size>
         <input_file_ref idref="fl-84"/>
      </object_component>
      <object_component id="oc-8ea">
         <name>.text:CS_getMCLK</name>
         <load_address>0x170c6</load_address>
         <run_address>0x170c6</run_address>
         <size>0x16</size>
         <input_file_ref idref="fl-10"/>
      </object_component>
      <object_component id="oc-9bc">
         <name>.text:SDCard_setRTCTime</name>
         <load_address>0x170dc</load_address>
         <run_address>0x170dc</run_address>
         <size>0x16</size>
         <input_file_ref idref="fl-a"/>
      </object_component>
      <object_component id="oc-760">
         <name>.text:WDT_A_hold</name>
         <load_address>0x170f2</load_address>
         <run_address>0x170f2</run_address>
         <size>0x16</size>
         <input_file_ref idref="fl-27"/>
      </object_component>
      <object_component id="oc-c56">
         <name>.text:chk_chr</name>
         <load_address>0x17108</load_address>
         <run_address>0x17108</run_address>
         <size>0x16</size>
         <input_file_ref idref="fl-8"/>
      </object_component>
      <object_component id="oc-8c6">
         <name>.text:f_close</name>
         <load_address>0x1711e</load_address>
         <run_address>0x1711e</run_address>
         <size>0x16</size>
         <input_file_ref idref="fl-8"/>
      </object_component>
      <object_component id="oc-be7">
         <name>.text:memset</name>
         <load_address>0x17134</load_address>
         <run_address>0x17134</run_address>
         <size>0x16</size>
         <input_file_ref idref="fl-af"/>
      </object_component>
      <object_component id="oc-9f5">
         <name>.text</name>
         <load_address>0x1714a</load_address>
         <run_address>0x1714a</run_address>
         <size>0x16</size>
         <input_file_ref idref="fl-7d"/>
      </object_component>
      <object_component id="oc-941">
         <name>.text:_outc</name>
         <load_address>0x17160</load_address>
         <run_address>0x17160</run_address>
         <size>0x14</size>
         <input_file_ref idref="fl-9d"/>
      </object_component>
      <object_component id="oc-c5d">
         <name>.text:mem_cmp</name>
         <load_address>0x17174</load_address>
         <run_address>0x17174</run_address>
         <size>0x14</size>
         <input_file_ref idref="fl-8"/>
      </object_component>
      <object_component id="oc-6d4">
         <name>.text:memcpy</name>
         <load_address>0x17188</load_address>
         <run_address>0x17188</run_address>
         <size>0x14</size>
         <input_file_ref idref="fl-9c"/>
      </object_component>
      <object_component id="oc-859">
         <name>.text:CS_setExternalClockSource</name>
         <load_address>0x1719c</load_address>
         <run_address>0x1719c</run_address>
         <size>0x12</size>
         <input_file_ref idref="fl-10"/>
      </object_component>
      <object_component id="oc-83">
         <name>.text:decompress:none:__TI_decompress_none</name>
         <load_address>0x171ae</load_address>
         <run_address>0x171ae</run_address>
         <size>0x12</size>
         <input_file_ref idref="fl-4f"/>
      </object_component>
      <object_component id="oc-b76">
         <name>.text:mem_cpy</name>
         <load_address>0x171c0</load_address>
         <run_address>0x171c0</run_address>
         <size>0x12</size>
         <input_file_ref idref="fl-8"/>
      </object_component>
      <object_component id="oc-b70">
         <name>.text:mem_set</name>
         <load_address>0x171d2</load_address>
         <run_address>0x171d2</run_address>
         <size>0x12</size>
         <input_file_ref idref="fl-8"/>
      </object_component>
      <object_component id="oc-899">
         <name>.text:strcpy</name>
         <load_address>0x171e4</load_address>
         <run_address>0x171e4</run_address>
         <size>0x12</size>
         <input_file_ref idref="fl-b2"/>
      </object_component>
      <object_component id="oc-c85">
         <name>.text:toupper</name>
         <load_address>0x171f6</load_address>
         <run_address>0x171f6</run_address>
         <size>0x12</size>
         <input_file_ref idref="fl-b7"/>
      </object_component>
      <object_component id="oc-a8c">
         <name>.text:l_asr</name>
         <load_address>0x17208</load_address>
         <run_address>0x17208</run_address>
         <size>0x10</size>
         <input_file_ref idref="fl-8d"/>
      </object_component>
      <object_component id="oc-a82">
         <name>.text:l_lsl</name>
         <load_address>0x17218</load_address>
         <run_address>0x17218</run_address>
         <size>0x10</size>
         <input_file_ref idref="fl-8b"/>
      </object_component>
      <object_component id="oc-a87">
         <name>.text:l_lsr</name>
         <load_address>0x17228</load_address>
         <run_address>0x17228</run_address>
         <size>0x10</size>
         <input_file_ref idref="fl-8e"/>
      </object_component>
      <object_component id="oc-adc">
         <name>.text:EUSCI_B_SPI_clearInterrupt</name>
         <load_address>0x17238</load_address>
         <run_address>0x17238</run_address>
         <size>0xe</size>
         <input_file_ref idref="fl-16"/>
      </object_component>
      <object_component id="oc-a9d">
         <name>.text:strlen</name>
         <load_address>0x17246</load_address>
         <run_address>0x17246</run_address>
         <size>0xe</size>
         <input_file_ref idref="fl-b3"/>
      </object_component>
      <object_component id="oc-af8">
         <name>.text:EUSCI_B_SPI_transmitData</name>
         <load_address>0x17254</load_address>
         <run_address>0x17254</run_address>
         <size>0xc</size>
         <input_file_ref idref="fl-16"/>
      </object_component>
      <object_component id="oc-7ce">
         <name>.text:__mspabi_fltid</name>
         <load_address>0x17260</load_address>
         <run_address>0x17260</run_address>
         <size>0xc</size>
         <input_file_ref idref="fl-7f"/>
      </object_component>
      <object_component id="oc-c30">
         <name>.text:rcvr_mmc</name>
         <load_address>0x1726c</load_address>
         <run_address>0x1726c</run_address>
         <size>0xc</size>
         <input_file_ref idref="fl-9"/>
      </object_component>
      <object_component id="oc-cbc">
         <name>.text:xmit_mmc</name>
         <load_address>0x17278</load_address>
         <run_address>0x17278</run_address>
         <size>0xc</size>
         <input_file_ref idref="fl-9"/>
      </object_component>
      <object_component id="oc-af2">
         <name>.text:EUSCI_B_SPI_getInterruptStatus</name>
         <load_address>0x17284</load_address>
         <run_address>0x17284</run_address>
         <size>0xa</size>
         <input_file_ref idref="fl-16"/>
      </object_component>
[...]
      <symbol id="sm-d60">
         <name>__TI_int40</name>
         <value>0xffe0</value>
         <object_component_ref idref="oc-a5"/>
      </symbol>
      <symbol id="sm-d63">
         <name>__TI_int41</name>
         <value>0xffe2</value>
         <object_component_ref idref="oc-a6"/>
      </symbol>
      <symbol id="sm-d66">
         <name>__TI_int42</name>
         <value>0xffe4</value>
         <object_component_ref idref="oc-a7"/>
      </symbol>
      <symbol id="sm-d69">
         <name>__TI_int43</name>
         <value>0xffe6</value>
         <object_component_ref idref="oc-a8"/>
      </symbol>
      <symbol id="sm-d6c">
         <name>__TI_int44</name>
         <value>0xffe8</value>
         <object_component_ref idref="oc-a9"/>
      </symbol>
      <symbol id="sm-d6f">
         <name>__TI_int46</name>
         <value>0xffec</value>
         <object_component_ref idref="oc-ab"/>
      </symbol>
      <symbol id="sm-d72">
         <name>__TI_int47</name>
         <value>0xffee</value>
         <object_component_ref idref="oc-ac"/>
      </symbol>
      <symbol id="sm-d75">
         <name>__TI_int48</name>
         <value>0xfff0</value>
         <object_component_ref idref="oc-ad"/>
      </symbol>
      <symbol id="sm-d78">
         <name>__TI_int49</name>
         <value>0xfff2</value>
         <object_component_ref idref="oc-ae"/>
      </symbol>
      <symbol id="sm-d7b">
         <name>__TI_int50</name>
         <value>0xfff4</value>
         <object_component_ref idref="oc-af"/>
      </symbol>
      <symbol id="sm-d7e">
         <name>__TI_int51</name>
         <value>0xfff6</value>
         <object_component_ref idref="oc-b0"/>
      </symbol>
      <symbol id="sm-d81">
         <name>__TI_int52</name>
         <value>0xfff8</value>
         <object_component_ref idref="oc-b1"/>
      </symbol>
      <symbol id="sm-d84">
         <name>__TI_int53</name>
         <value>0xfffa</value>
         <object_component_ref idref="oc-b2"/>
      </symbol>
      <symbol id="sm-d87">
         <name>__TI_int54</name>
         <value>0xfffc</value>
         <object_component_ref idref="oc-b3"/>
      </symbol>
      <symbol id="sm-daf">
         <name>__mspabi_addd</name>
         <value>0x10f8a</value>
         <object_component_ref idref="oc-7e7"/>
      </symbol>
      <symbol id="sm-dd0">
         <name>__TI_frcaddd</name>
         <value>0x119e6</value>
         <object_component_ref idref="oc-933"/>
      </symbol>
      <symbol id="sm-de4">
         <name>__TI_renormd</name>
         <value>0x15296</value>
         <object_component_ref idref="oc-a91"/>
      </symbol>
      <symbol id="sm-dfc">
         <name>__mspabi_cvtdf</name>
         <value>0x15c06</value>
         <object_component_ref idref="oc-7da"/>
      </symbol>
      <symbol id="sm-e0a">
         <name>__mspabi_cvtfd</name>
         <value>0x161ec</value>
         <object_component_ref idref="oc-7e1"/>
      </symbol>
      <symbol id="sm-e16">
         <name>__mspabi_remi</name>
         <value>0x16dc0</value>
         <object_component_ref idref="oc-bcb"/>
      </symbol>
      <symbol id="sm-e17">
         <name>__mspabi_divi</name>
         <value>0x16dc0</value>
         <object_component_ref idref="oc-bcb"/>
      </symbol>
      <symbol id="sm-e23">
         <name>__mspabi_remli</name>
         <value>0x16a24</value>
         <object_component_ref idref="oc-bc0"/>
      </symbol>
      <symbol id="sm-e24">
         <name>__mspabi_divli</name>
         <value>0x16a24</value>
         <object_component_ref idref="oc-bc0"/>
      </symbol>
      <symbol id="sm-e2e">
         <name>__mspabi_remu</name>
         <value>0x1714a</value>
         <object_component_ref idref="oc-9f5"/>
      </symbol>
      <symbol id="sm-e2f">
         <name>__mspabi_divu</name>
         <value>0x1714a</value>
         <object_component_ref idref="oc-9f5"/>
      </symbol>
      <symbol id="sm-e3d">
         <name>__mspabi_remul</name>
         <value>0x16696</value>
         <object_component_ref idref="oc-a32"/>
      </symbol>
      <symbol id="sm-e3e">
         <name>__mspabi_divul</name>
         <value>0x16696</value>
         <object_component_ref idref="oc-a32"/>
      </symbol>
      <symbol id="sm-e47">
         <name>__mspabi_fltid</name>
         <value>0x17260</value>
         <object_component_ref idref="oc-7ce"/>
      </symbol>
      <symbol id="sm-e5f">
         <name>__mspabi_fltlid</name>
         <value>0x157ec</value>
         <object_component_ref idref="oc-90d"/>
      </symbol>
      <symbol id="sm-e7f">
         <name>__mspabi_mpyd</name>
         <value>0x11502</value>
         <object_component_ref idref="oc-7d4"/>
      </symbol>
      <symbol id="sm-e90">
         <name>__TI_frcmpyd</name>
         <value>0x10ca6</value>
         <object_component_ref idref="oc-914"/>
      </symbol>
      <symbol id="sm-e99">
         <name>__mspabi_mpyi_f5hw</name>
         <value>0x170ae</value>
         <object_component_ref idref="oc-817"/>
      </symbol>
      <symbol id="sm-ea2">
         <name>__mspabi_mpyl_f5hw</name>
         <value>0x16eb6</value>
         <object_component_ref idref="oc-a75"/>
      </symbol>
      <symbol id="sm-eb6">
         <name>__mspabi_slll_9</name>
         <value>0x16af8</value>
         <object_component_ref idref="oc-921"/>
      </symbol>
      <symbol id="sm-eb7">
         <name>__mspabi_slll_8</name>
         <value>0x16afc</value>
         <object_component_ref idref="oc-921"/>
      </symbol>
      <symbol id="sm-eb8">
         <name>__mspabi_slll_7</name>
         <value>0x16b00</value>
         <object_component_ref idref="oc-921"/>
      </symbol>
      <symbol id="sm-eb9">
         <name>__mspabi_slll_6</name>
         <value>0x16b04</value>
         <object_component_ref idref="oc-921"/>
      </symbol>
      <symbol id="sm-eba">
         <name>__mspabi_slll_5</name>
         <value>0x16b08</value>
         <object_component_ref idref="oc-921"/>
      </symbol>
      <symbol id="sm-ebb">
         <name>__mspabi_slll_4</name>
         <value>0x16b0c</value>
         <object_component_ref idref="oc-921"/>
      </symbol>
      <symbol id="sm-ebc">
         <name>__mspabi_slll_3</name>
         <value>0x16b10</value>
         <object_component_ref idref="oc-921"/>
      </symbol>
      <symbol id="sm-ebd">
         <name>__mspabi_slll_2</name>
         <value>0x16b14</value>
         <object_component_ref idref="oc-921"/>
      </symbol>
      <symbol id="sm-ebe">
         <name>__mspabi_slll_1</name>
         <value>0x16b18</value>
         <object_component_ref idref="oc-921"/>
      </symbol>
      <symbol id="sm-ebf">
         <name>__mspabi_slll</name>
         <value>0x17218</value>
         <object_component_ref idref="oc-a82"/>
      </symbol>
      <symbol id="sm-ec0">
         <name>__mspabi_slll_15</name>
         <value>0x16ae0</value>
         <object_component_ref idref="oc-921"/>
      </symbol>
      <symbol id="sm-ec1">
         <name>__mspabi_slll_14</name>
         <value>0x16ae4</value>
         <object_component_ref idref="oc-921"/>
      </symbol>
      <symbol id="sm-ec2">
         <name>__mspabi_slll_13</name>
         <value>0x16ae8</value>
         <object_component_ref idref="oc-921"/>
      </symbol>
      <symbol id="sm-ec3">
         <name>__mspabi_slll_12</name>
         <value>0x16aec</value>
         <object_component_ref idref="oc-921"/>
      </symbol>
      <symbol id="sm-ec4">
         <name>__mspabi_slll_11</name>
         <value>0x16af0</value>
         <object_component_ref idref="oc-921"/>
      </symbol>
      <symbol id="sm-ec5">
         <name>__mspabi_slll_10</name>
         <value>0x16af4</value>
         <object_component_ref idref="oc-921"/>
      </symbol>
      <symbol id="sm-ed6">
         <name>__mspabi_sral</name>
         <value>0x17208</value>
         <object_component_ref idref="oc-a8c"/>
      </symbol>
      <symbol id="sm-ed7">
         <name>__mspabi_sral_15</name>
         <value>0x16aa2</value>
         <object_component_ref idref="oc-928"/>
      </symbol>
      <symbol id="sm-ed8">
         <name>__mspabi_sral_14</name>
         <value>0x16aa6</value>
         <object_component_ref idref="oc-928"/>
      </symbol>
      <symbol id="sm-ed9">
         <name>__mspabi_sral_13</name>
         <value>0x16aaa</value>
         <object_component_ref idref="oc-928"/>
      </symbol>
      <symbol id="sm-eda">
         <name>__mspabi_sral_12</name>
         <value>0x16aae</value>
         <object_component_ref idref="oc-928"/>
      </symbol>
      <symbol id="sm-edb">
         <name>__mspabi_sral_11</name>
         <value>0x16ab2</value>
         <object_component_ref idref="oc-928"/>
      </symbol>
      <symbol id="sm-edc">
         <name>__mspabi_sral_10</name>
         <value>0x16ab6</value>
         <object_component_ref idref="oc-928"/>
      </symbol>
      <symbol id="sm-edd">
         <name>__mspabi_sral_8</name>
         <value>0x16abe</value>
         <object_component_ref idref="oc-928"/>
      </symbol>
      <symbol id="sm-ede">
         <name>__mspabi_sral_9</name>
         <value>0x16aba</value>
         <object_component_ref idref="oc-928"/>
      </symbol>
      <symbol id="sm-edf">
         <name>__mspabi_sral_6</name>
         <value>0x16ac6</value>
         <object_component_ref idref="oc-928"/>
      </symbol>
      <symbol id="sm-ee0">
         <name>__mspabi_sral_7</name>
         <value>0x16ac2</value>
         <object_component_ref idref="oc-928"/>
      </symbol>
      <symbol id="sm-ee1">
         <name>__mspabi_sral_4</name>
         <value>0x16ace</value>
         <object_component_ref idref="oc-928"/>
      </symbol>
      <symbol id="sm-ee2">
         <name>__mspabi_sral_5</name>
         <value>0x16aca</value>
         <object_component_ref idref="oc-928"/>
      </symbol>
      <symbol id="sm-ee3">
         <name>__mspabi_sral_2</name>
         <value>0x16ad6</value>
         <object_component_ref idref="oc-928"/>
      </symbol>
      <symbol id="sm-ee4">
         <name>__mspabi_sral_3</name>
         <value>0x16ad2</value>
         <object_component_ref idref="oc-928"/>
      </symbol>
      <symbol id="sm-ee5">
         <name>__mspabi_sral_1</name>
         <value>0x16ada</value>
         <object_component_ref idref="oc-928"/>
      </symbol>
      <symbol id="sm-ef5">
         <name>__mspabi_srll_8</name>
         <value>0x16b3a</value>
         <object_component_ref idref="oc-a49"/>
      </symbol>
      <symbol id="sm-ef6">
         <name>__mspabi_srll_9</name>
         <value>0x16b36</value>
         <object_component_ref idref="oc-a49"/>
      </symbol>
      <symbol id="sm-ef7">
         <name>__mspabi_srll_6</name>
         <value>0x16b42</value>
         <object_component_ref idref="oc-a49"/>
      </symbol>
      <symbol id="sm-ef8">
         <name>__mspabi_srll_7</name>
         <value>0x16b3e</value>
         <object_component_ref idref="oc-a49"/>
      </symbol>
      <symbol id="sm-ef9">
         <name>__mspabi_srll_4</name>
         <value>0x16b4a</value>
         <object_component_ref idref="oc-a49"/>
      </symbol>
      <symbol id="sm-efa">
         <name>__mspabi_srll_5</name>
         <value>0x16b46</value>
         <object_component_ref idref="oc-a49"/>
      </symbol>
      <symbol id="sm-efb">
         <name>__mspabi_srll_2</name>
         <value>0x16b52</value>
         <object_component_ref idref="oc-a49"/>
      </symbol>
      <symbol id="sm-efc">
         <name>__mspabi_srll_3</name>
         <value>0x16b4e</value>
         <object_component_ref idref="oc-a49"/>
      </symbol>
      <symbol id="sm-efd">
         <name>__mspabi_srll_1</name>
         <value>0x16b56</value>
         <object_component_ref idref="oc-a49"/>
      </symbol>
      <symbol id="sm-efe">
         <name>__mspabi_srll_15</name>
         <value>0x16b1e</value>
         <object_component_ref idref="oc-a49"/>
      </symbol>
      <symbol id="sm-eff">
         <name>__mspabi_srll_14</name>
         <value>0x16b22</value>
         <object_component_ref idref="oc-a49"/>
      </symbol>
      <symbol id="sm-f00">
         <name>__mspabi_srll_13</name>
         <value>0x16b26</value>
         <object_component_ref idref="oc-a49"/>
      </symbol>
      <symbol id="sm-f01">
         <name>__mspabi_srll_12</name>
         <value>0x16b2a</value>
         <object_component_ref idref="oc-a49"/>
      </symbol>
      <symbol id="sm-f02">
         <name>__mspabi_srll_11</name>
         <value>0x16b2e</value>
         <object_component_ref idref="oc-a49"/>
      </symbol>
      <symbol id="sm-f03">
         <name>__mspabi_srll_10</name>
         <value>0x16b32</value>
         <object_component_ref idref="oc-a49"/>
      </symbol>
      <symbol id="sm-f04">
         <name>__mspabi_srll</name>
         <value>0x17228</value>
         <object_component_ref idref="oc-a87"/>
      </symbol>
      <symbol id="sm-f11">
         <name>__mspabi_srlll</name>
         <value>0x16c0c</value>
         <object_component_ref idref="oc-cde"/>
      </symbol>
      <symbol id="sm-f19">
         <name>_stack</name>
         <value>0x2b60</value>
         <object_component_ref idref="oc-6d0"/>
      </symbol>
      <symbol id="sm-f1a">
         <name>_reset_vector</name>
         <value>0xfffe</value>
         <object_component_ref idref="oc-6d3"/>
      </symbol>
      <symbol id="sm-f3d">
         <name>_auto_init_hold_wdt</name>
         <value>0x15eac</value>
         <object_component_ref idref="oc-70c"/>
      </symbol>
      <symbol id="sm-f47">
         <name>_c_int00_noargs_noexit_mpu</name>
         <value>0x4492</value>
         <object_component_ref idref="oc-d8"/>
      </symbol>
      <symbol id="sm-f50">
         <name>__mpu_init</name>
         <value>0x16e42</value>
         <object_component_ref idref="oc-71f"/>
      </symbol>
      <symbol id="sm-f59">
         <name>_system_post_cinit</name>
         <value>0x17306</value>
         <object_component_ref idref="oc-77e"/>
      </symbol>
      <symbol id="sm-f63">
         <name>C$$EXIT</name>
         <value>0x172f4</value>
         <object_component_ref idref="oc-72e"/>
      </symbol>
      <symbol id="sm-f64">
         <name>abort</name>
         <value>0x172f4</value>
         <object_component_ref idref="oc-72e"/>
      </symbol>
      <symbol id="sm-f79">
         <name>atoi</name>
         <value>0x164be</value>
         <object_component_ref idref="oc-be1"/>
      </symbol>
      <symbol id="sm-f83">
         <name>_ctypes_</name>
         <value>0x44c0</value>
         <object_component_ref idref="oc-c6c"/>
      </symbol>
      <symbol id="sm-f99">
         <name>copy_in</name>
         <value>0x16392</value>
         <object_component_ref idref="oc-778"/>
      </symbol>
      <symbol id="sm-fa7">
         <name>memcpy</name>
         <value>0x17188</value>
         <object_component_ref idref="oc-6d4"/>
      </symbol>
      <symbol id="sm-fc8">
         <name>sprintf</name>
         <value>0x16960</value>
         <object_component_ref idref="oc-7ee"/>
      </symbol>
      <symbol id="sm-1171">
         <name>__TI_printfi</name>
         <value>0x120d0</value>
         <object_component_ref idref="oc-947"/>
      </symbol>
      <symbol id="sm-118b">
         <name>__mspabi_cmpd</name>
         <value>0x14ece</value>
         <object_component_ref idref="oc-ca9"/>
      </symbol>
      <symbol id="sm-11ac">
         <name>__mspabi_divd</name>
         <value>0x1276c</value>
         <object_component_ref idref="oc-d0d"/>
      </symbol>
      <symbol id="sm-11c7">
         <name>__TI_frcdivd</name>
         <value>0x104ae</value>
         <object_component_ref idref="oc-d51"/>
      </symbol>
      <symbol id="sm-11fa">
         <name>__mspabi_divull</name>
         <value>0x10934</value>
         <object_component_ref idref="oc-cd8"/>
      </symbol>
      <symbol id="sm-1207">
         <name>__mspabi_fixdi</name>
         <value>0x16e6a</value>
         <object_component_ref idref="oc-d40"/>
      </symbol>
      <symbol id="sm-1216">
         <name>__mspabi_fixdli</name>
         <value>0x1632c</value>
         <object_component_ref idref="oc-d46"/>
      </symbol>
      <symbol id="sm-121f">
         <name>__mspabi_negd</name>
         <value>0x16d0c</value>
         <object_component_ref idref="oc-c8b"/>
      </symbol>
      <symbol id="sm-122c">
         <name>__mspabi_sllll</name>
         <value>0x16bd2</value>
         <object_component_ref idref="oc-d29"/>
      </symbol>
      <symbol id="sm-1235">
         <name>__mspabi_subd</name>
         <value>0x16c7a</value>
         <object_component_ref idref="oc-d3a"/>
      </symbol>
      <symbol id="sm-124c">
         <name>frexpl</name>
         <value>0x15348</value>
         <object_component_ref idref="oc-d14"/>
      </symbol>
      <symbol id="sm-124d">
         <name>frexp</name>
         <value>0x15348</value>
         <object_component_ref idref="oc-d14"/>
      </symbol>
      <symbol id="sm-1267">
         <name>scalbn</name>
         <value>0x1353c</value>
         <object_component_ref idref="oc-d60"/>
      </symbol>
      <symbol id="sm-1268">
         <name>scalbnl</name>
         <value>0x1353c</value>
         <object_component_ref idref="oc-d60"/>
      </symbol>
      <symbol id="sm-1269">
         <name>ldexpl</name>
         <value>0x1353c</value>
         <object_component_ref idref="oc-d60"/>
      </symbol>
      <symbol id="sm-126a">
         <name>ldexp</name>
         <value>0x1353c</value>
         <object_component_ref idref="oc-d60"/>
      </symbol>
      <symbol id="sm-1273">
         <name>copysign</name>
         <value>0x16d3a</value>
         <object_component_ref idref="oc-d84"/>
      </symbol>
      <symbol id="sm-1274">
         <name>copysignl</name>
         <value>0x16d3a</value>
         <object_component_ref idref="oc-d84"/>
      </symbol>
      <symbol id="sm-127b">
         <name>errno</name>
         <value>0x1fb4</value>
         <object_component_ref idref="oc-d81"/>
      </symbol>
      <symbol id="sm-128a">
         <name>ltoa</name>
         <value>0x15f2e</value>
         <object_component_ref idref="oc-d34"/>
      </symbol>
      <symbol id="sm-1294">
         <name>abs</name>
         <value>0x172ca</value>
         <object_component_ref idref="oc-d70"/>
      </symbol>
      <symbol id="sm-12a3">
         <name>memccpy</name>
         <value>0x16f98</value>
         <object_component_ref idref="oc-bfb"/>
      </symbol>
      <symbol id="sm-12b1">
         <name>memset</name>
         <value>0x17134</value>
         <object_component_ref idref="oc-be7"/>
      </symbol>
      <symbol id="sm-12c0">
         <name>strcat</name>
         <value>0x16fb6</value>
         <object_component_ref idref="oc-8a5"/>
      </symbol>
      <symbol id="sm-12cf">
         <name>strchr</name>
         <value>0x17044</value>
         <object_component_ref idref="oc-d66"/>
      </symbol>
      <symbol id="sm-12dc">
         <name>strcpy</name>
         <value>0x171e4</value>
         <object_component_ref idref="oc-899"/>
      </symbol>
      <symbol id="sm-12e9">
         <name>strlen</name>
         <value>0x17246</value>
         <object_component_ref idref="oc-a9d"/>
      </symbol>
      <symbol id="sm-12f9">
         <name>toupper</name>
         <value>0x171f6</value>
         <object_component_ref idref="oc-c85"/>
      </symbol>
      <symbol id="sm-12fe">
         <name>__TI_BINIT_Base</name>
         <value>0x0</value>
      </symbol>
      <symbol id="sm-12ff">
         <name>__TI_BINIT_Limit</name>
         <value>0x0</value>
      </symbol>
      <symbol id="sm-1300">
         <name>__TI_INITARRAY_Base</name>
         <value>0x0</value>
      </symbol>
      <symbol id="sm-1301">
         <name>__TI_INITARRAY_Limit</name>
         <value>0x0</value>
      </symbol>
   </symbol_table>
   <title>Link successful</title>
</link_info>
